Component: ARM Compiler 5.06 update 6 (build 750) Tool: armlink [4d35ed]

==============================================================================

Section Cross References

    startup_stm32f103xb.o(RESET) refers to startup_stm32f103xb.o(STACK) for __initial_sp
    startup_stm32f103xb.o(RESET) refers to startup_stm32f103xb.o(.text) for Reset_Handler
    startup_stm32f103xb.o(RESET) refers to stm32f1xx_it.o(i.NMI_Handler) for NMI_Handler
    startup_stm32f103xb.o(RESET) refers to stm32f1xx_it.o(i.HardFault_Handler) for HardFault_Handler
    startup_stm32f103xb.o(RESET) refers to stm32f1xx_it.o(i.MemManage_Handler) for MemManage_Handler
    startup_stm32f103xb.o(RESET) refers to stm32f1xx_it.o(i.BusFault_Handler) for BusFault_Handler
    startup_stm32f103xb.o(RESET) refers to stm32f1xx_it.o(i.UsageFault_Handler) for UsageFault_Handler
    startup_stm32f103xb.o(RESET) refers to port.o(.emb_text) for SVC_Handler
    startup_stm32f103xb.o(RESET) refers to stm32f1xx_it.o(i.DebugMon_Handler) for DebugMon_Handler
    startup_stm32f103xb.o(RESET) refers to port.o(i.SysTick_Handler) for SysTick_Handler
    startup_stm32f103xb.o(RESET) refers to stm32f1xx_it.o(i.DMA1_Channel1_IRQHandler) for DMA1_Channel1_IRQHandler
    startup_stm32f103xb.o(RESET) refers to stm32f1xx_it.o(i.TIM1_UP_IRQHandler) for TIM1_UP_IRQHandler
    startup_stm32f103xb.o(RESET) refers to stm32f1xx_it.o(i.EXTI15_10_IRQHandler) for EXTI15_10_IRQHandler
    startup_stm32f103xb.o(.text) refers to system_stm32f1xx.o(i.SystemInit) for SystemInit
    startup_stm32f103xb.o(.text) refers to entry.o(.ARM.Collect$$$$00000000) for __main
    charger.o(i.Cell_Handle) refers to cfcmple.o(.text) for __aeabi_cfcmple
    charger.o(i.Cell_Handle) refers to charger.o(i.Get_Voltage_MicroCompensate) for Get_Voltage_MicroCompensate
    charger.o(i.Cell_Handle) refers to charger.o(i.Set_Voltage) for Set_Voltage
    charger.o(i.ChargingStage_Monitor) refers to cfcmple.o(.text) for __aeabi_cfcmple
    charger.o(i.ChargingStage_Monitor) refers to charger.o(i.Close_StartSignal) for Close_StartSignal
    charger.o(i.ChargingStage_Monitor) refers to f2d.o(.text) for __aeabi_f2d
    charger.o(i.ChargingStage_Monitor) refers to shell.o(i.shellPrint) for shellPrint
    charger.o(i.ChargingStage_Monitor) refers to charger.o(.data) for .data
    charger.o(i.ChargingStage_Monitor) refers to charger.o(.bss) for .bss
    charger.o(i.ChargingStage_Monitor) refers to shell_port.o(.bss) for shell
    charger.o(i.Charging_Poll) refers to charger.o(i.Check_Connect) for Check_Connect
    charger.o(i.Charging_Poll) refers to charger.o(i.Get_BackCharging_Parameters) for Get_BackCharging_Parameters
    charger.o(i.Charging_Poll) refers to charger.o(i.Open_StartSignal) for Open_StartSignal
    charger.o(i.Charging_Poll) refers to charger.o(i.Close_StartSignal) for Close_StartSignal
    charger.o(i.Charging_Poll) refers to charger.o(i.Cell_Handle) for Cell_Handle
    charger.o(i.Charging_Poll) refers to charger.o(i.ChargingStage_Monitor) for ChargingStage_Monitor
    charger.o(i.Charging_Sampling) refers to charger.o(i.Get_Vbus_Vbat) for Get_Vbus_Vbat
    charger.o(i.Charging_Sampling) refers to charger.o(i.kalmanFilter) for kalmanFilter
    charger.o(i.Charging_Sampling) refers to charger.o(i.Get_Ibat) for Get_Ibat
    charger.o(i.Check_Connect) refers to fadd.o(.text) for __aeabi_fadd
    charger.o(i.Check_Connect) refers to charger.o(i.Set_Check) for Set_Check
    charger.o(i.Check_Connect) refers to shell.o(i.shellPrint) for shellPrint
    charger.o(i.Check_Connect) refers to charger.o(i.Set_Voltage) for Set_Voltage
    charger.o(i.Check_Connect) refers to charger.o(.data) for .data
    charger.o(i.Check_Connect) refers to charger.o(.bss) for .bss
    charger.o(i.Check_Connect) refers to shell_port.o(.bss) for shell
    charger.o(i.Close_StartSignal) refers to stm32f1xx_hal_gpio.o(i.HAL_GPIO_WritePin) for HAL_GPIO_WritePin
    charger.o(i.Close_StartSignal) refers to charger.o(i.Set_Voltage) for Set_Voltage
    charger.o(i.Get_BackCharging_Parameters) refers to ffltui.o(.text) for __aeabi_ui2f
    charger.o(i.Get_BackCharging_Parameters) refers to fdiv.o(.text) for __aeabi_fdiv
    charger.o(i.Get_BackCharging_Parameters) refers to cfrcmple.o(.text) for __aeabi_cfrcmple
    charger.o(i.Get_BackCharging_Parameters) refers to cfcmple.o(.text) for __aeabi_cfcmple
    charger.o(i.Get_BackCharging_Parameters) refers to fmul.o(.text) for __aeabi_fmul
    charger.o(i.Get_BackCharging_Parameters) refers to charger.o(.constdata) for .constdata
    charger.o(i.Get_Ibat) refers to adc.o(i.Get_AdcValue) for Get_AdcValue
    charger.o(i.Get_Ibat) refers to ffltui.o(.text) for __aeabi_ui2f
    charger.o(i.Get_Ibat) refers to fmul.o(.text) for __aeabi_fmul
    charger.o(i.Get_Ibat) refers to fadd.o(.text) for __aeabi_fadd
    charger.o(i.Get_Ibat) refers to clibration.o(.bss) for Adc
    charger.o(i.Get_Vbus_Vbat) refers to adc.o(i.Get_AdcValue) for Get_AdcValue
[...]
    __aeabi_llsl                             0x08000989   Thumb Code    30  llshl.o(.text)
    _ll_shift_l                              0x08000989   Thumb Code     0  llshl.o(.text)
    __aeabi_lasr                             0x080009a7   Thumb Code    36  llsshr.o(.text)
    _ll_sshift_r                             0x080009a7   Thumb Code     0  llsshr.o(.text)
    _double_round                            0x080009cb   Thumb Code    30  depilogue.o(.text)
    _double_epilogue                         0x080009e9   Thumb Code   156  depilogue.o(.text)
    __decompress                             0x08000a85   Thumb Code     0  __dczerorl2.o(.text)
    __decompress1                            0x08000a85   Thumb Code    86  __dczerorl2.o(.text)
    ADC_ConversionStop_Disable               0x08000add   Thumb Code    86  stm32f1xx_hal_adc.o(i.ADC_ConversionStop_Disable)
    ADC_DMAConvCplt                          0x08000b33   Thumb Code    78  stm32f1xx_hal_adc.o(i.ADC_DMAConvCplt)
    ADC_DMAError                             0x08000b81   Thumb Code    26  stm32f1xx_hal_adc.o(i.ADC_DMAError)
    ADC_DMAHalfConvCplt                      0x08000b9b   Thumb Code    10  stm32f1xx_hal_adc.o(i.ADC_DMAHalfConvCplt)
    ADC_Enable                               0x08000ba5   Thumb Code   114  stm32f1xx_hal_adc.o(i.ADC_Enable)
    Adc_Clibration                           0x08000c21   Thumb Code   574  clibration.o(i.Adc_Clibration)
    BusFault_Handler                         0x08000ee5   Thumb Code     2  stm32f1xx_it.o(i.BusFault_Handler)
    Cell_Handle                              0x08000ee7   Thumb Code    96  charger.o(i.Cell_Handle)
    ChargingHandle_Task                      0x08000f49   Thumb Code    40  freertos.o(i.ChargingHandle_Task)
    Charging_Poll                            0x08001061   Thumb Code   116  charger.o(i.Charging_Poll)
    Charging_Sampling                        0x080010d5   Thumb Code    68  charger.o(i.Charging_Sampling)
    Check_ADC                                0x08001119   Thumb Code   412  clibration.o(i.Check_ADC)
    Close_StartSignal                        0x08001501   Thumb Code    46  charger.o(i.Close_StartSignal)
    DMA1_Channel1_IRQHandler                 0x08001535   Thumb Code     6  stm32f1xx_it.o(i.DMA1_Channel1_IRQHandler)
    Dac_Clibration                           0x0800156d   Thumb Code   334  clibration.o(i.Dac_Clibration)
    DebugMon_Handler                         0x0800171d   Thumb Code     2  stm32f1xx_it.o(i.DebugMon_Handler)
    Debug_Task                               0x08001721   Thumb Code     8  freertos.o(i.Debug_Task)
    Dwin_SendWithCRC                         0x0800172d   Thumb Code    76  dwin.o(i.Dwin_SendWithCRC)
    Dwin_Write                               0x0800177d   Thumb Code    86  dwin.o(i.Dwin_Write)
    EXTI15_10_IRQHandler                     0x080017d9   Thumb Code    30  stm32f1xx_it.o(i.EXTI15_10_IRQHandler)
    Endian_Swap                              0x080017f7   Thumb Code    40  dwin.o(i.Endian_Swap)
    Error_Handler                            0x0800181f   Thumb Code     4  main.o(i.Error_Handler)
    FLASH_Init                               0x08001825   Thumb Code    20  flash.o(i.FLASH_Init)
    FLASH_PageErase                          0x08001861   Thumb Code    28  stm32f1xx_hal_flash_ex.o(i.FLASH_PageErase)
    FLASH_Read                               0x080018a1   Thumb Code    40  flash.o(i.FLASH_Read)
    FLASH_WaitForLastOperation               0x08001925   Thumb Code    80  stm32f1xx_hal_flash.o(i.FLASH_WaitForLastOperation)
    FLASH_Write                              0x08001979   Thumb Code   116  flash.o(i.FLASH_Write)
    Get_AdcValue                             0x080019f1   Thumb Code    34  adc.o(i.Get_AdcValue)
    Get_Crc16                                0x08001ae1   Thumb Code    54  dwin.o(i.Get_Crc16)
    Get_Ibat                                 0x08001b19   Thumb Code    50  charger.o(i.Get_Ibat)
    Get_Vbus_Vbat                            0x08001b51   Thumb Code    56  charger.o(i.Get_Vbus_Vbat)
    Get_Voltage_MicroCompensate              0x08001b8d   Thumb Code    94  charger.o(i.Get_Voltage_MicroCompensate)
    HAL_ADC_ConfigChannel                    0x08001bf5   Thumb Code   240  stm32f1xx_hal_adc.o(i.HAL_ADC_ConfigChannel)
    HAL_ADC_ConvCpltCallback                 0x08001cf1   Thumb Code     2  stm32f1xx_hal_adc.o(i.HAL_ADC_ConvCpltCallback)
    HAL_ADC_ConvHalfCpltCallback             0x08001cf3   Thumb Code     2  stm32f1xx_hal_adc.o(i.HAL_ADC_ConvHalfCpltCallback)
    HAL_ADC_ErrorCallback                    0x08001cf5   Thumb Code     2  stm32f1xx_hal_adc.o(i.HAL_ADC_ErrorCallback)
    HAL_ADC_Init                             0x08001cf9   Thumb Code   272  stm32f1xx_hal_adc.o(i.HAL_ADC_Init)
    HAL_ADC_MspInit                          0x08001e15   Thumb Code   156  adc.o(i.HAL_ADC_MspInit)
    HAL_ADC_Start_DMA                        0x08001ec9   Thumb Code   246  stm32f1xx_hal_adc.o(i.HAL_ADC_Start_DMA)
    HAL_DMA_IRQHandler                       0x08001fd5   Thumb Code   316  stm32f1xx_hal_dma.o(i.HAL_DMA_IRQHandler)
    HAL_DMA_Init                             0x08002129   Thumb Code    84  stm32f1xx_hal_dma.o(i.HAL_DMA_Init)
    HAL_DMA_Start_IT                         0x08002185   Thumb Code   112  stm32f1xx_hal_dma.o(i.HAL_DMA_Start_IT)
    HAL_Delay                                0x080021f5   Thumb Code    32  stm32f1xx_hal.o(i.HAL_Delay)
    HAL_FLASHEx_Erase                        0x08002219   Thumb Code   160  stm32f1xx_hal_flash_ex.o(i.HAL_FLASHEx_Erase)
    HAL_FLASH_Lock                           0x080022c1   Thumb Code    14  stm32f1xx_hal_flash.o(i.HAL_FLASH_Lock)
    HAL_FLASH_Program                        0x080022d5   Thumb Code   120  stm32f1xx_hal_flash.o(i.HAL_FLASH_Program)
    HAL_FLASH_Unlock                         0x08002355   Thumb Code    28  stm32f1xx_hal_flash.o(i.HAL_FLASH_Unlock)
    HAL_GPIO_EXTI_Callback                   0x0800237d   Thumb Code    44  gpio.o(i.HAL_GPIO_EXTI_Callback)
    HAL_GPIO_EXTI_IRQHandler                 0x080023ad   Thumb Code    18  stm32f1xx_hal_gpio.o(i.HAL_GPIO_EXTI_IRQHandler)
    HAL_GPIO_Init                            0x080023c5   Thumb Code   446  stm32f1xx_hal_gpio.o(i.HAL_GPIO_Init)
    HAL_GPIO_WritePin                        0x080025a5   Thumb Code    10  stm32f1xx_hal_gpio.o(i.HAL_GPIO_WritePin)
    HAL_GetTick                              0x080025b1   Thumb Code     6  stm32f1xx_hal.o(i.HAL_GetTick)
    HAL_IncTick                              0x080025bd   Thumb Code    12  stm32f1xx_hal.o(i.HAL_IncTick)
    HAL_Init                                 0x080025cd   Thumb Code    32  stm32f1xx_hal.o(i.HAL_Init)
    HAL_InitTick                             0x080025f1   Thumb Code    98  stm32f1xx_hal_timebase_tim.o(i.HAL_InitTick)
    HAL_MspInit                              0x08002665   Thumb Code    62  stm32f1xx_hal_msp.o(i.HAL_MspInit)
    HAL_NVIC_EnableIRQ                       0x080026ad   Thumb Code    26  stm32f1xx_hal_cortex.o(i.HAL_NVIC_EnableIRQ)
    HAL_NVIC_SetPriority                     0x080026c9   Thumb Code    60  stm32f1xx_hal_cortex.o(i.HAL_NVIC_SetPriority)
    HAL_NVIC_SetPriorityGrouping             0x08002709   Thumb Code    26  stm32f1xx_hal_cortex.o(i.HAL_NVIC_SetPriorityGrouping)
    HAL_RCCEx_PeriphCLKConfig                0x0800272d   Thumb Code   224  stm32f1xx_hal_rcc_ex.o(i.HAL_RCCEx_PeriphCLKConfig)
    HAL_RCC_ClockConfig                      0x08002819   Thumb Code   280  stm32f1xx_hal_rcc.o(i.HAL_RCC_ClockConfig)
    HAL_RCC_GetClockConfig                   0x08002945   Thumb Code    54  stm32f1xx_hal_rcc.o(i.HAL_RCC_GetClockConfig)
    HAL_RCC_GetPCLK1Freq                     0x08002985   Thumb Code    20  stm32f1xx_hal_rcc.o(i.HAL_RCC_GetPCLK1Freq)
    HAL_RCC_GetPCLK2Freq                     0x080029a5   Thumb Code    20  stm32f1xx_hal_rcc.o(i.HAL_RCC_GetPCLK2Freq)
    HAL_RCC_GetSysClockFreq                  0x080029c5   Thumb Code    74  stm32f1xx_hal_rcc.o(i.HAL_RCC_GetSysClockFreq)
    HAL_RCC_OscConfig                        0x08002a31   Thumb Code   778  stm32f1xx_hal_rcc.o(i.HAL_RCC_OscConfig)
    HAL_SPI_Init                             0x08002d51   Thumb Code   178  stm32f1xx_hal_spi.o(i.HAL_SPI_Init)
    HAL_SPI_MspInit                          0x08002e05   Thumb Code   150  spi.o(i.HAL_SPI_MspInit)
    HAL_SPI_Transmit                         0x08002eb1   Thumb Code   358  stm32f1xx_hal_spi.o(i.HAL_SPI_Transmit)
    HAL_TIMEx_BreakCallback                  0x08003017   Thumb Code     2  stm32f1xx_hal_tim_ex.o(i.HAL_TIMEx_BreakCallback)
    HAL_TIMEx_CommutCallback                 0x08003019   Thumb Code     2  stm32f1xx_hal_tim_ex.o(i.HAL_TIMEx_CommutCallback)
    HAL_TIMEx_MasterConfigSynchronization    0x0800301d   Thumb Code    92  stm32f1xx_hal_tim_ex.o(i.HAL_TIMEx_MasterConfigSynchronization)
    HAL_TIM_Base_Init                        0x08003085   Thumb Code    90  stm32f1xx_hal_tim.o(i.HAL_TIM_Base_Init)
    HAL_TIM_Base_MspInit                     0x080030e1   Thumb Code    30  tim.o(i.HAL_TIM_Base_MspInit)
    HAL_TIM_Base_Start_IT                    0x08003109   Thumb Code    76  stm32f1xx_hal_tim.o(i.HAL_TIM_Base_Start_IT)
    HAL_TIM_ConfigClockSource                0x08003161   Thumb Code   214  stm32f1xx_hal_tim.o(i.HAL_TIM_ConfigClockSource)
    HAL_TIM_IC_CaptureCallback               0x08003237   Thumb Code     2  stm32f1xx_hal_tim.o(i.HAL_TIM_IC_CaptureCallback)
    HAL_TIM_IRQHandler                       0x08003239   Thumb Code   358  stm32f1xx_hal_tim.o(i.HAL_TIM_IRQHandler)
    HAL_TIM_MspPostInit                      0x080033a1   Thumb Code    62  tim.o(i.HAL_TIM_MspPostInit)
    HAL_TIM_OC_DelayElapsedCallback          0x080033ed   Thumb Code     2  stm32f1xx_hal_tim.o(i.HAL_TIM_OC_DelayElapsedCallback)
    HAL_TIM_PWM_ConfigChannel                0x080033ef   Thumb Code   198  stm32f1xx_hal_tim.o(i.HAL_TIM_PWM_ConfigChannel)
    HAL_TIM_PWM_Init                         0x080034b5   Thumb Code    90  stm32f1xx_hal_tim.o(i.HAL_TIM_PWM_Init)
    HAL_TIM_PWM_MspInit                      0x0800350f   Thumb Code     2  stm32f1xx_hal_tim.o(i.HAL_TIM_PWM_MspInit)
    HAL_TIM_PWM_PulseFinishedCallback        0x08003511   Thumb Code     2  stm32f1xx_hal_tim.o(i.HAL_TIM_PWM_PulseFinishedCallback)
    HAL_TIM_PWM_Start                        0x08003515   Thumb Code   144  stm32f1xx_hal_tim.o(i.HAL_TIM_PWM_Start)
    HAL_TIM_PeriodElapsedCallback            0x080035b1   Thumb Code    14  main.o(i.HAL_TIM_PeriodElapsedCallback)
    HAL_TIM_TriggerCallback                  0x080035c5   Thumb Code     2  stm32f1xx_hal_tim.o(i.HAL_TIM_TriggerCallback)
    HAL_UART_Init                            0x080035c7   Thumb Code    98  stm32f1xx_hal_uart.o(i.HAL_UART_Init)
    HAL_UART_MspInit                         0x08003629   Thumb Code   166  usart.o(i.HAL_UART_MspInit)
    HAL_UART_Receive                         0x080036e5   Thumb Code   192  stm32f1xx_hal_uart.o(i.HAL_UART_Receive)
    HAL_UART_Transmit                        0x080037a5   Thumb Code   178  stm32f1xx_hal_uart.o(i.HAL_UART_Transmit)
    HardFault_Handler                        0x08003857   Thumb Code     2  stm32f1xx_it.o(i.HardFault_Handler)
    Input_FloatPaser                         0x08003859   Thumb Code   244  clibration.o(i.Input_FloatPaser)
    MX_ADC1_Init                             0x08003961   Thumb Code   238  adc.o(i.MX_ADC1_Init)
    MX_DMA_Init                              0x08003a59   Thumb Code    40  dma.o(i.MX_DMA_Init)
    MX_FREERTOS_Init                         0x08003a85   Thumb Code   144  freertos.o(i.MX_FREERTOS_Init)
    MX_GPIO_Init                             0x08003b1d   Thumb Code   278  gpio.o(i.MX_GPIO_Init)
    MX_SPI1_Init                             0x08003c49   Thumb Code    64  spi.o(i.MX_SPI1_Init)
    MX_SPI2_Init                             0x08003c91   Thumb Code    62  spi.o(i.MX_SPI2_Init)
    MX_TIM3_Init                             0x08003cd9   Thumb Code   152  tim.o(i.MX_TIM3_Init)
    MX_USART1_UART_Init                      0x08003d79   Thumb Code    48  usart.o(i.MX_USART1_UART_Init)
    MX_USART3_UART_Init                      0x08003db1   Thumb Code    48  usart.o(i.MX_USART3_UART_Init)
    Mcp48xx_Write                            0x08003de9   Thumb Code   170  mcp4822.o(i.Mcp48xx_Write)
    MemManage_Handler                        0x08003ea5   Thumb Code     2  stm32f1xx_it.o(i.MemManage_Handler)
    NMI_Handler                              0x08003ea7   Thumb Code     2  stm32f1xx_it.o(i.NMI_Handler)
    Open_StartSignal                         0x08003ea9   Thumb Code    28  charger.o(i.Open_StartSignal)
    Output_Ref                               0x08003ec9   Thumb Code    52  mcp4822.o(i.Output_Ref)
    Report_Callback                          0x08003f05   Thumb Code    34  freertos.o(i.Report_Callback)
    Report_ChargerInfo                       0x08003f2d   Thumb Code   304  charger.o(i.Report_ChargerInfo)
    Run_Task                                 0x0800406d   Thumb Code    36  freertos.o(i.Run_Task)
    Sampling_Task                            0x08004171   Thumb Code    36  freertos.o(i.Sampling_Task)
    See_ADC_Param                            0x08004199   Thumb Code    88  clibration.o(i.See_ADC_Param)
    See_DAC_Param                            0x08004219   Thumb Code    70  clibration.o(i.See_DAC_Param)
    Set_Check                                0x08004285   Thumb Code    40  charger.o(i.Set_Check)
    Set_Voltage                              0x080042b5   Thumb Code    70  charger.o(i.Set_Voltage)
    SysTick_Handler                          0x08004305   Thumb Code    38  port.o(i.SysTick_Handler)
    SystemClock_Config                       0x08004331   Thumb Code   120  main.o(i.SystemClock_Config)
    SystemInit                               0x080043a9   Thumb Code     2  system_stm32f1xx.o(i.SystemInit)
    TIM1_UP_IRQHandler                       0x080043ad   Thumb Code     6  stm32f1xx_it.o(i.TIM1_UP_IRQHandler)
    TIM_Base_SetConfig                       0x080043b9   Thumb Code    94  stm32f1xx_hal_tim.o(i.TIM_Base_SetConfig)
    TIM_CCxChannelCmd                        0x08004425   Thumb Code    26  stm32f1xx_hal_tim.o(i.TIM_CCxChannelCmd)
    TIM_ETR_SetConfig                        0x0800443f   Thumb Code    20  stm32f1xx_hal_tim.o(i.TIM_ETR_SetConfig)
    TIM_OC2_SetConfig                        0x080044b5   Thumb Code    84  stm32f1xx_hal_tim.o(i.TIM_OC2_SetConfig)
    UsageFault_Handler                       0x0800470d   Thumb Code     2  stm32f1xx_it.o(i.UsageFault_Handler)
    User_Shell_Init                          0x08004711   Thumb Code    28  shell_port.o(i.User_Shell_Init)
    User_Shell_Read                          0x08004741   Thumb Code    24  shell_port.o(i.User_Shell_Read)
    User_Shell_Write                         0x0800475d   Thumb Code    26  shell_port.o(i.User_Shell_Write)
    __0vsnprintf                             0x0800477d   Thumb Code    40  printfa.o(i.__0vsnprintf)
    __1vsnprintf                             0x0800477d   Thumb Code     0  printfa.o(i.__0vsnprintf)
    __2vsnprintf                             0x0800477d   Thumb Code     0  printfa.o(i.__0vsnprintf)
    __c89vsnprintf                           0x0800477d   Thumb Code     0  printfa.o(i.__0vsnprintf)
    vsnprintf                                0x0800477d   Thumb Code     0  printfa.o(i.__0vsnprintf)
    __ARM_fpclassifyf                        0x080047a9   Thumb Code    38  fpclassifyf.o(i.__ARM_fpclassifyf)
    __mathlib_flt_divzero                    0x080047ef   Thumb Code    10  funder.o(i.__mathlib_flt_divzero)
    __mathlib_flt_infnan2                    0x080047f9   Thumb Code     4  funder.o(i.__mathlib_flt_infnan2)
    __mathlib_flt_invalid                    0x080047fd   Thumb Code     8  funder.o(i.__mathlib_flt_invalid)
    __mathlib_flt_overflow                   0x08004805   Thumb Code    10  funder.o(i.__mathlib_flt_overflow)
    __mathlib_flt_underflow                  0x0800480f   Thumb Code    10  funder.o(i.__mathlib_flt_underflow)
    __scatterload_copy                       0x08004819   Thumb Code    14  handlers.o(i.__scatterload_copy)
    __scatterload_null                       0x08004827   Thumb Code     2  handlers.o(i.__scatterload_null)
    __scatterload_zeroinit                   0x08004829   Thumb Code    14  handlers.o(i.__scatterload_zeroinit)
    __set_errno                              0x08004839   Thumb Code     6  errno.o(i.__set_errno)
    kalmanFilter                             0x08005119   Thumb Code   102  charger.o(i.kalmanFilter)
    main                                     0x08005185   Thumb Code   162  main.o(i.main)
    osDelay                                  0x08005299   Thumb Code    14  cmsis_os.o(i.osDelay)
    osKernelStart                            0x080052a7   Thumb Code    10  cmsis_os.o(i.osKernelStart)
    osRecursiveMutexCreate                   0x080052b1   Thumb Code    16  cmsis_os.o(i.osRecursiveMutexCreate)
    osRecursiveMutexRelease                  0x080052c1   Thumb Code    18  cmsis_os.o(i.osRecursiveMutexRelease)
    osRecursiveMutexWait                     0x080052d3   Thumb Code    42  cmsis_os.o(i.osRecursiveMutexWait)
    osThreadCreate                           0x080052fd   Thumb Code    84  cmsis_os.o(i.osThreadCreate)
    osThreadResumeAll                        0x08005351   Thumb Code    18  cmsis_os.o(i.osThreadResumeAll)
    osThreadSuspendAll                       0x08005363   Thumb Code    10  cmsis_os.o(i.osThreadSuspendAll)
    osTimerCreate                            0x0800536d   Thumb Code    60  cmsis_os.o(i.osTimerCreate)
    osTimerStart                             0x080053ad   Thumb Code    88  cmsis_os.o(i.osTimerStart)
    __mathlib_powf                           0x08005409   Thumb Code     0  powf.o(i.powf)
    powf                                     0x08005409   Thumb Code  1548  powf.o(i.powf)
    pvPortMalloc                             0x080061b1   Thumb Code   210  heap_4.o(i.pvPortMalloc)
    pvTaskIncrementMutexHeldCount            0x08006289   Thumb Code    18  tasks.o(i.pvTaskIncrementMutexHeldCount)
    pxPortInitialiseStack                    0x080062a1   Thumb Code    32  port.o(i.pxPortInitialiseStack)
    shellBackspace                           0x080062c5   Thumb Code     6  shell.o(i.shellBackspace)
    shellCheckPermission                     0x080062cb   Thumb Code    46  shell.o(i.shellCheckPermission)
    shellClear                               0x080062f9   Thumb Code    24  shell.o(i.shellClear)
    shellClearCommandLine                    0x08006315   Thumb Code    48  shell.o(i.shellClearCommandLine)
    shellCmds                                0x08006345   Thumb Code    20  shell.o(i.shellCmds)
    shellDelete                              0x08006359   Thumb Code     8  shell.o(i.shellDelete)
    shellDeleteByte                          0x08006361   Thumb Code   214  shell.o(i.shellDeleteByte)
    shellDeleteCommandLine                   0x08006439   Thumb Code    24  shell.o(i.shellDeleteCommandLine)
    shellDown                                0x08006455   Thumb Code     8  shell.o(i.shellDown)
    shellEnter                               0x0800645d   Thumb Code    20  shell.o(i.shellEnter)
    shellExec                                0x08006471   Thumb Code   136  shell.o(i.shellExec)
    shellExecute                             0x08006501   Thumb Code    72  shell.o(i.shellExecute)
    shellExtParsePara                        0x0800669f   Thumb Code   160  shell_ext.o(i.shellExtParsePara)
    shellExtRun                              0x0800673f   Thumb Code   198  shell_ext.o(i.shellExtRun)
    shellGetCurrent                          0x08006841   Thumb Code    36  shell.o(i.shellGetCurrent)
    shellGetVarValue                         0x08006869   Thumb Code    62  shell.o(i.shellGetVarValue)
    shellHandler                             0x080068a9   Thumb Code   226  shell.o(i.shellHandler)
    shellHelp                                0x08006991   Thumb Code    40  shell.o(i.shellHelp)
    shellInit                                0x08006ab9   Thumb Code   140  shell.o(i.shellInit)
    shellInsertByte                          0x08006b55   Thumb Code   214  shell.o(i.shellInsertByte)
    shellKeys                                0x08006c31   Thumb Code    20  shell.o(i.shellKeys)
    shellLeft                                0x08006c45   Thumb Code    32  shell.o(i.shellLeft)
    shellListAll                             0x08006c65   Thumb Code    18  shell.o(i.shellListAll)
    shellListCommand                         0x08006c79   Thumb Code    72  shell.o(i.shellListCommand)
    shellListItem                            0x08006cc5   Thumb Code   228  shell.o(i.shellListItem)
    shellListKey                             0x08006db9   Thumb Code    76  shell.o(i.shellListKey)
    shellListUser                            0x08006e09   Thumb Code    76  shell.o(i.shellListUser)
    shellListVar                             0x08006e59   Thumb Code    74  shell.o(i.shellListVar)
    shellNormalInput                         0x08006ea9   Thumb Code    16  shell.o(i.shellNormalInput)
    shellPrint                               0x08006f31   Thumb Code    38  shell.o(i.shellPrint)
    shellRight                               0x08006f57   Thumb Code    32  shell.o(i.shellRight)
    shellRunCommand                          0x08006f79   Thumb Code   184  shell.o(i.shellRunCommand)
    shellSeekCommand                         0x08007031   Thumb Code   110  shell.o(i.shellSeekCommand)
    shellSetVar                              0x08007101   Thumb Code    82  shell.o(i.shellSetVar)
    shellSetVarValue                         0x08007159   Thumb Code   108  shell.o(i.shellSetVarValue)
    shellTab                                 0x080072b5   Thumb Code   322  shell.o(i.shellTab)
    shellTask                                0x080073fd   Thumb Code    36  shell.o(i.shellTask)
    shellToDec                               0x08007421   Thumb Code    76  shell.o(i.shellToDec)
    shellToHex                               0x0800746d   Thumb Code    42  shell.o(i.shellToHex)
    shellUp                                  0x08007497   Thumb Code     6  shell.o(i.shellUp)
    shellUsers                               0x0800749d   Thumb Code    20  shell.o(i.shellUsers)
    shellVars                                0x080074b1   Thumb Code    20  shell.o(i.shellVars)
    shellWriteString                         0x080075f9   Thumb Code    38  shell.o(i.shellWriteString)
    userShellLock                            0x08007621   Thumb Code    18  shell_port.o(i.userShellLock)
    userShellUnlock                          0x08007639   Thumb Code    14  shell_port.o(i.userShellUnlock)
    uxListRemove                             0x0800764d   Thumb Code    38  list.o(i.uxListRemove)
    vApplicationGetIdleTaskMemory            0x08007675   Thumb Code    16  freertos.o(i.vApplicationGetIdleTaskMemory)
    vApplicationGetTimerTaskMemory           0x08007689   Thumb Code    18  freertos.o(i.vApplicationGetTimerTaskMemory)
    vListInitialise                          0x080076a1   Thumb Code    22  list.o(i.vListInitialise)
    vListInitialiseItem                      0x080076b7   Thumb Code     6  list.o(i.vListInitialiseItem)
    vListInsert                              0x080076bd   Thumb Code    48  list.o(i.vListInsert)
    vListInsertEnd                           0x080076ed   Thumb Code    24  list.o(i.vListInsertEnd)
    vPortEnterCritical                       0x08007705   Thumb Code    54  port.o(i.vPortEnterCritical)
    vPortExitCritical                        0x08007745   Thumb Code    34  port.o(i.vPortExitCritical)
    vPortFree                                0x0800776d   Thumb Code    88  heap_4.o(i.vPortFree)
    vPortSetupTimerInterrupt                 0x080077c9   Thumb Code    32  port.o(i.vPortSetupTimerInterrupt)
    vPortValidateInterruptPriority           0x080077ed   Thumb Code    74  port.o(i.vPortValidateInterruptPriority)
    vQueueAddToRegistry                      0x08007841   Thumb Code    34  queue.o(i.vQueueAddToRegistry)
    vQueueWaitForMessageRestricted           0x08007869   Thumb Code    68  queue.o(i.vQueueWaitForMessageRestricted)
    vTaskDelay                               0x080078ad   Thumb Code    66  tasks.o(i.vTaskDelay)
    vTaskInternalSetTimeOutState             0x080078f9   Thumb Code    12  tasks.o(i.vTaskInternalSetTimeOutState)
    vTaskMissedYield                         0x08007909   Thumb Code     8  tasks.o(i.vTaskMissedYield)
    vTaskPlaceOnEventList                    0x08007915   Thumb Code    44  tasks.o(i.vTaskPlaceOnEventList)
    vTaskPlaceOnEventListRestricted          0x08007945   Thumb Code    52  tasks.o(i.vTaskPlaceOnEventListRestricted)
    vTaskPriorityDisinheritAfterTimeout      0x0800797d   Thumb Code   160  tasks.o(i.vTaskPriorityDisinheritAfterTimeout)
    vTaskStartScheduler                      0x08007a25   Thumb Code   118  tasks.o(i.vTaskStartScheduler)
    vTaskSuspendAll                          0x08007aad   Thumb Code    10  tasks.o(i.vTaskSuspendAll)
    vTaskSwitchContext                       0x08007abd   Thumb Code    82  tasks.o(i.vTaskSwitchContext)
    xPortStartScheduler                      0x08007b19   Thumb Code   154  port.o(i.xPortStartScheduler)
    xQueueCreateMutex                        0x08007bc1   Thumb Code    22  queue.o(i.xQueueCreateMutex)
    xQueueCreateMutexStatic                  0x08007bd7   Thumb Code    26  queue.o(i.xQueueCreateMutexStatic)
    xQueueGenericCreate                      0x08007bf1   Thumb Code    72  queue.o(i.xQueueGenericCreate)
    xQueueGenericCreateStatic                0x08007c39   Thumb Code   102  queue.o(i.xQueueGenericCreateStatic)
    xQueueGenericReset                       0x08007ca1   Thumb Code   132  queue.o(i.xQueueGenericReset)
    xQueueGenericSend                        0x08007d29   Thumb Code   346  queue.o(i.xQueueGenericSend)
    xQueueGenericSendFromISR                 0x08007e89   Thumb Code   188  queue.o(i.xQueueGenericSendFromISR)
    xQueueGiveMutexRecursive                 0x08007f45   Thumb Code    62  queue.o(i.xQueueGiveMutexRecursive)
    xQueueReceive                            0x08007f85   Thumb Code   308  queue.o(i.xQueueReceive)
    xQueueSemaphoreTake                      0x080080bd   Thumb Code   372  queue.o(i.xQueueSemaphoreTake)
    xQueueTakeMutexRecursive                 0x08008235   Thumb Code    64  queue.o(i.xQueueTakeMutexRecursive)
    xTaskCheckForTimeOut                     0x08008275   Thumb Code   112  tasks.o(i.xTaskCheckForTimeOut)
    xTaskCreate                              0x080082e9   Thumb Code    90  tasks.o(i.xTaskCreate)
    xTaskCreateStatic                        0x08008343   Thumb Code    86  tasks.o(i.xTaskCreateStatic)
    xTaskGetCurrentTaskHandle                0x08008399   Thumb Code     6  tasks.o(i.xTaskGetCurrentTaskHandle)
    xTaskGetSchedulerState                   0x080083a5   Thumb Code    22  tasks.o(i.xTaskGetSchedulerState)
    xTaskGetTickCount                        0x080083c1   Thumb Code     6  tasks.o(i.xTaskGetTickCount)
    xTaskIncrementTick                       0x080083cd   Thumb Code   192  tasks.o(i.xTaskIncrementTick)
    xTaskPriorityDisinherit                  0x08008495   Thumb Code   144  tasks.o(i.xTaskPriorityDisinherit)
    xTaskPriorityInherit                     0x0800852d   Thumb Code   138  tasks.o(i.xTaskPriorityInherit)
    xTaskRemoveFromEventList                 0x080085c1   Thumb Code   108  tasks.o(i.xTaskRemoveFromEventList)
    xTaskResumeAll                           0x08008635   Thumb Code   182  tasks.o(i.xTaskResumeAll)
    xTimerCreate                             0x080086f9   Thumb Code    52  timers.o(i.xTimerCreate)
    xTimerCreateStatic                       0x0800872d   Thumb Code    46  timers.o(i.xTimerCreateStatic)
    xTimerCreateTimerTask                    0x0800875d   Thumb Code    78  timers.o(i.xTimerCreateTimerTask)
    xTimerGenericCommand                     0x080087bd   Thumb Code    92  timers.o(i.xTimerGenericCommand)
    shellCmdadc_clibration                   0x0800883c   Data          15  clibration.o(.constdata)
    shellDescadc_clibration                  0x0800884b   Data          11  clibration.o(.constdata)
    shellCmddac_clibration                   0x08008856   Data          15  clibration.o(.constdata)
    shellDescdac_clibration                  0x08008865   Data          11  clibration.o(.constdata)
    shellCmdsee_adc                          0x08008870   Data           8  clibration.o(.constdata)
    shellDescsee_adc                         0x08008878   Data           4  clibration.o(.constdata)
    shellCmdsee_dac                          0x0800887c   Data           8  clibration.o(.constdata)
    shellDescsee_dac                         0x08008884   Data           4  clibration.o(.constdata)
    shellCmdcheck_adc                        0x08008888   Data          10  clibration.o(.constdata)
    shellDesccheck_adc                       0x08008892   Data           6  clibration.o(.constdata)
    shellCmdDefaultUser                      0x08008910   Data           4  shell.o(.constdata)
    shellPasswordDefaultUser                 0x08008914   Data           1  shell.o(.constdata)
    shellDesDefaultUser                      0x08008915   Data          13  shell.o(.constdata)
    shellCmdsetVar                           0x08008922   Data           7  shell.o(.constdata)
    shellDescsetVar                          0x08008929   Data           8  shell.o(.constdata)
    shellDesc0x1B5B4100                      0x08008931   Data           3  shell.o(.constdata)
    shellDesc0x1B5B4200                      0x08008934   Data           5  shell.o(.constdata)
    shellDesc0x1B5B4300                      0x08008939   Data           6  shell.o(.constdata)
    shellDesc0x1B5B4400                      0x0800893f   Data           5  shell.o(.constdata)
    shellDesc0x09000000                      0x08008944   Data           4  shell.o(.constdata)
    shellDesc0x08000000                      0x08008948   Data          10  shell.o(.constdata)
    shellDesc0x7F000000                      0x08008952   Data          10  shell.o(.constdata)
    shellDesc0x1B5B337E                      0x0800895c   Data           7  shell.o(.constdata)
    shellDesc0x0A000000                      0x08008963   Data           6  shell.o(.constdata)
    shellDesc0x0D000000                      0x08008969   Data           6  shell.o(.constdata)
    shellCmdhelp                             0x0800896f   Data           5  shell.o(.constdata)
    shellDeschelp                            0x08008974   Data          30  shell.o(.constdata)
    shellCmdusers                            0x08008992   Data           6  shell.o(.constdata)
    shellDescusers                           0x08008998   Data          14  shell.o(.constdata)
    shellCmdcmds                             0x080089a6   Data           5  shell.o(.constdata)
    shellDesccmds                            0x080089ab   Data          13  shell.o(.constdata)
    shellCmdvars                             0x080089b8   Data           5  shell.o(.constdata)
    shellDescvars                            0x080089bd   Data          13  shell.o(.constdata)
    shellCmdkeys                             0x080089ca   Data           5  shell.o(.constdata)
    shellDesckeys                            0x080089cf   Data          13  shell.o(.constdata)
    shellCmdclear                            0x080089dc   Data           6  shell.o(.constdata)
    shellDescclear                           0x080089e2   Data          14  shell.o(.constdata)
    shellCmdexec                             0x080089f0   Data           5  shell.o(.constdata)
    shellDescexec                            0x080089f5   Data          27  shell.o(.constdata)
    AHBPrescTable                            0x08008a20   Data          16  system_stm32f1xx.o(.constdata)
    APBPrescTable                            0x08008a30   Data           8  system_stm32f1xx.o(.constdata)
    Region$$Table$$Base                      0x08008ef0   Number         0  anon$$obj.o(Region$$Table)
    Region$$Table$$Limit                     0x08008f10   Number         0  anon$$obj.o(Region$$Table)
    shellCommand$$Base                       0x08008f10   Number         0  clibration.o(shellCommand)
    shellCommandadc_clibration               0x08008f10   Data          16  clibration.o(shellCommand)
    shellCommanddac_clibration               0x08008f20   Data          16  clibration.o(shellCommand)
    shellCommandsee_adc                      0x08008f30   Data          16  clibration.o(shellCommand)
    shellCommandsee_dac                      0x08008f40   Data          16  clibration.o(shellCommand)
    shellCommandcheck_adc                    0x08008f50   Data          16  clibration.o(shellCommand)
    shellUserDefault                         0x08008f60   Data          16  shell.o(shellCommand)
    shellCommandsetVar                       0x08008f70   Data          16  shell.o(shellCommand)
    shellKey0x1B5B4100                       0x08008f80   Data          16  shell.o(shellCommand)
    shellKey0x1B5B4200                       0x08008f90   Data          16  shell.o(shellCommand)
    shellKey0x1B5B4300                       0x08008fa0   Data          16  shell.o(shellCommand)
    shellKey0x1B5B4400                       0x08008fb0   Data          16  shell.o(shellCommand)
    shellKey0x09000000                       0x08008fc0   Data          16  shell.o(shellCommand)
    shellKey0x08000000                       0x08008fd0   Data          16  shell.o(shellCommand)
    shellKey0x7F000000                       0x08008fe0   Data          16  shell.o(shellCommand)
    shellKey0x1B5B337E                       0x08008ff0   Data          16  shell.o(shellCommand)
    shellKey0x0A000000                       0x08009000   Data          16  shell.o(shellCommand)
    shellKey0x0D000000                       0x08009010   Data          16  shell.o(shellCommand)
    shellCommandhelp                         0x08009020   Data          16  shell.o(shellCommand)
    shellCommandusers                        0x08009030   Data          16  shell.o(shellCommand)
    shellCommandcmds                         0x08009040   Data          16  shell.o(shellCommand)
    shellCommandvars                         0x08009050   Data          16  shell.o(shellCommand)
    shellCommandkeys                         0x08009060   Data          16  shell.o(shellCommand)
    shellCommandclear                        0x08009070   Data          16  shell.o(shellCommand)
    shellCommandexec                         0x08009080   Data          16  shell.o(shellCommand)
    shellCommand$$Limit                      0x08009090   Number         0  shell.o(shellCommand)
    g_Residual_Power                         0x20000008   Data           4  charger.o(.data)
    g_Charger                                0x2000000c   Data         504  charger.o(.data)
    g_Status                                 0x20000218   Data           1  freertos.o(.data)
    LedHandle                                0x2000021c   Data           4  freertos.o(.data)
    DebugHandle                              0x20000220   Data           4  freertos.o(.data)
    ChargingHandle                           0x20000224   Data           4  freertos.o(.data)
    SamplingHandle                           0x20000228   Data           4  freertos.o(.data)
    ReportHandle                             0x2000022c   Data           4  freertos.o(.data)
    shellMutexHandle                         0x20000230   Data           4  freertos.o(.data)
    uwTickFreq                               0x2000028c   Data           1  stm32f1xx_hal.o(.data)
    uwTickPrio                               0x20000290   Data           4  stm32f1xx_hal.o(.data)
    uwTick                                   0x20000294   Data           4  stm32f1xx_hal.o(.data)
    SystemCoreClock                          0x20000298   Data           4  system_stm32f1xx.o(.data)
    pxCurrentTCB                             0x2000029c   Data           4  tasks.o(.data)
    g_Cloud_Buffer                           0x20000314   Data          48  charger.o(.bss)
    g_Dwin                                   0x20000368   Data         260  dwin.o(.bss)
    Adc                                      0x2000046c   Data        1408  clibration.o(.bss)
    Dac                                      0x200009ec   Data         244  clibration.o(.bss)
    Adc_DmaBuffer                            0x20001088   Data         288  adc.o(.bss)
    hadc1                                    0x200011a8   Data          48  adc.o(.bss)
    hdma_adc1                                0x200011d8   Data          68  adc.o(.bss)
    hspi1                                    0x2000121c   Data          88  spi.o(.bss)
    hspi2                                    0x20001274   Data          88  spi.o(.bss)
    htim3                                    0x200012cc   Data          72  tim.o(.bss)
    huart1                                   0x20001314   Data          68  usart.o(.bss)
    huart3                                   0x20001358   Data          68  usart.o(.bss)
    htim1                                    0x2000139c   Data          72  stm32f1xx_hal_timebase_tim.o(.bss)
    shell                                    0x20001404   Data         116  shell_port.o(.bss)
    shell_buffer                             0x20001478   Data         128  shell_port.o(.bss)
    pFlash                                   0x200014f8   Data          32  stm32f1xx_hal_flash.o(.bss)
    xQueueRegistry                           0x20001518   Data          64  queue.o(.bss)
    __initial_sp                             0x20003730   Data           0  startup_stm32f103xb.o(STACK)



==============================================================================

Memory Map of the image

  Image Entry point : 0x080000ed

  Load Region LR_IROM1 (Base: 0x08000000, Size: 0x000093a4, Max: 0x00010000, ABSOLUTE, COMPRESSED[0x00009154])

    Execution Region ER_IROM1 (Exec base: 0x08000000, Load base: 0x08000000, Size: 0x00009090, Max: 0x00010000, ABSOLUTE)

    Exec Addr    Load Addr    Size         Type   Attr      Idx    E Section Name        Object

    0x08000000   0x08000000   0x000000ec   Data   RO            3    RESET               startup_stm32f103xb.o
    0x080000ec   0x080000ec   0x00000000   Code   RO         6019  * .ARM.Collect$$$$00000000  mc_w.l(entry.o)
    0x080000ec   0x080000ec   0x00000004   Code   RO         6102    .ARM.Collect$$$$00000001  mc_w.l(entry2.o)
    0x080000f0   0x080000f0   0x00000004   Code   RO         6105    .ARM.Collect$$$$00000004  mc_w.l(entry5.o)
    0x080000f4   0x080000f4   0x00000000   Code   RO         6107    .ARM.Collect$$$$00000008  mc_w.l(entry7b.o)
    0x080000f4   0x080000f4   0x00000000   Code   RO         6109    .ARM.Collect$$$$0000000A  mc_w.l(entry8b.o)
    0x080000f4   0x080000f4   0x00000008   Code   RO         6110    .ARM.Collect$$$$0000000B  mc_w.l(entry9a.o)
    0x080000fc   0x080000fc   0x00000000   Code   RO         6112    .ARM.Collect$$$$0000000D  mc_w.l(entry10a.o)
    0x080000fc   0x080000fc   0x00000000   Code   RO         6114    .ARM.Collect$$$$0000000F  mc_w.l(entry11a.o)
    0x080000fc   0x080000fc   0x00000004   Code   RO         6103    .ARM.Collect$$$$00002712  mc_w.l(entry2.o)
    0x08000100   0x08000100   0x00000096   Code   RO         5932    .emb_text           port.o
    0x08000196   0x08000196   0x00000002   PAD
    0x08000198   0x08000198   0x00000024   Code   RO            4    .text               startup_stm32f103xb.o
    0x080001bc   0x080001bc   0x00000020   Code   RO         6022    .text               mc_w.l(llushr.o)
    0x080001dc   0x080001dc   0x00000024   Code   RO         6024    .text               mc_w.l(memcpya.o)
    0x08000200   0x08000200   0x00000024   Code   RO         6028    .text               mc_w.l(memseta.o)
    0x08000224   0x08000224   0x0000000e   Code   RO         6030    .text               mc_w.l(strlen.o)
    0x08000232   0x08000232   0x0000001c   Code   RO         6032    .text               mc_w.l(strcmp.o)
    0x0800024e   0x0800024e   0x0000001e   Code   RO         6034    .text               mc_w.l(strncmp.o)
    0x0800026c   0x0800026c   0x000000b0   Code   RO         6066    .text               mf_w.l(fadd.o)
    0x0800031c   0x0800031c   0x00000064   Code   RO         6068    .text               mf_w.l(fmul.o)
    0x08000380   0x08000380   0x0000007c   Code   RO         6070    .text               mf_w.l(fdiv.o)
    0x080003fc   0x080003fc   0x00000018   Code   RO         6072    .text               mf_w.l(fscalb.o)
    0x08000414   0x08000414   0x00000012   Code   RO         6074    .text               mf_w.l(fflti.o)
    0x08000426   0x08000426   0x0000000a   Code   RO         6076    .text               mf_w.l(ffltui.o)
    0x08000430   0x08000430   0x00000028   Code   RO         6078    .text               mf_w.l(ffixui.o)
    0x08000458   0x08000458   0x00000026   Code   RO         6080    .text               mf_w.l(f2d.o)
    0x0800047e   0x0800047e   0x00000002   PAD
    0x08000480   0x08000480   0x00000014   Code   RO         6082    .text               mf_w.l(cfcmple.o)
    0x08000494   0x08000494   0x00000014   Code   RO         6084    .text               mf_w.l(cfrcmple.o)
    0x080004a8   0x080004a8   0x0000002c   Code   RO         6119    .text               mc_w.l(uidiv.o)
    0x080004d4   0x080004d4   0x00000062   Code   RO         6121    .text               mc_w.l(uldiv.o)
    0x08000536   0x08000536   0x00000000   Code   RO         6130    .text               mc_w.l(iusefp.o)
    0x08000536   0x08000536   0x0000006e   Code   RO         6131    .text               mf_w.l(fepilogue.o)
    0x080005a4   0x080005a4   0x0000014e   Code   RO         6133    .text               mf_w.l(dadd.o)
    0x080006f2   0x080006f2   0x000000e4   Code   RO         6135    .text               mf_w.l(dmul.o)
    0x080007d6   0x080007d6   0x000000de   Code   RO         6137    .text               mf_w.l(ddiv.o)
    0x080008b4   0x080008b4   0x00000030   Code   RO         6139    .text               mf_w.l(dfixul.o)
    0x080008e4   0x080008e4   0x0000004c   Code   RO         6141    .text               mf_w.l(ffixir.o)
    0x08000930   0x08000930   0x00000030   Code   RO         6143    .text               mf_w.l(cdrcmple.o)
    0x08000960   0x08000960   0x00000004   Code   RO         6145    .text               mf_w.l(fpstat.o)
    0x08000964   0x08000964   0x00000024   Code   RO         6147    .text               mc_w.l(init.o)
    0x08000988   0x08000988   0x0000001e   Code   RO         6150    .text               mc_w.l(llshl.o)
    0x080009a6   0x080009a6   0x00000024   Code   RO         6152    .text               mc_w.l(llsshr.o)
    0x080009ca   0x080009ca   0x000000ba   Code   RO         6155    .text               mf_w.l(depilogue.o)
    0x08000a84   0x08000a84   0x00000056   Code   RO         6165    .text               mc_w.l(__dczerorl2.o)
    0x08000ada   0x08000ada   0x00000002   PAD
    0x08000adc   0x08000adc   0x00000056   Code   RO         1680    i.ADC_ConversionStop_Disable  stm32f1xx_hal_adc.o
    0x08000b32   0x08000b32   0x0000004e   Code   RO         1681    i.ADC_DMAConvCplt   stm32f1xx_hal_adc.o
    0x08000b80   0x08000b80   0x0000001a   Code   RO         1682    i.ADC_DMAError      stm32f1xx_hal_adc.o
    0x08000b9a   0x08000b9a   0x0000000a   Code   RO         1683    i.ADC_DMAHalfConvCplt  stm32f1xx_hal_adc.o
    0x08000ba4   0x08000ba4   0x0000007c   Code   RO         1684    i.ADC_Enable        stm32f1xx_hal_adc.o
    0x08000c20   0x08000c20   0x000002c4   Code   RO          528    i.Adc_Clibration    clibration.o
    0x08000ee4   0x08000ee4   0x00000002   Code   RO         1017    i.BusFault_Handler  stm32f1xx_it.o
    0x08000ee6   0x08000ee6   0x00000060   Code   RO           13    i.Cell_Handle       charger.o
    0x08000f46   0x08000f46   0x00000002   PAD
    0x08000f48   0x08000f48   0x0000002c   Code   RO          715    i.ChargingHandle_Task  freertos.o
    0x08000f74   0x08000f74   0x000000ec   Code   RO           14    i.ChargingStage_Monitor  charger.o
    0x08001060   0x08001060   0x00000074   Code   RO           15    i.Charging_Poll     charger.o
    0x080010d4   0x080010d4   0x00000044   Code   RO           16    i.Charging_Sampling  charger.o
    0x08001118   0x08001118   0x00000314   Code   RO          529    i.Check_ADC         clibration.o
    0x0800142c   0x0800142c   0x000000d4   Code   RO           17    i.Check_Connect     charger.o
    0x08001500   0x08001500   0x00000034   Code   RO           18    i.Close_StartSignal  charger.o
    0x08001534   0x08001534   0x0000000c   Code   RO         1018    i.DMA1_Channel1_IRQHandler  stm32f1xx_it.o
    0x08001540   0x08001540   0x0000002a   Code   RO         2334    i.DMA_SetConfig     stm32f1xx_hal_dma.o
    0x0800156a   0x0800156a   0x00000002   PAD
    0x0800156c   0x0800156c   0x000001b0   Code   RO          530    i.Dac_Clibration    clibration.o
    0x0800171c   0x0800171c   0x00000002   Code   RO         1019    i.DebugMon_Handler  stm32f1xx_it.o
    0x0800171e   0x0800171e   0x00000002   PAD
    0x08001720   0x08001720   0x0000000c   Code   RO          716    i.Debug_Task        freertos.o
    0x0800172c   0x0800172c   0x00000050   Code   RO          344    i.Dwin_SendWithCRC  dwin.o
    0x0800177c   0x0800177c   0x0000005c   Code   RO          345    i.Dwin_Write        dwin.o
    0x080017d8   0x080017d8   0x0000001e   Code   RO         1020    i.EXTI15_10_IRQHandler  stm32f1xx_it.o
    0x080017f6   0x080017f6   0x00000028   Code   RO          346    i.Endian_Swap       dwin.o
    0x0800181e   0x0800181e   0x00000004   Code   RO          637    i.Error_Handler     main.o
    0x08001822   0x08001822   0x00000002   PAD
    0x08001824   0x08001824   0x00000018   Code   RO          601    i.FLASH_Init        flash.o
    0x0800183c   0x0800183c   0x00000024   Code   RO         2774    i.FLASH_MassErase   stm32f1xx_hal_flash_ex.o
    0x08001860   0x08001860   0x00000024   Code   RO         2779    i.FLASH_PageErase   stm32f1xx_hal_flash_ex.o
    0x08001884   0x08001884   0x0000001c   Code   RO         2671    i.FLASH_Program_HalfWord  stm32f1xx_hal_flash.o
    0x080018a0   0x080018a0   0x00000028   Code   RO          602    i.FLASH_Read        flash.o
    0x080018c8   0x080018c8   0x0000005c   Code   RO         2672    i.FLASH_SetErrorCode  stm32f1xx_hal_flash.o
    0x08001924   0x08001924   0x00000054   Code   RO         2673    i.FLASH_WaitForLastOperation  stm32f1xx_hal_flash.o
    0x08001978   0x08001978   0x00000078   Code   RO          603    i.FLASH_Write       flash.o
    0x080019f0   0x080019f0   0x0000002c   Code   RO          795    i.Get_AdcValue      adc.o
    0x08001a1c   0x08001a1c   0x000000c4   Code   RO           20    i.Get_BackCharging_Parameters  charger.o
    0x08001ae0   0x08001ae0   0x00000036   Code   RO          347    i.Get_Crc16         dwin.o
    0x08001b16   0x08001b16   0x00000002   PAD
    0x08001b18   0x08001b18   0x00000038   Code   RO           21    i.Get_Ibat          charger.o
    0x08001b50   0x08001b50   0x0000003c   Code   RO           22    i.Get_Vbus_Vbat     charger.o
    0x08001b8c   0x08001b8c   0x00000068   Code   RO           23    i.Get_Voltage_MicroCompensate  charger.o
    0x08001bf4   0x08001bf4   0x000000fc   Code   RO         1686    i.HAL_ADC_ConfigChannel  stm32f1xx_hal_adc.o
    0x08001cf0   0x08001cf0   0x00000002   Code   RO         1687    i.HAL_ADC_ConvCpltCallback  stm32f1xx_hal_adc.o
    0x08001cf2   0x08001cf2   0x00000002   Code   RO         1688    i.HAL_ADC_ConvHalfCpltCallback  stm32f1xx_hal_adc.o
    0x08001cf4   0x08001cf4   0x00000002   Code   RO         1690    i.HAL_ADC_ErrorCallback  stm32f1xx_hal_adc.o
    0x08001cf6   0x08001cf6   0x00000002   PAD
    0x08001cf8   0x08001cf8   0x0000011c   Code   RO         1695    i.HAL_ADC_Init      stm32f1xx_hal_adc.o
    0x08001e14   0x08001e14   0x000000b4   Code   RO          797    i.HAL_ADC_MspInit   adc.o
    0x08001ec8   0x08001ec8   0x0000010c   Code   RO         1702    i.HAL_ADC_Start_DMA  stm32f1xx_hal_adc.o
    0x08001fd4   0x08001fd4   0x00000154   Code   RO         2340    i.HAL_DMA_IRQHandler  stm32f1xx_hal_dma.o
    0x08002128   0x08002128   0x0000005c   Code   RO         2341    i.HAL_DMA_Init      stm32f1xx_hal_dma.o
    0x08002184   0x08002184   0x00000070   Code   RO         2345    i.HAL_DMA_Start_IT  stm32f1xx_hal_dma.o
    0x080021f4   0x080021f4   0x00000024   Code   RO         1963    i.HAL_Delay         stm32f1xx_hal.o
    0x08002218   0x08002218   0x000000a8   Code   RO         2780    i.HAL_FLASHEx_Erase  stm32f1xx_hal_flash_ex.o
    0x080022c0   0x080022c0   0x00000014   Code   RO         2677    i.HAL_FLASH_Lock    stm32f1xx_hal_flash.o
    0x080022d4   0x080022d4   0x00000080   Code   RO         2682    i.HAL_FLASH_Program  stm32f1xx_hal_flash.o
    0x08002354   0x08002354   0x00000028   Code   RO         2684    i.HAL_FLASH_Unlock  stm32f1xx_hal_flash.o
    0x0800237c   0x0800237c   0x00000030   Code   RO          685    i.HAL_GPIO_EXTI_Callback  gpio.o
    0x080023ac   0x080023ac   0x00000018   Code   RO         2270    i.HAL_GPIO_EXTI_IRQHandler  stm32f1xx_hal_gpio.o
    0x080023c4   0x080023c4   0x000001e0   Code   RO         2271    i.HAL_GPIO_Init     stm32f1xx_hal_gpio.o
    0x080025a4   0x080025a4   0x0000000a   Code   RO         2275    i.HAL_GPIO_WritePin  stm32f1xx_hal_gpio.o
    0x080025ae   0x080025ae   0x00000002   PAD
    0x080025b0   0x080025b0   0x0000000c   Code   RO         1967    i.HAL_GetTick       stm32f1xx_hal.o
    0x080025bc   0x080025bc   0x00000010   Code   RO         1973    i.HAL_IncTick       stm32f1xx_hal.o
    0x080025cc   0x080025cc   0x00000024   Code   RO         1974    i.HAL_Init          stm32f1xx_hal.o
    0x080025f0   0x080025f0   0x00000074   Code   RO         1117    i.HAL_InitTick      stm32f1xx_hal_timebase_tim.o
    0x08002664   0x08002664   0x00000048   Code   RO         1093    i.HAL_MspInit       stm32f1xx_hal_msp.o
    0x080026ac   0x080026ac   0x0000001a   Code   RO         2431    i.HAL_NVIC_EnableIRQ  stm32f1xx_hal_cortex.o
    0x080026c6   0x080026c6   0x00000002   PAD
    0x080026c8   0x080026c8   0x00000040   Code   RO         2437    i.HAL_NVIC_SetPriority  stm32f1xx_hal_cortex.o
    0x08002708   0x08002708   0x00000024   Code   RO         2438    i.HAL_NVIC_SetPriorityGrouping  stm32f1xx_hal_cortex.o
    0x0800272c   0x0800272c   0x000000ec   Code   RO         2234    i.HAL_RCCEx_PeriphCLKConfig  stm32f1xx_hal_rcc_ex.o
    0x08002818   0x08002818   0x0000012c   Code   RO         2131    i.HAL_RCC_ClockConfig  stm32f1xx_hal_rcc.o
    0x08002944   0x08002944   0x00000040   Code   RO         2135    i.HAL_RCC_GetClockConfig  stm32f1xx_hal_rcc.o
    0x08002984   0x08002984   0x00000020   Code   RO         2138    i.HAL_RCC_GetPCLK1Freq  stm32f1xx_hal_rcc.o
    0x080029a4   0x080029a4   0x00000020   Code   RO         2139    i.HAL_RCC_GetPCLK2Freq  stm32f1xx_hal_rcc.o
    0x080029c4   0x080029c4   0x0000006c   Code   RO         2140    i.HAL_RCC_GetSysClockFreq  stm32f1xx_hal_rcc.o
    0x08002a30   0x08002a30   0x00000320   Code   RO         2143    i.HAL_RCC_OscConfig  stm32f1xx_hal_rcc.o
    0x08002d50   0x08002d50   0x000000b2   Code   RO         2942    i.HAL_SPI_Init      stm32f1xx_hal_spi.o
    0x08002e02   0x08002e02   0x00000002   PAD
    0x08002e04   0x08002e04   0x000000ac   Code   RO          868    i.HAL_SPI_MspInit   spi.o
    0x08002eb0   0x08002eb0   0x00000166   Code   RO         2950    i.HAL_SPI_Transmit  stm32f1xx_hal_spi.o
    0x08003016   0x08003016   0x00000002   Code   RO         3959    i.HAL_TIMEx_BreakCallback  stm32f1xx_hal_tim_ex.o
    0x08003018   0x08003018   0x00000002   Code   RO         3960    i.HAL_TIMEx_CommutCallback  stm32f1xx_hal_tim_ex.o
    0x0800301a   0x0800301a   0x00000002   PAD
    0x0800301c   0x0800301c   0x00000068   Code   RO         3978    i.HAL_TIMEx_MasterConfigSynchronization  stm32f1xx_hal_tim_ex.o
    0x08003084   0x08003084   0x0000005a   Code   RO         3255    i.HAL_TIM_Base_Init  stm32f1xx_hal_tim.o
    0x080030de   0x080030de   0x00000002   PAD
    0x080030e0   0x080030e0   0x00000028   Code   RO          916    i.HAL_TIM_Base_MspInit  tim.o
    0x08003108   0x08003108   0x00000058   Code   RO         3260    i.HAL_TIM_Base_Start_IT  stm32f1xx_hal_tim.o
    0x08003160   0x08003160   0x000000d6   Code   RO         3264    i.HAL_TIM_ConfigClockSource  stm32f1xx_hal_tim.o
    0x08003236   0x08003236   0x00000002   Code   RO         3289    i.HAL_TIM_IC_CaptureCallback  stm32f1xx_hal_tim.o
    0x08003238   0x08003238   0x00000166   Code   RO         3303    i.HAL_TIM_IRQHandler  stm32f1xx_hal_tim.o
    0x0800339e   0x0800339e   0x00000002   PAD
    0x080033a0   0x080033a0   0x0000004c   Code   RO          917    i.HAL_TIM_MspPostInit  tim.o
    0x080033ec   0x080033ec   0x00000002   Code   RO         3306    i.HAL_TIM_OC_DelayElapsedCallback  stm32f1xx_hal_tim.o
    0x080033ee   0x080033ee   0x000000c6   Code   RO         3327    i.HAL_TIM_PWM_ConfigChannel  stm32f1xx_hal_tim.o
    0x080034b4   0x080034b4   0x0000005a   Code   RO         3330    i.HAL_TIM_PWM_Init  stm32f1xx_hal_tim.o
    0x0800350e   0x0800350e   0x00000002   Code   RO         3332    i.HAL_TIM_PWM_MspInit  stm32f1xx_hal_tim.o
    0x08003510   0x08003510   0x00000002   Code   RO         3333    i.HAL_TIM_PWM_PulseFinishedCallback  stm32f1xx_hal_tim.o
    0x08003512   0x08003512   0x00000002   PAD
    0x08003514   0x08003514   0x0000009c   Code   RO         3335    i.HAL_TIM_PWM_Start  stm32f1xx_hal_tim.o
    0x080035b0   0x080035b0   0x00000014   Code   RO          638    i.HAL_TIM_PeriodElapsedCallback  main.o
    0x080035c4   0x080035c4   0x00000002   Code   RO         3346    i.HAL_TIM_TriggerCallback  stm32f1xx_hal_tim.o
    0x080035c6   0x080035c6   0x00000062   Code   RO         4255    i.HAL_UART_Init     stm32f1xx_hal_uart.o
    0x08003628   0x08003628   0x000000bc   Code   RO          964    i.HAL_UART_MspInit  usart.o
    0x080036e4   0x080036e4   0x000000c0   Code   RO         4258    i.HAL_UART_Receive  stm32f1xx_hal_uart.o
    0x080037a4   0x080037a4   0x000000b2   Code   RO         4263    i.HAL_UART_Transmit  stm32f1xx_hal_uart.o
    0x08003856   0x08003856   0x00000002   Code   RO         1021    i.HardFault_Handler  stm32f1xx_it.o
    0x08003858   0x08003858   0x00000108   Code   RO          531    i.Input_FloatPaser  clibration.o
    0x08003960   0x08003960   0x000000f8   Code   RO          798    i.MX_ADC1_Init      adc.o
    0x08003a58   0x08003a58   0x0000002c   Code   RO          843    i.MX_DMA_Init       dma.o
    0x08003a84   0x08003a84   0x00000098   Code   RO          717    i.MX_FREERTOS_Init  freertos.o
    0x08003b1c   0x08003b1c   0x0000012c   Code   RO          686    i.MX_GPIO_Init      gpio.o
    0x08003c48   0x08003c48   0x00000048   Code   RO          869    i.MX_SPI1_Init      spi.o
    0x08003c90   0x08003c90   0x00000048   Code   RO          870    i.MX_SPI2_Init      spi.o
    0x08003cd8   0x08003cd8   0x000000a0   Code   RO          918    i.MX_TIM3_Init      tim.o
    0x08003d78   0x08003d78   0x00000038   Code   RO          965    i.MX_USART1_UART_Init  usart.o
    0x08003db0   0x08003db0   0x00000038   Code   RO          966    i.MX_USART3_UART_Init  usart.o
    0x08003de8   0x08003de8   0x000000bc   Code   RO          490    i.Mcp48xx_Write     mcp4822.o
    0x08003ea4   0x08003ea4   0x00000002   Code   RO         1022    i.MemManage_Handler  stm32f1xx_it.o
    0x08003ea6   0x08003ea6   0x00000002   Code   RO         1023    i.NMI_Handler       stm32f1xx_it.o
    0x08003ea8   0x08003ea8   0x00000020   Code   RO          130    i.Open_StartSignal  charger.o
    0x08003ec8   0x08003ec8   0x0000003c   Code   RO          491    i.Output_Ref        mcp4822.o
    0x08003f04   0x08003f04   0x00000028   Code   RO          718    i.Report_Callback   freertos.o
    0x08003f2c   0x08003f2c   0x00000140   Code   RO           25    i.Report_ChargerInfo  charger.o
    0x0800406c   0x0800406c   0x0000002c   Code   RO          719    i.Run_Task          freertos.o
    0x08004098   0x08004098   0x00000020   Code   RO         2980    i.SPI_EndRxTxTransaction  stm32f1xx_hal_spi.o
    0x080040b8   0x080040b8   0x000000b8   Code   RO         2985    i.SPI_WaitFlagStateUntilTimeout  stm32f1xx_hal_spi.o
    0x08004170   0x08004170   0x00000028   Code   RO          720    i.Sampling_Task     freertos.o
    0x08004198   0x08004198   0x00000080   Code   RO          532    i.See_ADC_Param     clibration.o
    0x08004218   0x08004218   0x0000006c   Code   RO          533    i.See_DAC_Param     clibration.o
    0x08004284   0x08004284   0x00000030   Code   RO           26    i.Set_Check         charger.o
    0x080042b4   0x080042b4   0x00000050   Code   RO           27    i.Set_Voltage       charger.o
    0x08004304   0x08004304   0x0000002c   Code   RO         5933    i.SysTick_Handler   port.o
    0x08004330   0x08004330   0x00000078   Code   RO          639    i.SystemClock_Config  main.o
    0x080043a8   0x080043a8   0x00000002   Code   RO         4584    i.SystemInit        system_stm32f1xx.o
    0x080043aa   0x080043aa   0x00000002   PAD
    0x080043ac   0x080043ac   0x0000000c   Code   RO         1024    i.TIM1_UP_IRQHandler  stm32f1xx_it.o
    0x080043b8   0x080043b8   0x0000006c   Code   RO         3348    i.TIM_Base_SetConfig  stm32f1xx_hal_tim.o
    0x08004424   0x08004424   0x0000001a   Code   RO         3349    i.TIM_CCxChannelCmd  stm32f1xx_hal_tim.o
    0x0800443e   0x0800443e   0x00000014   Code   RO         3359    i.TIM_ETR_SetConfig  stm32f1xx_hal_tim.o
    0x08004452   0x08004452   0x00000010   Code   RO         3360    i.TIM_ITRx_SetConfig  stm32f1xx_hal_tim.o
    0x08004462   0x08004462   0x00000002   PAD
    0x08004464   0x08004464   0x00000050   Code   RO         3361    i.TIM_OC1_SetConfig  stm32f1xx_hal_tim.o
    0x080044b4   0x080044b4   0x00000058   Code   RO         3362    i.TIM_OC2_SetConfig  stm32f1xx_hal_tim.o
    0x0800450c   0x0800450c   0x00000058   Code   RO         3363    i.TIM_OC3_SetConfig  stm32f1xx_hal_tim.o
    0x08004564   0x08004564   0x00000044   Code   RO         3364    i.TIM_OC4_SetConfig  stm32f1xx_hal_tim.o
    0x080045a8   0x080045a8   0x00000022   Code   RO         3366    i.TIM_TI1_ConfigInputStage  stm32f1xx_hal_tim.o
    0x080045ca   0x080045ca   0x00000024   Code   RO         3368    i.TIM_TI2_ConfigInputStage  stm32f1xx_hal_tim.o
    0x080045ee   0x080045ee   0x00000002   PAD
    0x080045f0   0x080045f0   0x000000b8   Code   RO         4281    i.UART_SetConfig    stm32f1xx_hal_uart.o
    0x080046a8   0x080046a8   0x00000064   Code   RO         4284    i.UART_WaitOnFlagUntilTimeout  stm32f1xx_hal_uart.o
    0x0800470c   0x0800470c   0x00000002   Code   RO         1025    i.UsageFault_Handler  stm32f1xx_it.o
    0x0800470e   0x0800470e   0x00000002   PAD
    0x08004710   0x08004710   0x00000030   Code   RO         1589    i.User_Shell_Init   shell_port.o
    0x08004740   0x08004740   0x0000001c   Code   RO         1590    i.User_Shell_Read   shell_port.o
    0x0800475c   0x0800475c   0x00000020   Code   RO         1591    i.User_Shell_Write  shell_port.o
    0x0800477c   0x0800477c   0x0000002c   Code   RO         6044    i.__0vsnprintf      mc_w.l(printfa.o)
    0x080047a8   0x080047a8   0x00000026   Code   RO         6086    i.__ARM_fpclassifyf  m_ws.l(fpclassifyf.o)
    0x080047ce   0x080047ce   0x00000020   Code   RO         2444    i.__NVIC_SetPriority  stm32f1xx_hal_cortex.o
    0x080047ee   0x080047ee   0x0000000a   Code   RO         6088    i.__mathlib_flt_divzero  m_ws.l(funder.o)
    0x080047f8   0x080047f8   0x00000004   Code   RO         6090    i.__mathlib_flt_infnan2  m_ws.l(funder.o)
    0x080047fc   0x080047fc   0x00000008   Code   RO         6091    i.__mathlib_flt_invalid  m_ws.l(funder.o)
    0x08004804   0x08004804   0x0000000a   Code   RO         6092    i.__mathlib_flt_overflow  m_ws.l(funder.o)
    0x0800480e   0x0800480e   0x0000000a   Code   RO         6094    i.__mathlib_flt_underflow  m_ws.l(funder.o)
    0x08004818   0x08004818   0x0000000e   Code   RO         6159    i.__scatterload_copy  mc_w.l(handlers.o)
    0x08004826   0x08004826   0x00000002   Code   RO         6160    i.__scatterload_null  mc_w.l(handlers.o)
    0x08004828   0x08004828   0x0000000e   Code   RO         6161    i.__scatterload_zeroinit  mc_w.l(handlers.o)
    0x08004836   0x08004836   0x00000002   PAD
    0x08004838   0x08004838   0x0000000c   Code   RO         6125    i.__set_errno       mc_w.l(errno.o)
    0x08004844   0x08004844   0x00000184   Code   RO         6046    i._fp_digits        mc_w.l(printfa.o)
    0x080049c8   0x080049c8   0x000006dc   Code   RO         6047    i._printf_core      mc_w.l(printfa.o)
    0x080050a4   0x080050a4   0x00000024   Code   RO         6048    i._printf_post_padding  mc_w.l(printfa.o)
    0x080050c8   0x080050c8   0x0000002e   Code   RO         6049    i._printf_pre_padding  mc_w.l(printfa.o)
    0x080050f6   0x080050f6   0x00000016   Code   RO         6050    i._snputc           mc_w.l(printfa.o)
    0x0800510c   0x0800510c   0x0000000c   Code   RO         5514    i.inHandlerMode     cmsis_os.o
    0x08005118   0x08005118   0x0000006c   Code   RO           29    i.kalmanFilter      charger.o
    0x08005184   0x08005184   0x00000108   Code   RO          640    i.main              main.o
    0x0800528c   0x0800528c   0x0000000c   Code   RO         5516    i.makeFreeRtosPriority  cmsis_os.o
    0x08005298   0x08005298   0x0000000e   Code   RO         5518    i.osDelay           cmsis_os.o
    0x080052a6   0x080052a6   0x0000000a   Code   RO         5521    i.osKernelStart     cmsis_os.o
    0x080052b0   0x080052b0   0x00000010   Code   RO         5544    i.osRecursiveMutexCreate  cmsis_os.o
    0x080052c0   0x080052c0   0x00000012   Code   RO         5545    i.osRecursiveMutexRelease  cmsis_os.o
    0x080052d2   0x080052d2   0x0000002a   Code   RO         5546    i.osRecursiveMutexWait  cmsis_os.o
    0x080052fc   0x080052fc   0x00000054   Code   RO         5555    i.osThreadCreate    cmsis_os.o
    0x08005350   0x08005350   0x00000012   Code   RO         5560    i.osThreadResumeAll  cmsis_os.o
    0x08005362   0x08005362   0x0000000a   Code   RO         5563    i.osThreadSuspendAll  cmsis_os.o
    0x0800536c   0x0800536c   0x00000040   Code   RO         5566    i.osTimerCreate     cmsis_os.o
    0x080053ac   0x080053ac   0x0000005c   Code   RO         5568    i.osTimerStart      cmsis_os.o
    0x08005408   0x08005408   0x00000620   Code   RO         6010    i.powf              m_ws.l(powf.o)
    0x08005a28   0x08005a28   0x00000070   Code   RO         5086    i.prvAddCurrentTaskToDelayedList  tasks.o
    0x08005a98   0x08005a98   0x000000d0   Code   RO         5087    i.prvAddNewTaskToReadyList  tasks.o
    0x08005b68   0x08005b68   0x00000058   Code   RO         5385    i.prvCheckForValidListAndQueue  timers.o
    0x08005bc0   0x08005bc0   0x00000026   Code   RO         4762    i.prvCopyDataFromQueue  queue.o
    0x08005be6   0x08005be6   0x0000006c   Code   RO         4763    i.prvCopyDataToQueue  queue.o
    0x08005c52   0x08005c52   0x00000034   Code   RO         5088    i.prvDeleteTCB      tasks.o
    0x08005c86   0x08005c86   0x00000002   PAD
    0x08005c88   0x08005c88   0x0000004c   Code   RO         5883    i.prvHeapInit       heap_4.o
    0x08005cd4   0x08005cd4   0x00000060   Code   RO         5089    i.prvIdleTask       tasks.o
    0x08005d34   0x08005d34   0x00000016   Code   RO         4764    i.prvInitialiseMutex  queue.o
    0x08005d4a   0x08005d4a   0x00000016   Code   RO         4765    i.prvInitialiseNewQueue  queue.o
    0x08005d60   0x08005d60   0x0000008e   Code   RO         5090    i.prvInitialiseNewTask  tasks.o
    0x08005dee   0x08005dee   0x00000044   Code   RO         5386    i.prvInitialiseNewTimer  timers.o
    0x08005e32   0x08005e32   0x00000002   PAD
    0x08005e34   0x08005e34   0x0000004c   Code   RO         5884    i.prvInsertBlockIntoFreeList  heap_4.o
    0x08005e80   0x08005e80   0x00000038   Code   RO         5387    i.prvInsertTimerInActiveList  timers.o
    0x08005eb8   0x08005eb8   0x0000001c   Code   RO         4766    i.prvIsQueueEmpty   queue.o
    0x08005ed4   0x08005ed4   0x000000bc   Code   RO         5388    i.prvProcessReceivedCommands  timers.o
    0x08005f90   0x08005f90   0x000000b4   Code   RO         5389    i.prvProcessTimerOrBlockTask  timers.o
    0x08006044   0x08006044   0x00000020   Code   RO         5091    i.prvResetNextTaskUnblockTime  tasks.o
    0x08006064   0x08006064   0x00000028   Code   RO         5390    i.prvSampleTimeNow  timers.o
    0x0800608c   0x0800608c   0x0000006c   Code   RO         5391    i.prvSwitchTimerLists  timers.o
    0x080060f8   0x080060f8   0x00000028   Code   RO         5934    i.prvTaskExitError  port.o
    0x08006120   0x08006120   0x00000024   Code   RO         5392    i.prvTimerTask      timers.o
    0x08006144   0x08006144   0x0000006a   Code   RO         4767    i.prvUnlockQueue    queue.o
    0x080061ae   0x080061ae   0x00000002   PAD
    0x080061b0   0x080061b0   0x000000d8   Code   RO         5885    i.pvPortMalloc      heap_4.o
    0x08006288   0x08006288   0x00000018   Code   RO         5093    i.pvTaskIncrementMutexHeldCount  tasks.o
    0x080062a0   0x080062a0   0x00000024   Code   RO         5935    i.pxPortInitialiseStack  port.o
    0x080062c4   0x080062c4   0x00000006   Code   RO         1156    i.shellBackspace    shell.o
    0x080062ca   0x080062ca   0x0000002e   Code   RO         1157    i.shellCheckPermission  shell.o
    0x080062f8   0x080062f8   0x0000001c   Code   RO         1158    i.shellClear        shell.o
    0x08006314   0x08006314   0x00000030   Code   RO         1159    i.shellClearCommandLine  shell.o
    0x08006344   0x08006344   0x00000014   Code   RO         1160    i.shellCmds         shell.o
    0x08006358   0x08006358   0x00000008   Code   RO         1161    i.shellDelete       shell.o
    0x08006360   0x08006360   0x000000d6   Code   RO         1162    i.shellDeleteByte   shell.o
    0x08006436   0x08006436   0x00000002   PAD
    0x08006438   0x08006438   0x0000001c   Code   RO         1163    i.shellDeleteCommandLine  shell.o
    0x08006454   0x08006454   0x00000008   Code   RO         1164    i.shellDown         shell.o
    0x0800645c   0x0800645c   0x00000014   Code   RO         1165    i.shellEnter        shell.o
    0x08006470   0x08006470   0x00000090   Code   RO         1166    i.shellExec         shell.o
    0x08006500   0x08006500   0x00000050   Code   RO         1167    i.shellExecute      shell.o
    0x08006550   0x08006550   0x0000003c   Code   RO         1558    i.shellExtParseChar  shell_ext.o
    0x0800658c   0x0800658c   0x00000112   Code   RO         1559    i.shellExtParseNumber  shell_ext.o
    0x0800669e   0x0800669e   0x000000a0   Code   RO         1560    i.shellExtParsePara  shell_ext.o
    0x0800673e   0x0800673e   0x000000c6   Code   RO         1561    i.shellExtRun       shell_ext.o
    0x08006804   0x08006804   0x00000004   Code   RO         1168    i.shellGetCommandDesc  shell.o
    0x08006808   0x08006808   0x00000038   Code   RO         1169    i.shellGetCommandName  shell.o
    0x08006840   0x08006840   0x00000028   Code   RO         1170    i.shellGetCurrent   shell.o
    0x08006868   0x08006868   0x0000003e   Code   RO         1171    i.shellGetVarValue  shell.o
    0x080068a6   0x080068a6   0x00000002   PAD
    0x080068a8   0x080068a8   0x000000e8   Code   RO         1172    i.shellHandler      shell.o
    0x08006990   0x08006990   0x00000028   Code   RO         1173    i.shellHelp         shell.o
    0x080069b8   0x080069b8   0x00000098   Code   RO         1174    i.shellHistory      shell.o
    0x08006a50   0x08006a50   0x00000068   Code   RO         1175    i.shellHistoryAdd   shell.o
    0x08006ab8   0x08006ab8   0x0000009c   Code   RO         1176    i.shellInit         shell.o
    0x08006b54   0x08006b54   0x000000dc   Code   RO         1177    i.shellInsertByte   shell.o
    0x08006c30   0x08006c30   0x00000014   Code   RO         1178    i.shellKeys         shell.o
    0x08006c44   0x08006c44   0x00000020   Code   RO         1179    i.shellLeft         shell.o
    0x08006c64   0x08006c64   0x00000012   Code   RO         1180    i.shellListAll      shell.o
    0x08006c76   0x08006c76   0x00000002   PAD
    0x08006c78   0x08006c78   0x0000004c   Code   RO         1181    i.shellListCommand  shell.o
    0x08006cc4   0x08006cc4   0x000000f4   Code   RO         1182    i.shellListItem     shell.o
    0x08006db8   0x08006db8   0x00000050   Code   RO         1183    i.shellListKey      shell.o
    0x08006e08   0x08006e08   0x00000050   Code   RO         1184    i.shellListUser     shell.o
    0x08006e58   0x08006e58   0x00000050   Code   RO         1185    i.shellListVar      shell.o
    0x08006ea8   0x08006ea8   0x00000010   Code   RO         1186    i.shellNormalInput  shell.o
    0x08006eb8   0x08006eb8   0x00000078   Code   RO         1187    i.shellParserParam  shell.o
    0x08006f30   0x08006f30   0x00000026   Code   RO         1188    i.shellPrint        shell.o
    0x08006f56   0x08006f56   0x00000020   Code   RO         1189    i.shellRight        shell.o
    0x08006f76   0x08006f76   0x00000002   PAD
    0x08006f78   0x08006f78   0x000000b8   Code   RO         1191    i.shellRunCommand   shell.o
    0x08007030   0x08007030   0x0000006e   Code   RO         1192    i.shellSeekCommand  shell.o
    0x0800709e   0x0800709e   0x00000002   PAD
    0x080070a0   0x080070a0   0x00000060   Code   RO         1193    i.shellSetUser      shell.o
    0x08007100   0x08007100   0x00000058   Code   RO         1194    i.shellSetVar       shell.o
    0x08007158   0x08007158   0x00000070   Code   RO         1195    i.shellSetVarValue  shell.o
    0x080071c8   0x080071c8   0x000000b0   Code   RO         1196    i.shellShowVar      shell.o
    0x08007278   0x08007278   0x00000024   Code   RO         1197    i.shellStringCompare  shell.o
    0x0800729c   0x0800729c   0x00000018   Code   RO         1198    i.shellStringCopy   shell.o
    0x080072b4   0x080072b4   0x00000148   Code   RO         1199    i.shellTab          shell.o
    0x080073fc   0x080073fc   0x00000024   Code   RO         1200    i.shellTask         shell.o
    0x08007420   0x08007420   0x0000004c   Code   RO         1201    i.shellToDec        shell.o
    0x0800746c   0x0800746c   0x0000002a   Code   RO         1202    i.shellToHex        shell.o
    0x08007496   0x08007496   0x00000006   Code   RO         1203    i.shellUp           shell.o
    0x0800749c   0x0800749c   0x00000014   Code   RO         1204    i.shellUsers        shell.o
    0x080074b0   0x080074b0   0x00000014   Code   RO         1205    i.shellVars         shell.o
    0x080074c4   0x080074c4   0x00000058   Code   RO         1206    i.shellWriteCommandHelp  shell.o
    0x0800751c   0x0800751c   0x0000005c   Code   RO         1208    i.shellWritePrompt  shell.o
    0x08007578   0x08007578   0x00000080   Code   RO         1209    i.shellWriteReturnValue  shell.o
    0x080075f8   0x080075f8   0x00000026   Code   RO         1210    i.shellWriteString  shell.o
    0x0800761e   0x0800761e   0x00000002   PAD
    0x08007620   0x08007620   0x00000018   Code   RO         1592    i.userShellLock     shell_port.o
    0x08007638   0x08007638   0x00000014   Code   RO         1593    i.userShellUnlock   shell_port.o
    0x0800764c   0x0800764c   0x00000026   Code   RO         4722    i.uxListRemove      list.o
    0x08007672   0x08007672   0x00000002   PAD
    0x08007674   0x08007674   0x00000014   Code   RO          721    i.vApplicationGetIdleTaskMemory  freertos.o
    0x08007688   0x08007688   0x00000018   Code   RO          722    i.vApplicationGetTimerTaskMemory  freertos.o
    0x080076a0   0x080076a0   0x00000016   Code   RO         4723    i.vListInitialise   list.o
    0x080076b6   0x080076b6   0x00000006   Code   RO         4724    i.vListInitialiseItem  list.o
    0x080076bc   0x080076bc   0x00000030   Code   RO         4725    i.vListInsert       list.o
    0x080076ec   0x080076ec   0x00000018   Code   RO         4726    i.vListInsertEnd    list.o
    0x08007704   0x08007704   0x00000040   Code   RO         5937    i.vPortEnterCritical  port.o
    0x08007744   0x08007744   0x00000028   Code   RO         5938    i.vPortExitCritical  port.o
    0x0800776c   0x0800776c   0x0000005c   Code   RO         5886    i.vPortFree         heap_4.o
    0x080077c8   0x080077c8   0x00000024   Code   RO         5939    i.vPortSetupTimerInterrupt  port.o
    0x080077ec   0x080077ec   0x00000054   Code   RO         5940    i.vPortValidateInterruptPriority  port.o
    0x08007840   0x08007840   0x00000028   Code   RO         4771    i.vQueueAddToRegistry  queue.o
    0x08007868   0x08007868   0x00000044   Code   RO         4774    i.vQueueWaitForMessageRestricted  queue.o
    0x080078ac   0x080078ac   0x0000004c   Code   RO         5099    i.vTaskDelay        tasks.o
    0x080078f8   0x080078f8   0x00000010   Code   RO         5102    i.vTaskInternalSetTimeOutState  tasks.o
    0x08007908   0x08007908   0x0000000c   Code   RO         5103    i.vTaskMissedYield  tasks.o
    0x08007914   0x08007914   0x00000030   Code   RO         5105    i.vTaskPlaceOnEventList  tasks.o
    0x08007944   0x08007944   0x00000038   Code   RO         5106    i.vTaskPlaceOnEventListRestricted  tasks.o
    0x0800797c   0x0800797c   0x000000a8   Code   RO         5108    i.vTaskPriorityDisinheritAfterTimeout  tasks.o
    0x08007a24   0x08007a24   0x00000088   Code   RO         5113    i.vTaskStartScheduler  tasks.o
    0x08007aac   0x08007aac   0x00000010   Code   RO         5115    i.vTaskSuspendAll   tasks.o
    0x08007abc   0x08007abc   0x0000005c   Code   RO         5116    i.vTaskSwitchContext  tasks.o
    0x08007b18   0x08007b18   0x000000a8   Code   RO         5941    i.xPortStartScheduler  port.o
    0x08007bc0   0x08007bc0   0x00000016   Code   RO         4775    i.xQueueCreateMutex  queue.o
    0x08007bd6   0x08007bd6   0x0000001a   Code   RO         4776    i.xQueueCreateMutexStatic  queue.o
    0x08007bf0   0x08007bf0   0x00000048   Code   RO         4777    i.xQueueGenericCreate  queue.o
    0x08007c38   0x08007c38   0x00000066   Code   RO         4778    i.xQueueGenericCreateStatic  queue.o
    0x08007c9e   0x08007c9e   0x00000002   PAD
    0x08007ca0   0x08007ca0   0x00000088   Code   RO         4779    i.xQueueGenericReset  queue.o
    0x08007d28   0x08007d28   0x00000160   Code   RO         4780    i.xQueueGenericSend  queue.o
    0x08007e88   0x08007e88   0x000000bc   Code   RO         4781    i.xQueueGenericSendFromISR  queue.o
    0x08007f44   0x08007f44   0x0000003e   Code   RO         4783    i.xQueueGiveMutexRecursive  queue.o
    0x08007f82   0x08007f82   0x00000002   PAD
    0x08007f84   0x08007f84   0x00000138   Code   RO         4788    i.xQueueReceive     queue.o
    0x080080bc   0x080080bc   0x00000178   Code   RO         4790    i.xQueueSemaphoreTake  queue.o
    0x08008234   0x08008234   0x00000040   Code   RO         4791    i.xQueueTakeMutexRecursive  queue.o
    0x08008274   0x08008274   0x00000074   Code   RO         5117    i.xTaskCheckForTimeOut  tasks.o
    0x080082e8   0x080082e8   0x0000005a   Code   RO         5118    i.xTaskCreate       tasks.o
    0x08008342   0x08008342   0x00000056   Code   RO         5119    i.xTaskCreateStatic  tasks.o
    0x08008398   0x08008398   0x0000000c   Code   RO         5122    i.xTaskGetCurrentTaskHandle  tasks.o
    0x080083a4   0x080083a4   0x0000001c   Code   RO         5123    i.xTaskGetSchedulerState  tasks.o
    0x080083c0   0x080083c0   0x0000000c   Code   RO         5124    i.xTaskGetTickCount  tasks.o
    0x080083cc   0x080083cc   0x000000c8   Code   RO         5126    i.xTaskIncrementTick  tasks.o
    0x08008494   0x08008494   0x00000098   Code   RO         5129    i.xTaskPriorityDisinherit  tasks.o
    0x0800852c   0x0800852c   0x00000094   Code   RO         5130    i.xTaskPriorityInherit  tasks.o
    0x080085c0   0x080085c0   0x00000074   Code   RO         5131    i.xTaskRemoveFromEventList  tasks.o
    0x08008634   0x08008634   0x000000c4   Code   RO         5132    i.xTaskResumeAll    tasks.o
    0x080086f8   0x080086f8   0x00000034   Code   RO         5395    i.xTimerCreate      timers.o
    0x0800872c   0x0800872c   0x0000002e   Code   RO         5396    i.xTimerCreateStatic  timers.o
    0x0800875a   0x0800875a   0x00000002   PAD
    0x0800875c   0x0800875c   0x00000060   Code   RO         5397    i.xTimerCreateTimerTask  timers.o
    0x080087bc   0x080087bc   0x00000060   Code   RO         5398    i.xTimerGenericCommand  timers.o
    0x0800881c   0x0800881c   0x00000020   Data   RO           31    .constdata          charger.o
    0x0800883c   0x0800883c   0x0000000f   Data   RO          535    .constdata          clibration.o
    0x0800884b   0x0800884b   0x0000000b   Data   RO          536    .constdata          clibration.o
    0x08008856   0x08008856   0x0000000f   Data   RO          537    .constdata          clibration.o
    0x08008865   0x08008865   0x0000000b   Data   RO          538    .constdata          clibration.o
    0x08008870   0x08008870   0x00000008   Data   RO          539    .constdata          clibration.o
    0x08008878   0x08008878   0x00000004   Data   RO          540    .constdata          clibration.o
    0x0800887c   0x0800887c   0x00000008   Data   RO          541    .constdata          clibration.o
    0x08008884   0x08008884   0x00000004   Data   RO          542    .constdata          clibration.o
    0x08008888   0x08008888   0x0000000a   Data   RO          543    .constdata          clibration.o
    0x08008892   0x08008892   0x00000006   Data   RO          544    .constdata          clibration.o
    0x08008898   0x08008898   0x00000078   Data   RO          724    .constdata          freertos.o
    0x08008910   0x08008910   0x00000004   Data   RO         1212    .constdata          shell.o
    0x08008914   0x08008914   0x00000001   Data   RO         1213    .constdata          shell.o
    0x08008915   0x08008915   0x0000000d   Data   RO         1214    .constdata          shell.o
    0x08008922   0x08008922   0x00000007   Data   RO         1215    .constdata          shell.o
    0x08008929   0x08008929   0x00000008   Data   RO         1216    .constdata          shell.o
    0x08008931   0x08008931   0x00000003   Data   RO         1217    .constdata          shell.o
    0x08008934   0x08008934   0x00000005   Data   RO         1218    .constdata          shell.o
    0x08008939   0x08008939   0x00000006   Data   RO         1219    .constdata          shell.o
    0x0800893f   0x0800893f   0x00000005   Data   RO         1220    .constdata          shell.o
    0x08008944   0x08008944   0x00000004   Data   RO         1221    .constdata          shell.o
    0x08008948   0x08008948   0x0000000a   Data   RO         1222    .constdata          shell.o
    0x08008952   0x08008952   0x0000000a   Data   RO         1223    .constdata          shell.o
    0x0800895c   0x0800895c   0x00000007   Data   RO         1224    .constdata          shell.o
    0x08008963   0x08008963   0x00000006   Data   RO         1225    .constdata          shell.o
    0x08008969   0x08008969   0x00000006   Data   RO         1226    .constdata          shell.o
    0x0800896f   0x0800896f   0x00000005   Data   RO         1227    .constdata          shell.o
    0x08008974   0x08008974   0x0000001e   Data   RO         1228    .constdata          shell.o
    0x08008992   0x08008992   0x00000006   Data   RO         1229    .constdata          shell.o
    0x08008998   0x08008998   0x0000000e   Data   RO         1230    .constdata          shell.o
    0x080089a6   0x080089a6   0x00000005   Data   RO         1231    .constdata          shell.o
    0x080089ab   0x080089ab   0x0000000d   Data   RO         1232    .constdata          shell.o
    0x080089b8   0x080089b8   0x00000005   Data   RO         1233    .constdata          shell.o
    0x080089bd   0x080089bd   0x0000000d   Data   RO         1234    .constdata          shell.o
    0x080089ca   0x080089ca   0x00000005   Data   RO         1235    .constdata          shell.o
    0x080089cf   0x080089cf   0x0000000d   Data   RO         1236    .constdata          shell.o
    0x080089dc   0x080089dc   0x00000006   Data   RO         1237    .constdata          shell.o
    0x080089e2   0x080089e2   0x0000000e   Data   RO         1238    .constdata          shell.o
    0x080089f0   0x080089f0   0x00000005   Data   RO         1239    .constdata          shell.o
    0x080089f5   0x080089f5   0x0000001b   Data   RO         1240    .constdata          shell.o
    0x08008a10   0x08008a10   0x00000010   Data   RO         1241    .constdata          shell.o
    0x08008a20   0x08008a20   0x00000010   Data   RO         4585    .constdata          system_stm32f1xx.o
    0x08008a30   0x08008a30   0x00000008   Data   RO         4586    .constdata          system_stm32f1xx.o
    0x08008a38   0x08008a38   0x00000140   Data   RO         6011    .constdata          m_ws.l(powf.o)
    0x08008b78   0x08008b78   0x00000097   Data   RO          545    .conststring        clibration.o
    0x08008c0f   0x08008c0f   0x00000001   PAD
    0x08008c10   0x08008c10   0x00000022   Data   RO          725    .conststring        freertos.o
    0x08008c32   0x08008c32   0x00000002   PAD
    0x08008c34   0x08008c34   0x000002b9   Data   RO         1242    .conststring        shell.o
    0x08008eed   0x08008eed   0x00000003   PAD
    0x08008ef0   0x08008ef0   0x00000020   Data   RO         6157    Region$$Table       anon$$obj.o
    0x08008f10   0x08008f10   0x00000050   Data   RO          547    shellCommand        clibration.o
    0x08008f60   0x08008f60   0x00000130   Data   RO         1244    shellCommand        shell.o


    Execution Region RW_IRAM1 (Exec base: 0x20000000, Load base: 0x08009090, Size: 0x00003730, Max: 0x00005000, ABSOLUTE, COMPRESSED[0x000000c4])

    Exec Addr    Load Addr    Size         Type   Attr      Idx    E Section Name        Object

    0x20000000   COMPRESSED   0x0000000c   Data   RW           32    .data               charger.o
    0x2000000c   COMPRESSED   0x000001f8   Data   RW           34    .data               charger.o
    0x20000204   COMPRESSED   0x00000014   Data   RW          546    .data               clibration.o
    0x20000218   COMPRESSED   0x0000001c   Data   RW          726    .data               freertos.o
    0x20000234   COMPRESSED   0x00000058   Data   RW         1243    .data               shell.o
    0x2000028c   COMPRESSED   0x0000000c   Data   RW         1981    .data               stm32f1xx_hal.o
    0x20000298   COMPRESSED   0x00000004   Data   RW         4587    .data               system_stm32f1xx.o
    0x2000029c   COMPRESSED   0x0000003c   Data   RW         5135    .data               tasks.o
    0x200002d8   COMPRESSED   0x00000014   Data   RW         5404    .data               timers.o
    0x200002ec   COMPRESSED   0x00000018   Data   RW         5891    .data               heap_4.o
    0x20000304   COMPRESSED   0x0000000c   Data   RW         5942    .data               port.o
    0x20000310   COMPRESSED   0x00000004   Data   RW         6126    .data               mc_w.l(errno.o)
    0x20000314        -       0x00000054   Zero   RW           30    .bss                charger.o
    0x20000368        -       0x00000104   Zero   RW          348    .bss                dwin.o
    0x2000046c        -       0x00000674   Zero   RW          534    .bss                clibration.o
    0x20000ae0        -       0x000005a8   Zero   RW          723    .bss                freertos.o
    0x20001088        -       0x00000194   Zero   RW          799    .bss                adc.o
    0x2000121c        -       0x000000b0   Zero   RW          871    .bss                spi.o
    0x200012cc        -       0x00000048   Zero   RW          919    .bss                tim.o
    0x20001314        -       0x00000088   Zero   RW          968    .bss                usart.o
    0x2000139c        -       0x00000048   Zero   RW         1120    .bss                stm32f1xx_hal_timebase_tim.o
    0x200013e4        -       0x0000001d   Zero   RW         1211    .bss                shell.o
    0x20001401   COMPRESSED   0x00000003   PAD
    0x20001404        -       0x000000f4   Zero   RW         1594    .bss                shell_port.o
    0x200014f8        -       0x00000020   Zero   RW         2685    .bss                stm32f1xx_hal_flash.o
    0x20001518        -       0x00000040   Zero   RW         4792    .bss                queue.o
    0x20001558        -       0x000000f0   Zero   RW         5134    .bss                tasks.o
    0x20001648        -       0x000000e8   Zero   RW         5403    .bss                timers.o
    0x20001730        -       0x00001800   Zero   RW         5890    .bss                heap_4.o
    0x20002f30        -       0x00000800   Zero   RW            1    STACK               startup_stm32f103xb.o


==============================================================================

Image component sizes


      Code (inc. data)   RO Data    RW Data    ZI Data      Debug   Object Name

       472         44          0          0        404       2696   adc.o
      1784        178         32        516         84     506053   charger.o
      2428        706        323         20       1652       8584   clibration.o
       392          8          0          0          0      31219   cmsis_os.o
        44          4          0          0          0        838   dma.o
       266         10          0          0        260       5603   dwin.o
         0          0          0          0          0      18080   event_groups.o
       184          8          0          0          0       2532   flash.o
       376         44        154         28       1448       5733   freertos.o
       348         26          0          0          0       1664   gpio.o
       460         24          0         24       6144       4767   heap_4.o
       138          0          0          0          0       3502   list.o
       408        108          0          0          0       2772   main.o
       248         26          0          0          0       4517   mcp4822.o
       662         70          0         12          0      11229   port.o
      2144         24          0          0         64      20760   queue.o
      4252        230       1273         88         29      45491   shell.o
       692          8          0          0          0       5178   shell_ext.o
       152         42          0          0        244       3601   shell_port.o
       316         40          0          0        176       2418   spi.o
        36          8        236          0       2048        800   startup_stm32f103xb.o
       100         18          0         12          0       5346   stm32f1xx_hal.o
      1134         56          0          0          0       8614   stm32f1xx_hal_adc.o
       158         14          0          0          0      28170   stm32f1xx_hal_cortex.o
       586         32          0          0          0       3707   stm32f1xx_hal_dma.o
       392         46          0          0         32       4830   stm32f1xx_hal_flash.o
       240         26          0          0          0       3357   stm32f1xx_hal_flash_ex.o
       514         40          0          0          0       3595   stm32f1xx_hal_gpio.o
        72         10          0          0          0        954   stm32f1xx_hal_msp.o
      1336        110          0          0          0       5917   stm32f1xx_hal_rcc.o
       236         12          0          0          0       1500   stm32f1xx_hal_rcc_ex.o
       752          4          0          0          0       4506   stm32f1xx_hal_spi.o
      1768         58          0          0          0      15890   stm32f1xx_hal_tim.o
       108         12          0          0          0       2481   stm32f1xx_hal_tim_ex.o
       116         18          0          0         72       1531   stm32f1xx_hal_timebase_tim.o
       752          6          0          0          0       5251   stm32f1xx_hal_uart.o
        66         12          0          0          0       3940   stm32f1xx_it.o
         2          0         24          4          0       1231   system_stm32f1xx.o
      2442        188          0         60        240      26125   tasks.o
       276         32          0          0         72       2360   tim.o
      1054         78          0         20        232      29295   timers.o
       300         38          0          0        136       2427   usart.o

    ----------------------------------------------------------------------
     28268       2418       2080        784      13340     849064   Object Totals
         0          0         32          0          0          0   (incl. Generated)
        62          0          6          0          3          0   (incl. Padding)

    ----------------------------------------------------------------------

      Code (inc. data)   RO Data    RW Data    ZI Data      Debug   Library Member Name

        38          0          0          0          0         68   fpclassifyf.o
        42          0          0          0          0        340   funder.o
      1568         80        320          0          0        224   powf.o
        86          0          0          0          0          0   __dczerorl2.o
         0          0          0          0          0          0   entry.o
         0          0          0          0          0          0   entry10a.o
         0          0          0          0          0          0   entry11a.o
         8          4          0          0          0          0   entry2.o
         4          0          0          0          0          0   entry5.o
         0          0          0          0          0          0   entry7b.o
         0          0          0          0          0          0   entry8b.o
         8          4          0          0          0          0   entry9a.o
        12          6          0          4          0         68   errno.o
        30          0          0          0          0          0   handlers.o
        36          8          0          0          0         68   init.o
         0          0          0          0          0          0   iusefp.o
        30          0          0          0          0         68   llshl.o
        36          0          0          0          0         68   llsshr.o
        32          0          0          0          0         68   llushr.o
        36          0          0          0          0         68   memcpya.o
        36          0          0          0          0        108   memseta.o
      2292         84          0          0          0        516   printfa.o
        28          0          0          0          0         76   strcmp.o
        14          0          0          0          0         68   strlen.o
        30          0          0          0          0         80   strncmp.o
        44          0          0          0          0         80   uidiv.o
        98          0          0          0          0         92   uldiv.o
        48          0          0          0          0         68   cdrcmple.o
        20          0          0          0          0         68   cfcmple.o
        20          0          0          0          0         68   cfrcmple.o
       334          0          0          0          0        148   dadd.o
       222          0          0          0          0        100   ddiv.o
       186          0          0          0          0        176   depilogue.o
        48          0          0          0          0         68   dfixul.o
       228          0          0          0          0         96   dmul.o
        38          0          0          0          0         68   f2d.o
       176          0          0          0          0        140   fadd.o
       124          0          0          0          0         88   fdiv.o
       110          0          0          0          0        168   fepilogue.o
        76          0          0          0          0         76   ffixir.o
        40          0          0          0          0         68   ffixui.o
        18          0          0          0          0         68   fflti.o
        10          0          0          0          0         68   ffltui.o
       100          0          0          0          0         76   fmul.o
         4          0          0          0          0         68   fpstat.o
        24          0          0          0          0         68   fscalb.o

    ----------------------------------------------------------------------
      6340        186        320          4          0       3808   Library Totals
         6          0          0          0          0          0   (incl. Padding)

    ----------------------------------------------------------------------

      Code (inc. data)   RO Data    RW Data    ZI Data      Debug   Library Name

      1648         80        320          0          0        632   m_ws.l
      2860        106          0          4          0       1428   mc_w.l
      1826          0          0          0          0       1748   mf_w.l

    ----------------------------------------------------------------------
      6340        186        320          4          0       3808   Library Totals

    ----------------------------------------------------------------------

==============================================================================


      Code (inc. data)   RO Data    RW Data    ZI Data      Debug   

     34608       2604       2400        788      13340     835788   Grand Totals
     34608       2604       2400        196      13340     835788   ELF Image Totals (compressed)
     34608       2604       2400        196          0          0   ROM Totals

==============================================================================

    Total RO  Size (Code + RO Data)                37008 (  36.14kB)
    Total RW  Size (RW Data + ZI Data)             14128 (  13.80kB)
    Total ROM Size (Code + RO Data + RW Data)      37204 (  36.33kB)

==============================================================================

