Component: ARM Compiler 5.06 update 6 (build 750) Tool: armlink [4d35ed]

==============================================================================

Section Cross References

    startup_stm32f103xb.o(RESET) refers to startup_stm32f103xb.o(STACK) for __initial_sp
    startup_stm32f103xb.o(RESET) refers to startup_stm32f103xb.o(.text) for Reset_Handler
    startup_stm32f103xb.o(RESET) refers to stm32f1xx_it.o(i.NMI_Handler) for NMI_Handler
    startup_stm32f103xb.o(RESET) refers to stm32f1xx_it.o(i.HardFault_Handler) for HardFault_Handler
    startup_stm32f103xb.o(RESET) refers to stm32f1xx_it.o(i.MemManage_Handler) for MemManage_Handler
    startup_stm32f103xb.o(RESET) refers to stm32f1xx_it.o(i.BusFault_Handler) for BusFault_Handler
    startup_stm32f103xb.o(RESET) refers to stm32f1xx_it.o(i.UsageFault_Handler) for UsageFault_Handler
    startup_stm32f103xb.o(RESET) refers to port.o(.emb_text) for SVC_Handler
    startup_stm32f103xb.o(RESET) refers to stm32f1xx_it.o(i.DebugMon_Handler) for DebugMon_Handler
    startup_stm32f103xb.o(RESET) refers to port.o(i.SysTick_Handler) for SysTick_Handler
    startup_stm32f103xb.o(RESET) refers to stm32f1xx_it.o(i.DMA1_Channel1_IRQHandler) for DMA1_Channel1_IRQHandler
    startup_stm32f103xb.o(RESET) refers to stm32f1xx_it.o(i.TIM1_UP_IRQHandler) for TIM1_UP_IRQHandler
    startup_stm32f103xb.o(RESET) refers to stm32f1xx_it.o(i.EXTI15_10_IRQHandler) for EXTI15_10_IRQHandler
    startup_stm32f103xb.o(.text) refers to system_stm32f1xx.o(i.SystemInit) for SystemInit
    startup_stm32f103xb.o(.text) refers to entry.o(.ARM.Collect$$$$00000000) for __main
    charger.o(i.Cell_Handle) refers to cfcmple.o(.text) for __aeabi_cfcmple
    charger.o(i.Cell_Handle) refers to charger.o(i.Get_Voltage_MicroCompensate) for Get_Voltage_MicroCompensate
    charger.o(i.Cell_Handle) refers to charger.o(i.Set_Voltage) for Set_Voltage
    charger.o(i.ChargingStage_Monitor) refers to cfcmple.o(.text) for __aeabi_cfcmple
    charger.o(i.ChargingStage_Monitor) refers to charger.o(i.Close_StartSignal) for Close_StartSignal
    charger.o(i.ChargingStage_Monitor) refers to f2d.o(.text) for __aeabi_f2d
    charger.o(i.ChargingStage_Monitor) refers to shell.o(i.shellPrint) for shellPrint
    charger.o(i.ChargingStage_Monitor) refers to charger.o(.data) for .data
    charger.o(i.ChargingStage_Monitor) refers to charger.o(.bss) for .bss
    charger.o(i.ChargingStage_Monitor) refers to shell_port.o(.bss) for shell
    charger.o(i.Charging_Poll) refers to charger.o(i.Check_Connect) for Check_Connect
    charger.o(i.Charging_Poll) refers to charger.o(i.Get_BackCharging_Parameters) for Get_BackCharging_Parameters
    charger.o(i.Charging_Poll) refers to charger.o(i.Open_StartSignal) for Open_StartSignal
    charger.o(i.Charging_Poll) refers to charger.o(i.Close_StartSignal) for Close_StartSignal
    charger.o(i.Charging_Poll) refers to charger.o(i.Cell_Handle) for Cell_Handle
    charger.o(i.Charging_Poll) refers to charger.o(i.ChargingStage_Monitor) for ChargingStage_Monitor
    charger.o(i.Charging_Sampling) refers to charger.o(i.Get_Vbus_Vbat) for Get_Vbus_Vbat
    charger.o(i.Charging_Sampling) refers to charger.o(i.kalmanFilter) for kalmanFilter
    charger.o(i.Charging_Sampling) refers to charger.o(i.Get_Ibat) for Get_Ibat
    charger.o(i.Check_Connect) refers to fadd.o(.text) for __aeabi_fadd
    charger.o(i.Check_Connect) refers to charger.o(i.Start_Check) for Start_Check
    charger.o(i.Check_Connect) refers to charger.o(i.Set_Check) for Set_Check
    charger.o(i.Check_Connect) refers to shell.o(i.shellPrint) for shellPrint
    charger.o(i.Check_Connect) refers to charger.o(i.Set_Voltage) for Set_Voltage
    charger.o(i.Check_Connect) refers to charger.o(.data) for .data
    charger.o(i.Check_Connect) refers to charger.o(.bss) for .bss
    charger.o(i.Check_Connect) refers to cmsis_os.o(i.osDelay) for osDelay
    charger.o(i.Check_Connect) refers to shell_port.o(.bss) for shell
    charger.o(i.Close_StartSignal) refers to charger.o(i.Set_Voltage) for Set_Voltage
    charger.o(i.Close_StartSignal) refers to tim.o(.bss) for htim4
    charger.o(i.Get_BackCharging_Parameters) refers to ffltui.o(.text) for __aeabi_ui2f
    charger.o(i.Get_BackCharging_Parameters) refers to fdiv.o(.text) for __aeabi_fdiv
    charger.o(i.Get_BackCharging_Parameters) refers to cfrcmple.o(.text) for __aeabi_cfrcmple
    charger.o(i.Get_BackCharging_Parameters) refers to cfcmple.o(.text) for __aeabi_cfcmple
    charger.o(i.Get_BackCharging_Parameters) refers to fmul.o(.text) for __aeabi_fmul
    charger.o(i.Get_BackCharging_Parameters) refers to charger.o(.constdata) for .constdata
    charger.o(i.Get_Ibat) refers to adc.o(i.Get_AdcValue) for Get_AdcValue
    charger.o(i.Get_Ibat) refers to ffltui.o(.text) for __aeabi_ui2f
    charger.o(i.Get_Ibat) refers to fmul.o(.text) for __aeabi_fmul
    charger.o(i.Get_Ibat) refers to fadd.o(.text) for __aeabi_fadd
    charger.o(i.Get_Ibat) refers to clibration.o(.bss) for Adc
[...]
    BusFault_Handler                         0x08000f25   Thumb Code     2  stm32f1xx_it.o(i.BusFault_Handler)
    Cell_Handle                              0x08000f27   Thumb Code    96  charger.o(i.Cell_Handle)
    ChargingHandle_Task                      0x08000f89   Thumb Code    40  freertos.o(i.ChargingHandle_Task)
    Charging_Poll                            0x080010a1   Thumb Code   116  charger.o(i.Charging_Poll)
    Charging_Sampling                        0x08001115   Thumb Code    68  charger.o(i.Charging_Sampling)
    Check_ADC                                0x08001159   Thumb Code   420  clibration.o(i.Check_ADC)
    Close_StartSignal                        0x08001551   Thumb Code    42  charger.o(i.Close_StartSignal)
    DMA1_Channel1_IRQHandler                 0x08001581   Thumb Code     6  stm32f1xx_it.o(i.DMA1_Channel1_IRQHandler)
    Dac_Clibration                           0x080015b9   Thumb Code   384  clibration.o(i.Dac_Clibration)
    DebugMon_Handler                         0x080017ad   Thumb Code     2  stm32f1xx_it.o(i.DebugMon_Handler)
    Debug_Task                               0x080017b1   Thumb Code     8  freertos.o(i.Debug_Task)
    Dwin_SendWithCRC                         0x080017bd   Thumb Code    76  dwin.o(i.Dwin_SendWithCRC)
    Dwin_Write                               0x0800180d   Thumb Code    86  dwin.o(i.Dwin_Write)
    EXTI15_10_IRQHandler                     0x08001869   Thumb Code    30  stm32f1xx_it.o(i.EXTI15_10_IRQHandler)
    Endian_Swap                              0x08001887   Thumb Code    40  dwin.o(i.Endian_Swap)
    Error_Handler                            0x080018af   Thumb Code     4  main.o(i.Error_Handler)
    FLASH_Init                               0x080018b5   Thumb Code    20  flash.o(i.FLASH_Init)
    FLASH_PageErase                          0x080018f1   Thumb Code    28  stm32f1xx_hal_flash_ex.o(i.FLASH_PageErase)
    FLASH_Read                               0x08001931   Thumb Code    40  flash.o(i.FLASH_Read)
    FLASH_WaitForLastOperation               0x080019b5   Thumb Code    80  stm32f1xx_hal_flash.o(i.FLASH_WaitForLastOperation)
    FLASH_Write                              0x08001a09   Thumb Code   116  flash.o(i.FLASH_Write)
    Get_AdcValue                             0x08001a81   Thumb Code    34  adc.o(i.Get_AdcValue)
    Get_Crc16                                0x08001b71   Thumb Code    54  dwin.o(i.Get_Crc16)
    Get_Ibat                                 0x08001ba9   Thumb Code    50  charger.o(i.Get_Ibat)
    Get_Vbus_Vbat                            0x08001be1   Thumb Code    56  charger.o(i.Get_Vbus_Vbat)
    Get_Voltage_MicroCompensate              0x08001c1d   Thumb Code    94  charger.o(i.Get_Voltage_MicroCompensate)
    HAL_ADC_ConfigChannel                    0x08001c85   Thumb Code   240  stm32f1xx_hal_adc.o(i.HAL_ADC_ConfigChannel)
    HAL_ADC_ConvCpltCallback                 0x08001d81   Thumb Code     2  stm32f1xx_hal_adc.o(i.HAL_ADC_ConvCpltCallback)
    HAL_ADC_ConvHalfCpltCallback             0x08001d83   Thumb Code     2  stm32f1xx_hal_adc.o(i.HAL_ADC_ConvHalfCpltCallback)
    HAL_ADC_ErrorCallback                    0x08001d85   Thumb Code     2  stm32f1xx_hal_adc.o(i.HAL_ADC_ErrorCallback)
    HAL_ADC_Init                             0x08001d89   Thumb Code   272  stm32f1xx_hal_adc.o(i.HAL_ADC_Init)
    HAL_ADC_MspInit                          0x08001ea5   Thumb Code   156  adc.o(i.HAL_ADC_MspInit)
    HAL_ADC_Start_DMA                        0x08001f59   Thumb Code   246  stm32f1xx_hal_adc.o(i.HAL_ADC_Start_DMA)
    HAL_DMA_IRQHandler                       0x08002065   Thumb Code   316  stm32f1xx_hal_dma.o(i.HAL_DMA_IRQHandler)
    HAL_DMA_Init                             0x080021b9   Thumb Code    84  stm32f1xx_hal_dma.o(i.HAL_DMA_Init)
    HAL_DMA_Start_IT                         0x08002215   Thumb Code   112  stm32f1xx_hal_dma.o(i.HAL_DMA_Start_IT)
    HAL_Delay                                0x08002285   Thumb Code    32  stm32f1xx_hal.o(i.HAL_Delay)
    HAL_FLASHEx_Erase                        0x080022a9   Thumb Code   160  stm32f1xx_hal_flash_ex.o(i.HAL_FLASHEx_Erase)
    HAL_FLASH_Lock                           0x08002351   Thumb Code    14  stm32f1xx_hal_flash.o(i.HAL_FLASH_Lock)
    HAL_FLASH_Program                        0x08002365   Thumb Code   120  stm32f1xx_hal_flash.o(i.HAL_FLASH_Program)
    HAL_FLASH_Unlock                         0x080023e5   Thumb Code    28  stm32f1xx_hal_flash.o(i.HAL_FLASH_Unlock)
    HAL_GPIO_EXTI_Callback                   0x0800240d   Thumb Code    44  gpio.o(i.HAL_GPIO_EXTI_Callback)
    HAL_GPIO_EXTI_IRQHandler                 0x0800243d   Thumb Code    18  stm32f1xx_hal_gpio.o(i.HAL_GPIO_EXTI_IRQHandler)
    HAL_GPIO_Init                            0x08002455   Thumb Code   446  stm32f1xx_hal_gpio.o(i.HAL_GPIO_Init)
    HAL_GPIO_WritePin                        0x08002635   Thumb Code    10  stm32f1xx_hal_gpio.o(i.HAL_GPIO_WritePin)
    HAL_GetTick                              0x08002641   Thumb Code     6  stm32f1xx_hal.o(i.HAL_GetTick)
    HAL_IncTick                              0x0800264d   Thumb Code    12  stm32f1xx_hal.o(i.HAL_IncTick)
    HAL_Init                                 0x0800265d   Thumb Code    32  stm32f1xx_hal.o(i.HAL_Init)
    HAL_InitTick                             0x08002681   Thumb Code    98  stm32f1xx_hal_timebase_tim.o(i.HAL_InitTick)
    HAL_MspInit                              0x080026f5   Thumb Code    62  stm32f1xx_hal_msp.o(i.HAL_MspInit)
    HAL_NVIC_EnableIRQ                       0x0800273d   Thumb Code    26  stm32f1xx_hal_cortex.o(i.HAL_NVIC_EnableIRQ)
    HAL_NVIC_SetPriority                     0x08002759   Thumb Code    60  stm32f1xx_hal_cortex.o(i.HAL_NVIC_SetPriority)
    HAL_NVIC_SetPriorityGrouping             0x08002799   Thumb Code    26  stm32f1xx_hal_cortex.o(i.HAL_NVIC_SetPriorityGrouping)
    HAL_RCCEx_PeriphCLKConfig                0x080027bd   Thumb Code   224  stm32f1xx_hal_rcc_ex.o(i.HAL_RCCEx_PeriphCLKConfig)
    HAL_RCC_ClockConfig                      0x080028a9   Thumb Code   280  stm32f1xx_hal_rcc.o(i.HAL_RCC_ClockConfig)
    HAL_RCC_GetClockConfig                   0x080029d5   Thumb Code    54  stm32f1xx_hal_rcc.o(i.HAL_RCC_GetClockConfig)
    HAL_RCC_GetPCLK1Freq                     0x08002a15   Thumb Code    20  stm32f1xx_hal_rcc.o(i.HAL_RCC_GetPCLK1Freq)
    HAL_RCC_GetPCLK2Freq                     0x08002a35   Thumb Code    20  stm32f1xx_hal_rcc.o(i.HAL_RCC_GetPCLK2Freq)
    HAL_RCC_GetSysClockFreq                  0x08002a55   Thumb Code    74  stm32f1xx_hal_rcc.o(i.HAL_RCC_GetSysClockFreq)
    HAL_RCC_OscConfig                        0x08002ac1   Thumb Code   778  stm32f1xx_hal_rcc.o(i.HAL_RCC_OscConfig)
    HAL_SPI_Init                             0x08002de1   Thumb Code   178  stm32f1xx_hal_spi.o(i.HAL_SPI_Init)
    HAL_SPI_MspInit                          0x08002e95   Thumb Code   150  spi.o(i.HAL_SPI_MspInit)
    HAL_SPI_Transmit                         0x08002f41   Thumb Code   358  stm32f1xx_hal_spi.o(i.HAL_SPI_Transmit)
    HAL_TIMEx_BreakCallback                  0x080030a7   Thumb Code     2  stm32f1xx_hal_tim_ex.o(i.HAL_TIMEx_BreakCallback)
    HAL_TIMEx_CommutCallback                 0x080030a9   Thumb Code     2  stm32f1xx_hal_tim_ex.o(i.HAL_TIMEx_CommutCallback)
    HAL_TIMEx_MasterConfigSynchronization    0x080030ad   Thumb Code    92  stm32f1xx_hal_tim_ex.o(i.HAL_TIMEx_MasterConfigSynchronization)
    HAL_TIM_Base_Init                        0x08003115   Thumb Code    90  stm32f1xx_hal_tim.o(i.HAL_TIM_Base_Init)
    HAL_TIM_Base_MspInit                     0x08003171   Thumb Code    52  tim.o(i.HAL_TIM_Base_MspInit)
    HAL_TIM_Base_Start_IT                    0x080031b1   Thumb Code    76  stm32f1xx_hal_tim.o(i.HAL_TIM_Base_Start_IT)
    HAL_TIM_ConfigClockSource                0x08003209   Thumb Code   214  stm32f1xx_hal_tim.o(i.HAL_TIM_ConfigClockSource)
    HAL_TIM_IC_CaptureCallback               0x080032df   Thumb Code     2  stm32f1xx_hal_tim.o(i.HAL_TIM_IC_CaptureCallback)
    HAL_TIM_IRQHandler                       0x080032e1   Thumb Code   358  stm32f1xx_hal_tim.o(i.HAL_TIM_IRQHandler)
    HAL_TIM_MspPostInit                      0x08003449   Thumb Code    96  tim.o(i.HAL_TIM_MspPostInit)
    HAL_TIM_OC_DelayElapsedCallback          0x080034b9   Thumb Code     2  stm32f1xx_hal_tim.o(i.HAL_TIM_OC_DelayElapsedCallback)
    HAL_TIM_PWM_ConfigChannel                0x080034bb   Thumb Code   198  stm32f1xx_hal_tim.o(i.HAL_TIM_PWM_ConfigChannel)
    HAL_TIM_PWM_Init                         0x08003581   Thumb Code    90  stm32f1xx_hal_tim.o(i.HAL_TIM_PWM_Init)
    HAL_TIM_PWM_MspInit                      0x080035db   Thumb Code     2  stm32f1xx_hal_tim.o(i.HAL_TIM_PWM_MspInit)
    HAL_TIM_PWM_PulseFinishedCallback        0x080035dd   Thumb Code     2  stm32f1xx_hal_tim.o(i.HAL_TIM_PWM_PulseFinishedCallback)
    HAL_TIM_PWM_Start                        0x080035e1   Thumb Code   144  stm32f1xx_hal_tim.o(i.HAL_TIM_PWM_Start)
    HAL_TIM_PeriodElapsedCallback            0x0800367d   Thumb Code    14  main.o(i.HAL_TIM_PeriodElapsedCallback)
    HAL_TIM_TriggerCallback                  0x08003691   Thumb Code     2  stm32f1xx_hal_tim.o(i.HAL_TIM_TriggerCallback)
    HAL_UART_Init                            0x08003693   Thumb Code    98  stm32f1xx_hal_uart.o(i.HAL_UART_Init)
    HAL_UART_MspInit                         0x080036f5   Thumb Code   166  usart.o(i.HAL_UART_MspInit)
    HAL_UART_Receive                         0x080037b1   Thumb Code   192  stm32f1xx_hal_uart.o(i.HAL_UART_Receive)
    HAL_UART_Transmit                        0x08003871   Thumb Code   178  stm32f1xx_hal_uart.o(i.HAL_UART_Transmit)
    HardFault_Handler                        0x08003923   Thumb Code     2  stm32f1xx_it.o(i.HardFault_Handler)
    Input_FloatPaser                         0x08003925   Thumb Code   244  clibration.o(i.Input_FloatPaser)
    MX_ADC1_Init                             0x08003a2d   Thumb Code   238  adc.o(i.MX_ADC1_Init)
    MX_DMA_Init                              0x08003b25   Thumb Code    40  dma.o(i.MX_DMA_Init)
    MX_FREERTOS_Init                         0x08003b51   Thumb Code   134  freertos.o(i.MX_FREERTOS_Init)
    MX_GPIO_Init                             0x08003be1   Thumb Code   264  gpio.o(i.MX_GPIO_Init)
    MX_SPI1_Init                             0x08003cfd   Thumb Code    64  spi.o(i.MX_SPI1_Init)
    MX_SPI2_Init                             0x08003d45   Thumb Code    62  spi.o(i.MX_SPI2_Init)
    MX_TIM3_Init                             0x08003d8d   Thumb Code   152  tim.o(i.MX_TIM3_Init)
    MX_TIM4_Init                             0x08003e2d   Thumb Code   182  tim.o(i.MX_TIM4_Init)
    MX_USART1_UART_Init                      0x08003eed   Thumb Code    48  usart.o(i.MX_USART1_UART_Init)
    MX_USART3_UART_Init                      0x08003f25   Thumb Code    48  usart.o(i.MX_USART3_UART_Init)
    Mcp48xx_Write                            0x08003f5d   Thumb Code   170  mcp4822.o(i.Mcp48xx_Write)
    MemManage_Handler                        0x08004019   Thumb Code     2  stm32f1xx_it.o(i.MemManage_Handler)
    NMI_Handler                              0x0800401b   Thumb Code     2  stm32f1xx_it.o(i.NMI_Handler)
    Open_StartSignal                         0x0800401d   Thumb Code    34  charger.o(i.Open_StartSignal)
    Output_Ref                               0x08004045   Thumb Code    52  mcp4822.o(i.Output_Ref)
    Report_Callback                          0x08004081   Thumb Code    34  freertos.o(i.Report_Callback)
    Report_ChargerInfo                       0x080040a9   Thumb Code   304  charger.o(i.Report_ChargerInfo)
    Run_Task                                 0x080041e9   Thumb Code    44  freertos.o(i.Run_Task)
    Sampling_Task                            0x080042f5   Thumb Code    36  freertos.o(i.Sampling_Task)
    See_ADC_Param                            0x0800431d   Thumb Code    88  clibration.o(i.See_ADC_Param)
    See_DAC_Param                            0x0800439d   Thumb Code    70  clibration.o(i.See_DAC_Param)
    Set_Check                                0x08004409   Thumb Code    40  charger.o(i.Set_Check)
    Set_Voltage                              0x08004439   Thumb Code    70  charger.o(i.Set_Voltage)
    Start_Check                              0x08004489   Thumb Code    64  charger.o(i.Start_Check)
    SysTick_Handler                          0x080044d1   Thumb Code    38  port.o(i.SysTick_Handler)
    SystemClock_Config                       0x080044fd   Thumb Code   120  main.o(i.SystemClock_Config)
    SystemInit                               0x08004575   Thumb Code     2  system_stm32f1xx.o(i.SystemInit)
    TIM1_UP_IRQHandler                       0x08004579   Thumb Code     6  stm32f1xx_it.o(i.TIM1_UP_IRQHandler)
    TIM_Base_SetConfig                       0x08004585   Thumb Code    94  stm32f1xx_hal_tim.o(i.TIM_Base_SetConfig)
    TIM_CCxChannelCmd                        0x080045f1   Thumb Code    26  stm32f1xx_hal_tim.o(i.TIM_CCxChannelCmd)
    TIM_ETR_SetConfig                        0x0800460b   Thumb Code    20  stm32f1xx_hal_tim.o(i.TIM_ETR_SetConfig)
    TIM_OC2_SetConfig                        0x08004681   Thumb Code    84  stm32f1xx_hal_tim.o(i.TIM_OC2_SetConfig)
    UsageFault_Handler                       0x080048d9   Thumb Code     2  stm32f1xx_it.o(i.UsageFault_Handler)
    User_Shell_Init                          0x080048dd   Thumb Code    28  shell_port.o(i.User_Shell_Init)
    User_Shell_Read                          0x0800490d   Thumb Code    24  shell_port.o(i.User_Shell_Read)
    User_Shell_Write                         0x08004929   Thumb Code    26  shell_port.o(i.User_Shell_Write)
    __0vsnprintf                             0x08004949   Thumb Code    40  printfa.o(i.__0vsnprintf)
    __1vsnprintf                             0x08004949   Thumb Code     0  printfa.o(i.__0vsnprintf)
    __2vsnprintf                             0x08004949   Thumb Code     0  printfa.o(i.__0vsnprintf)
    __c89vsnprintf                           0x08004949   Thumb Code     0  printfa.o(i.__0vsnprintf)
    vsnprintf                                0x08004949   Thumb Code     0  printfa.o(i.__0vsnprintf)
    __ARM_fpclassifyf                        0x08004975   Thumb Code    38  fpclassifyf.o(i.__ARM_fpclassifyf)
    __mathlib_flt_divzero                    0x080049bb   Thumb Code    10  funder.o(i.__mathlib_flt_divzero)
    __mathlib_flt_infnan2                    0x080049c5   Thumb Code     4  funder.o(i.__mathlib_flt_infnan2)
    __mathlib_flt_invalid                    0x080049c9   Thumb Code     8  funder.o(i.__mathlib_flt_invalid)
    __mathlib_flt_overflow                   0x080049d1   Thumb Code    10  funder.o(i.__mathlib_flt_overflow)
    __mathlib_flt_underflow                  0x080049db   Thumb Code    10  funder.o(i.__mathlib_flt_underflow)
    __scatterload_copy                       0x080049e5   Thumb Code    14  handlers.o(i.__scatterload_copy)
    __scatterload_null                       0x080049f3   Thumb Code     2  handlers.o(i.__scatterload_null)
    __scatterload_zeroinit                   0x080049f5   Thumb Code    14  handlers.o(i.__scatterload_zeroinit)
    __set_errno                              0x08004a05   Thumb Code     6  errno.o(i.__set_errno)
    kalmanFilter                             0x080052e5   Thumb Code   102  charger.o(i.kalmanFilter)
    main                                     0x08005351   Thumb Code   184  main.o(i.main)
    osDelay                                  0x08005481   Thumb Code    14  cmsis_os.o(i.osDelay)
    osKernelStart                            0x0800548f   Thumb Code    10  cmsis_os.o(i.osKernelStart)
    osRecursiveMutexCreate                   0x08005499   Thumb Code    16  cmsis_os.o(i.osRecursiveMutexCreate)
    osRecursiveMutexRelease                  0x080054a9   Thumb Code    18  cmsis_os.o(i.osRecursiveMutexRelease)
    osRecursiveMutexWait                     0x080054bb   Thumb Code    42  cmsis_os.o(i.osRecursiveMutexWait)
    osThreadCreate                           0x080054e5   Thumb Code    84  cmsis_os.o(i.osThreadCreate)
    osThreadResume                           0x08005539   Thumb Code    46  cmsis_os.o(i.osThreadResume)
    osThreadSuspend                          0x0800556d   Thumb Code    10  cmsis_os.o(i.osThreadSuspend)
    osTimerCreate                            0x08005579   Thumb Code    60  cmsis_os.o(i.osTimerCreate)
    osTimerStart                             0x080055b9   Thumb Code    88  cmsis_os.o(i.osTimerStart)
    osTimerStop                              0x08005615   Thumb Code    82  cmsis_os.o(i.osTimerStop)
    __mathlib_powf                           0x0800566d   Thumb Code     0  powf.o(i.powf)
    powf                                     0x0800566d   Thumb Code  1548  powf.o(i.powf)
    pvPortMalloc                             0x08006449   Thumb Code   210  heap_4.o(i.pvPortMalloc)
    pvTaskIncrementMutexHeldCount            0x08006521   Thumb Code    18  tasks.o(i.pvTaskIncrementMutexHeldCount)
    pxPortInitialiseStack                    0x08006539   Thumb Code    32  port.o(i.pxPortInitialiseStack)
    shellBackspace                           0x0800655d   Thumb Code     6  shell.o(i.shellBackspace)
    shellCheckPermission                     0x08006563   Thumb Code    46  shell.o(i.shellCheckPermission)
    shellClear                               0x08006591   Thumb Code    24  shell.o(i.shellClear)
    shellClearCommandLine                    0x080065ad   Thumb Code    48  shell.o(i.shellClearCommandLine)
    shellCmds                                0x080065dd   Thumb Code    20  shell.o(i.shellCmds)
    shellDelete                              0x080065f1   Thumb Code     8  shell.o(i.shellDelete)
    shellDeleteByte                          0x080065f9   Thumb Code   214  shell.o(i.shellDeleteByte)
    shellDeleteCommandLine                   0x080066d1   Thumb Code    24  shell.o(i.shellDeleteCommandLine)
    shellDown                                0x080066ed   Thumb Code     8  shell.o(i.shellDown)
    shellEnter                               0x080066f5   Thumb Code    20  shell.o(i.shellEnter)
    shellExec                                0x08006709   Thumb Code   136  shell.o(i.shellExec)
    shellExecute                             0x08006799   Thumb Code    72  shell.o(i.shellExecute)
    shellExtParsePara                        0x08006937   Thumb Code   160  shell_ext.o(i.shellExtParsePara)
    shellExtRun                              0x080069d7   Thumb Code   198  shell_ext.o(i.shellExtRun)
    shellGetCurrent                          0x08006ad9   Thumb Code    36  shell.o(i.shellGetCurrent)
    shellGetVarValue                         0x08006b01   Thumb Code    62  shell.o(i.shellGetVarValue)
    shellHandler                             0x08006b41   Thumb Code   226  shell.o(i.shellHandler)
    shellHelp                                0x08006c29   Thumb Code    40  shell.o(i.shellHelp)
    shellInit                                0x08006d51   Thumb Code   140  shell.o(i.shellInit)
    shellInsertByte                          0x08006ded   Thumb Code   214  shell.o(i.shellInsertByte)
    shellKeys                                0x08006ec9   Thumb Code    20  shell.o(i.shellKeys)
    shellLeft                                0x08006edd   Thumb Code    32  shell.o(i.shellLeft)
    shellListAll                             0x08006efd   Thumb Code    18  shell.o(i.shellListAll)
    shellListCommand                         0x08006f11   Thumb Code    72  shell.o(i.shellListCommand)
    shellListItem                            0x08006f5d   Thumb Code   228  shell.o(i.shellListItem)
    shellListKey                             0x08007051   Thumb Code    76  shell.o(i.shellListKey)
    shellListUser                            0x080070a1   Thumb Code    76  shell.o(i.shellListUser)
    shellListVar                             0x080070f1   Thumb Code    74  shell.o(i.shellListVar)
    shellNormalInput                         0x08007141   Thumb Code    16  shell.o(i.shellNormalInput)
    shellPrint                               0x080071c9   Thumb Code    38  shell.o(i.shellPrint)
    shellRight                               0x080071ef   Thumb Code    32  shell.o(i.shellRight)
    shellRunCommand                          0x08007211   Thumb Code   184  shell.o(i.shellRunCommand)
    shellSeekCommand                         0x080072c9   Thumb Code   110  shell.o(i.shellSeekCommand)
    shellSetVar                              0x08007399   Thumb Code    82  shell.o(i.shellSetVar)
    shellSetVarValue                         0x080073f1   Thumb Code   108  shell.o(i.shellSetVarValue)
    shellTab                                 0x0800754d   Thumb Code   322  shell.o(i.shellTab)
    shellTask                                0x08007695   Thumb Code    36  shell.o(i.shellTask)
    shellToDec                               0x080076b9   Thumb Code    76  shell.o(i.shellToDec)
    shellToHex                               0x08007705   Thumb Code    42  shell.o(i.shellToHex)
    shellUp                                  0x0800772f   Thumb Code     6  shell.o(i.shellUp)
    shellUsers                               0x08007735   Thumb Code    20  shell.o(i.shellUsers)
    shellVars                                0x08007749   Thumb Code    20  shell.o(i.shellVars)
    shellWriteString                         0x08007891   Thumb Code    38  shell.o(i.shellWriteString)
    userShellLock                            0x080078b9   Thumb Code    18  shell_port.o(i.userShellLock)
    userShellUnlock                          0x080078d1   Thumb Code    14  shell_port.o(i.userShellUnlock)
    uxListRemove                             0x080078e5   Thumb Code    38  list.o(i.uxListRemove)
    vApplicationGetIdleTaskMemory            0x0800790d   Thumb Code    16  freertos.o(i.vApplicationGetIdleTaskMemory)
    vApplicationGetTimerTaskMemory           0x08007921   Thumb Code    18  freertos.o(i.vApplicationGetTimerTaskMemory)
    vListInitialise                          0x08007939   Thumb Code    22  list.o(i.vListInitialise)
    vListInitialiseItem                      0x0800794f   Thumb Code     6  list.o(i.vListInitialiseItem)
    vListInsert                              0x08007955   Thumb Code    48  list.o(i.vListInsert)
    vListInsertEnd                           0x08007985   Thumb Code    24  list.o(i.vListInsertEnd)
    vPortEnterCritical                       0x0800799d   Thumb Code    54  port.o(i.vPortEnterCritical)
    vPortExitCritical                        0x080079dd   Thumb Code    34  port.o(i.vPortExitCritical)
    vPortFree                                0x08007a05   Thumb Code    88  heap_4.o(i.vPortFree)
    vPortSetupTimerInterrupt                 0x08007a61   Thumb Code    32  port.o(i.vPortSetupTimerInterrupt)
    vPortValidateInterruptPriority           0x08007a85   Thumb Code    74  port.o(i.vPortValidateInterruptPriority)
    vQueueAddToRegistry                      0x08007ad9   Thumb Code    34  queue.o(i.vQueueAddToRegistry)
    vQueueWaitForMessageRestricted           0x08007b01   Thumb Code    68  queue.o(i.vQueueWaitForMessageRestricted)
    vTaskDelay                               0x08007b45   Thumb Code    66  tasks.o(i.vTaskDelay)
    vTaskInternalSetTimeOutState             0x08007b91   Thumb Code    12  tasks.o(i.vTaskInternalSetTimeOutState)
    vTaskMissedYield                         0x08007ba1   Thumb Code     8  tasks.o(i.vTaskMissedYield)
    vTaskPlaceOnEventList                    0x08007bad   Thumb Code    44  tasks.o(i.vTaskPlaceOnEventList)
    vTaskPlaceOnEventListRestricted          0x08007bdd   Thumb Code    52  tasks.o(i.vTaskPlaceOnEventListRestricted)
    vTaskPriorityDisinheritAfterTimeout      0x08007c15   Thumb Code   160  tasks.o(i.vTaskPriorityDisinheritAfterTimeout)
    vTaskResume                              0x08007cbd   Thumb Code   112  tasks.o(i.vTaskResume)
    vTaskStartScheduler                      0x08007d39   Thumb Code   118  tasks.o(i.vTaskStartScheduler)
    vTaskSuspend                             0x08007dc1   Thumb Code   174  tasks.o(i.vTaskSuspend)
    vTaskSuspendAll                          0x08007e7d   Thumb Code    10  tasks.o(i.vTaskSuspendAll)
    vTaskSwitchContext                       0x08007e8d   Thumb Code    82  tasks.o(i.vTaskSwitchContext)
    xPortStartScheduler                      0x08007ee9   Thumb Code   154  port.o(i.xPortStartScheduler)
    xQueueCreateMutex                        0x08007f91   Thumb Code    22  queue.o(i.xQueueCreateMutex)
    xQueueCreateMutexStatic                  0x08007fa7   Thumb Code    26  queue.o(i.xQueueCreateMutexStatic)
    xQueueGenericCreate                      0x08007fc1   Thumb Code    72  queue.o(i.xQueueGenericCreate)
    xQueueGenericCreateStatic                0x08008009   Thumb Code   102  queue.o(i.xQueueGenericCreateStatic)
    xQueueGenericReset                       0x08008071   Thumb Code   132  queue.o(i.xQueueGenericReset)
    xQueueGenericSend                        0x080080f9   Thumb Code   346  queue.o(i.xQueueGenericSend)
    xQueueGenericSendFromISR                 0x08008259   Thumb Code   188  queue.o(i.xQueueGenericSendFromISR)
    xQueueGiveMutexRecursive                 0x08008315   Thumb Code    62  queue.o(i.xQueueGiveMutexRecursive)
    xQueueReceive                            0x08008355   Thumb Code   308  queue.o(i.xQueueReceive)
    xQueueSemaphoreTake                      0x0800848d   Thumb Code   372  queue.o(i.xQueueSemaphoreTake)
    xQueueTakeMutexRecursive                 0x08008605   Thumb Code    64  queue.o(i.xQueueTakeMutexRecursive)
    xTaskCheckForTimeOut                     0x08008645   Thumb Code   112  tasks.o(i.xTaskCheckForTimeOut)
    xTaskCreate                              0x080086b9   Thumb Code    90  tasks.o(i.xTaskCreate)
    xTaskCreateStatic                        0x08008713   Thumb Code    86  tasks.o(i.xTaskCreateStatic)
    xTaskGetCurrentTaskHandle                0x08008769   Thumb Code     6  tasks.o(i.xTaskGetCurrentTaskHandle)
    xTaskGetSchedulerState                   0x08008775   Thumb Code    22  tasks.o(i.xTaskGetSchedulerState)
    xTaskGetTickCount                        0x08008791   Thumb Code     6  tasks.o(i.xTaskGetTickCount)
    xTaskIncrementTick                       0x0800879d   Thumb Code   192  tasks.o(i.xTaskIncrementTick)
    xTaskPriorityDisinherit                  0x08008865   Thumb Code   144  tasks.o(i.xTaskPriorityDisinherit)
    xTaskPriorityInherit                     0x080088fd   Thumb Code   138  tasks.o(i.xTaskPriorityInherit)
    xTaskRemoveFromEventList                 0x08008991   Thumb Code   108  tasks.o(i.xTaskRemoveFromEventList)
    xTaskResumeAll                           0x08008a05   Thumb Code   182  tasks.o(i.xTaskResumeAll)
    xTaskResumeFromISR                       0x08008ac9   Thumb Code   128  tasks.o(i.xTaskResumeFromISR)
    xTimerCreate                             0x08008b51   Thumb Code    52  timers.o(i.xTimerCreate)
    xTimerCreateStatic                       0x08008b85   Thumb Code    46  timers.o(i.xTimerCreateStatic)
    xTimerCreateTimerTask                    0x08008bb5   Thumb Code    78  timers.o(i.xTimerCreateTimerTask)
    xTimerGenericCommand                     0x08008c15   Thumb Code    92  timers.o(i.xTimerGenericCommand)
    shellCmdadc_clibration                   0x08008c94   Data          15  clibration.o(.constdata)
    shellDescadc_clibration                  0x08008ca3   Data          11  clibration.o(.constdata)
    shellCmddac_clibration                   0x08008cae   Data          15  clibration.o(.constdata)
    shellDescdac_clibration                  0x08008cbd   Data          11  clibration.o(.constdata)
    shellCmdsee_adc                          0x08008cc8   Data           8  clibration.o(.constdata)
    shellDescsee_adc                         0x08008cd0   Data           4  clibration.o(.constdata)
    shellCmdsee_dac                          0x08008cd4   Data           8  clibration.o(.constdata)
    shellDescsee_dac                         0x08008cdc   Data           4  clibration.o(.constdata)
    shellCmdcheck_adc                        0x08008ce0   Data          10  clibration.o(.constdata)
    shellDesccheck_adc                       0x08008cea   Data           6  clibration.o(.constdata)
    shellCmdDefaultUser                      0x08008d68   Data           4  shell.o(.constdata)
    shellPasswordDefaultUser                 0x08008d6c   Data           1  shell.o(.constdata)
    shellDesDefaultUser                      0x08008d6d   Data          13  shell.o(.constdata)
    shellCmdsetVar                           0x08008d7a   Data           7  shell.o(.constdata)
    shellDescsetVar                          0x08008d81   Data           8  shell.o(.constdata)
    shellDesc0x1B5B4100                      0x08008d89   Data           3  shell.o(.constdata)
    shellDesc0x1B5B4200                      0x08008d8c   Data           5  shell.o(.constdata)
    shellDesc0x1B5B4300                      0x08008d91   Data           6  shell.o(.constdata)
    shellDesc0x1B5B4400                      0x08008d97   Data           5  shell.o(.constdata)
    shellDesc0x09000000                      0x08008d9c   Data           4  shell.o(.constdata)
    shellDesc0x08000000                      0x08008da0   Data          10  shell.o(.constdata)
    shellDesc0x7F000000                      0x08008daa   Data          10  shell.o(.constdata)
    shellDesc0x1B5B337E                      0x08008db4   Data           7  shell.o(.constdata)
    shellDesc0x0A000000                      0x08008dbb   Data           6  shell.o(.constdata)
    shellDesc0x0D000000                      0x08008dc1   Data           6  shell.o(.constdata)
    shellCmdhelp                             0x08008dc7   Data           5  shell.o(.constdata)
    shellDeschelp                            0x08008dcc   Data          30  shell.o(.constdata)
    shellCmdusers                            0x08008dea   Data           6  shell.o(.constdata)
    shellDescusers                           0x08008df0   Data          14  shell.o(.constdata)
    shellCmdcmds                             0x08008dfe   Data           5  shell.o(.constdata)
    shellDesccmds                            0x08008e03   Data          13  shell.o(.constdata)
    shellCmdvars                             0x08008e10   Data           5  shell.o(.constdata)
    shellDescvars                            0x08008e15   Data          13  shell.o(.constdata)
    shellCmdkeys                             0x08008e22   Data           5  shell.o(.constdata)
    shellDesckeys                            0x08008e27   Data          13  shell.o(.constdata)
    shellCmdclear                            0x08008e34   Data           6  shell.o(.constdata)
    shellDescclear                           0x08008e3a   Data          14  shell.o(.constdata)
    shellCmdexec                             0x08008e48   Data           5  shell.o(.constdata)
    shellDescexec                            0x08008e4d   Data          27  shell.o(.constdata)
    AHBPrescTable                            0x08008e78   Data          16  system_stm32f1xx.o(.constdata)
    APBPrescTable                            0x08008e88   Data           8  system_stm32f1xx.o(.constdata)
    Region$$Table$$Base                      0x08009348   Number         0  anon$$obj.o(Region$$Table)
    Region$$Table$$Limit                     0x08009368   Number         0  anon$$obj.o(Region$$Table)
    shellCommand$$Base                       0x08009368   Number         0  clibration.o(shellCommand)
    shellCommandadc_clibration               0x08009368   Data          16  clibration.o(shellCommand)
    shellCommanddac_clibration               0x08009378   Data          16  clibration.o(shellCommand)
    shellCommandsee_adc                      0x08009388   Data          16  clibration.o(shellCommand)
    shellCommandsee_dac                      0x08009398   Data          16  clibration.o(shellCommand)
    shellCommandcheck_adc                    0x080093a8   Data          16  clibration.o(shellCommand)
    shellUserDefault                         0x080093b8   Data          16  shell.o(shellCommand)
    shellCommandsetVar                       0x080093c8   Data          16  shell.o(shellCommand)
    shellKey0x1B5B4100                       0x080093d8   Data          16  shell.o(shellCommand)
    shellKey0x1B5B4200                       0x080093e8   Data          16  shell.o(shellCommand)
    shellKey0x1B5B4300                       0x080093f8   Data          16  shell.o(shellCommand)
    shellKey0x1B5B4400                       0x08009408   Data          16  shell.o(shellCommand)
    shellKey0x09000000                       0x08009418   Data          16  shell.o(shellCommand)
    shellKey0x08000000                       0x08009428   Data          16  shell.o(shellCommand)
    shellKey0x7F000000                       0x08009438   Data          16  shell.o(shellCommand)
    shellKey0x1B5B337E                       0x08009448   Data          16  shell.o(shellCommand)
    shellKey0x0A000000                       0x08009458   Data          16  shell.o(shellCommand)
    shellKey0x0D000000                       0x08009468   Data          16  shell.o(shellCommand)
    shellCommandhelp                         0x08009478   Data          16  shell.o(shellCommand)
    shellCommandusers                        0x08009488   Data          16  shell.o(shellCommand)
    shellCommandcmds                         0x08009498   Data          16  shell.o(shellCommand)
    shellCommandvars                         0x080094a8   Data          16  shell.o(shellCommand)
    shellCommandkeys                         0x080094b8   Data          16  shell.o(shellCommand)
    shellCommandclear                        0x080094c8   Data          16  shell.o(shellCommand)
    shellCommandexec                         0x080094d8   Data          16  shell.o(shellCommand)
    shellCommand$$Limit                      0x080094e8   Number         0  shell.o(shellCommand)
    g_Residual_Power                         0x20000008   Data           4  charger.o(.data)
    g_Charger                                0x2000000c   Data         504  charger.o(.data)
    g_Status                                 0x20000218   Data           1  freertos.o(.data)
    LedHandle                                0x2000021c   Data           4  freertos.o(.data)
    DebugHandle                              0x20000220   Data           4  freertos.o(.data)
    ChargingHandle                           0x20000224   Data           4  freertos.o(.data)
    SamplingHandle                           0x20000228   Data           4  freertos.o(.data)
    ReportHandle                             0x2000022c   Data           4  freertos.o(.data)
    shellMutexHandle                         0x20000230   Data           4  freertos.o(.data)
    uwTickFreq                               0x2000028c   Data           1  stm32f1xx_hal.o(.data)
    uwTickPrio                               0x20000290   Data           4  stm32f1xx_hal.o(.data)
    uwTick                                   0x20000294   Data           4  stm32f1xx_hal.o(.data)
    SystemCoreClock                          0x20000298   Data           4  system_stm32f1xx.o(.data)
    pxCurrentTCB                             0x2000029c   Data           4  tasks.o(.data)
    g_Cloud_Buffer                           0x20000314   Data          48  charger.o(.bss)
    g_Dwin                                   0x20000368   Data         260  dwin.o(.bss)
    Adc                                      0x2000046c   Data        1408  clibration.o(.bss)
    Dac                                      0x200009ec   Data         244  clibration.o(.bss)
    Adc_DmaBuffer                            0x20001088   Data         288  adc.o(.bss)
    hadc1                                    0x200011a8   Data          48  adc.o(.bss)
    hdma_adc1                                0x200011d8   Data          68  adc.o(.bss)
    hspi1                                    0x2000121c   Data          88  spi.o(.bss)
    hspi2                                    0x20001274   Data          88  spi.o(.bss)
    htim3                                    0x200012cc   Data          72  tim.o(.bss)
    htim4                                    0x20001314   Data          72  tim.o(.bss)
    huart1                                   0x2000135c   Data          68  usart.o(.bss)
    huart3                                   0x200013a0   Data          68  usart.o(.bss)
    htim1                                    0x200013e4   Data          72  stm32f1xx_hal_timebase_tim.o(.bss)
    shell                                    0x2000144c   Data         116  shell_port.o(.bss)
    shell_buffer                             0x200014c0   Data         128  shell_port.o(.bss)
    pFlash                                   0x20001540   Data          32  stm32f1xx_hal_flash.o(.bss)
    xQueueRegistry                           0x20001560   Data          64  queue.o(.bss)
    __initial_sp                             0x20003778   Data           0  startup_stm32f103xb.o(STACK)



==============================================================================

Memory Map of the image

  Image Entry point : 0x080000ed

  Load Region LR_IROM1 (Base: 0x08000000, Size: 0x000097fc, Max: 0x00010000, ABSOLUTE, COMPRESSED[0x000095ac])

    Execution Region ER_IROM1 (Exec base: 0x08000000, Load base: 0x08000000, Size: 0x000094e8, Max: 0x00010000, ABSOLUTE)

    Exec Addr    Load Addr    Size         Type   Attr      Idx    E Section Name        Object

    0x08000000   0x08000000   0x000000ec   Data   RO            3    RESET               startup_stm32f103xb.o
    0x080000ec   0x080000ec   0x00000000   Code   RO         6024  * .ARM.Collect$$$$00000000  mc_w.l(entry.o)
    0x080000ec   0x080000ec   0x00000004   Code   RO         6107    .ARM.Collect$$$$00000001  mc_w.l(entry2.o)
    0x080000f0   0x080000f0   0x00000004   Code   RO         6110    .ARM.Collect$$$$00000004  mc_w.l(entry5.o)
    0x080000f4   0x080000f4   0x00000000   Code   RO         6112    .ARM.Collect$$$$00000008  mc_w.l(entry7b.o)
    0x080000f4   0x080000f4   0x00000000   Code   RO         6114    .ARM.Collect$$$$0000000A  mc_w.l(entry8b.o)
    0x080000f4   0x080000f4   0x00000008   Code   RO         6115    .ARM.Collect$$$$0000000B  mc_w.l(entry9a.o)
    0x080000fc   0x080000fc   0x00000000   Code   RO         6117    .ARM.Collect$$$$0000000D  mc_w.l(entry10a.o)
    0x080000fc   0x080000fc   0x00000000   Code   RO         6119    .ARM.Collect$$$$0000000F  mc_w.l(entry11a.o)
    0x080000fc   0x080000fc   0x00000004   Code   RO         6108    .ARM.Collect$$$$00002712  mc_w.l(entry2.o)
    0x08000100   0x08000100   0x00000096   Code   RO         5937    .emb_text           port.o
    0x08000196   0x08000196   0x00000002   PAD
    0x08000198   0x08000198   0x00000024   Code   RO            4    .text               startup_stm32f103xb.o
    0x080001bc   0x080001bc   0x00000020   Code   RO         6027    .text               mc_w.l(llushr.o)
    0x080001dc   0x080001dc   0x00000024   Code   RO         6029    .text               mc_w.l(memcpya.o)
    0x08000200   0x08000200   0x00000024   Code   RO         6033    .text               mc_w.l(memseta.o)
    0x08000224   0x08000224   0x0000000e   Code   RO         6035    .text               mc_w.l(strlen.o)
    0x08000232   0x08000232   0x0000001c   Code   RO         6037    .text               mc_w.l(strcmp.o)
    0x0800024e   0x0800024e   0x0000001e   Code   RO         6039    .text               mc_w.l(strncmp.o)
    0x0800026c   0x0800026c   0x000000b0   Code   RO         6071    .text               mf_w.l(fadd.o)
    0x0800031c   0x0800031c   0x00000064   Code   RO         6073    .text               mf_w.l(fmul.o)
    0x08000380   0x08000380   0x0000007c   Code   RO         6075    .text               mf_w.l(fdiv.o)
    0x080003fc   0x080003fc   0x00000018   Code   RO         6077    .text               mf_w.l(fscalb.o)
    0x08000414   0x08000414   0x00000012   Code   RO         6079    .text               mf_w.l(fflti.o)
    0x08000426   0x08000426   0x0000000a   Code   RO         6081    .text               mf_w.l(ffltui.o)
    0x08000430   0x08000430   0x00000028   Code   RO         6083    .text               mf_w.l(ffixui.o)
    0x08000458   0x08000458   0x00000026   Code   RO         6085    .text               mf_w.l(f2d.o)
    0x0800047e   0x0800047e   0x00000002   PAD
    0x08000480   0x08000480   0x00000014   Code   RO         6087    .text               mf_w.l(cfcmple.o)
    0x08000494   0x08000494   0x00000014   Code   RO         6089    .text               mf_w.l(cfrcmple.o)
    0x080004a8   0x080004a8   0x0000002c   Code   RO         6124    .text               mc_w.l(uidiv.o)
    0x080004d4   0x080004d4   0x00000062   Code   RO         6126    .text               mc_w.l(uldiv.o)
    0x08000536   0x08000536   0x00000000   Code   RO         6135    .text               mc_w.l(iusefp.o)
    0x08000536   0x08000536   0x0000006e   Code   RO         6136    .text               mf_w.l(fepilogue.o)
    0x080005a4   0x080005a4   0x0000014e   Code   RO         6138    .text               mf_w.l(dadd.o)
    0x080006f2   0x080006f2   0x000000e4   Code   RO         6140    .text               mf_w.l(dmul.o)
    0x080007d6   0x080007d6   0x000000de   Code   RO         6142    .text               mf_w.l(ddiv.o)
    0x080008b4   0x080008b4   0x00000030   Code   RO         6144    .text               mf_w.l(dfixul.o)
    0x080008e4   0x080008e4   0x0000004c   Code   RO         6146    .text               mf_w.l(ffixir.o)
    0x08000930   0x08000930   0x00000030   Code   RO         6148    .text               mf_w.l(cdrcmple.o)
    0x08000960   0x08000960   0x00000004   Code   RO         6150    .text               mf_w.l(fpstat.o)
    0x08000964   0x08000964   0x00000024   Code   RO         6152    .text               mc_w.l(init.o)
    0x08000988   0x08000988   0x0000001e   Code   RO         6155    .text               mc_w.l(llshl.o)
    0x080009a6   0x080009a6   0x00000024   Code   RO         6157    .text               mc_w.l(llsshr.o)
    0x080009ca   0x080009ca   0x000000ba   Code   RO         6160    .text               mf_w.l(depilogue.o)
    0x08000a84   0x08000a84   0x00000056   Code   RO         6170    .text               mc_w.l(__dczerorl2.o)
    0x08000ada   0x08000ada   0x00000002   PAD
    0x08000adc   0x08000adc   0x00000056   Code   RO         1685    i.ADC_ConversionStop_Disable  stm32f1xx_hal_adc.o
    0x08000b32   0x08000b32   0x0000004e   Code   RO         1686    i.ADC_DMAConvCplt   stm32f1xx_hal_adc.o
    0x08000b80   0x08000b80   0x0000001a   Code   RO         1687    i.ADC_DMAError      stm32f1xx_hal_adc.o
    0x08000b9a   0x08000b9a   0x0000000a   Code   RO         1688    i.ADC_DMAHalfConvCplt  stm32f1xx_hal_adc.o
    0x08000ba4   0x08000ba4   0x0000007c   Code   RO         1689    i.ADC_Enable        stm32f1xx_hal_adc.o
    0x08000c20   0x08000c20   0x00000304   Code   RO          526    i.Adc_Clibration    clibration.o
    0x08000f24   0x08000f24   0x00000002   Code   RO         1022    i.BusFault_Handler  stm32f1xx_it.o
    0x08000f26   0x08000f26   0x00000060   Code   RO           13    i.Cell_Handle       charger.o
    0x08000f86   0x08000f86   0x00000002   PAD
    0x08000f88   0x08000f88   0x0000002c   Code   RO          714    i.ChargingHandle_Task  freertos.o
    0x08000fb4   0x08000fb4   0x000000ec   Code   RO           14    i.ChargingStage_Monitor  charger.o
    0x080010a0   0x080010a0   0x00000074   Code   RO           15    i.Charging_Poll     charger.o
    0x08001114   0x08001114   0x00000044   Code   RO           16    i.Charging_Sampling  charger.o
    0x08001158   0x08001158   0x00000320   Code   RO          527    i.Check_ADC         clibration.o
    0x08001478   0x08001478   0x000000d8   Code   RO           17    i.Check_Connect     charger.o
    0x08001550   0x08001550   0x00000030   Code   RO           18    i.Close_StartSignal  charger.o
    0x08001580   0x08001580   0x0000000c   Code   RO         1023    i.DMA1_Channel1_IRQHandler  stm32f1xx_it.o
    0x0800158c   0x0800158c   0x0000002a   Code   RO         2339    i.DMA_SetConfig     stm32f1xx_hal_dma.o
    0x080015b6   0x080015b6   0x00000002   PAD
    0x080015b8   0x080015b8   0x000001f4   Code   RO          528    i.Dac_Clibration    clibration.o
    0x080017ac   0x080017ac   0x00000002   Code   RO         1024    i.DebugMon_Handler  stm32f1xx_it.o
    0x080017ae   0x080017ae   0x00000002   PAD
    0x080017b0   0x080017b0   0x0000000c   Code   RO          715    i.Debug_Task        freertos.o
    0x080017bc   0x080017bc   0x00000050   Code   RO          342    i.Dwin_SendWithCRC  dwin.o
    0x0800180c   0x0800180c   0x0000005c   Code   RO          343    i.Dwin_Write        dwin.o
    0x08001868   0x08001868   0x0000001e   Code   RO         1025    i.EXTI15_10_IRQHandler  stm32f1xx_it.o
    0x08001886   0x08001886   0x00000028   Code   RO          344    i.Endian_Swap       dwin.o
    0x080018ae   0x080018ae   0x00000004   Code   RO          636    i.Error_Handler     main.o
    0x080018b2   0x080018b2   0x00000002   PAD
    0x080018b4   0x080018b4   0x00000018   Code   RO          600    i.FLASH_Init        flash.o
    0x080018cc   0x080018cc   0x00000024   Code   RO         2779    i.FLASH_MassErase   stm32f1xx_hal_flash_ex.o
    0x080018f0   0x080018f0   0x00000024   Code   RO         2784    i.FLASH_PageErase   stm32f1xx_hal_flash_ex.o
    0x08001914   0x08001914   0x0000001c   Code   RO         2676    i.FLASH_Program_HalfWord  stm32f1xx_hal_flash.o
    0x08001930   0x08001930   0x00000028   Code   RO          601    i.FLASH_Read        flash.o
    0x08001958   0x08001958   0x0000005c   Code   RO         2677    i.FLASH_SetErrorCode  stm32f1xx_hal_flash.o
    0x080019b4   0x080019b4   0x00000054   Code   RO         2678    i.FLASH_WaitForLastOperation  stm32f1xx_hal_flash.o
    0x08001a08   0x08001a08   0x00000078   Code   RO          602    i.FLASH_Write       flash.o
    0x08001a80   0x08001a80   0x0000002c   Code   RO          794    i.Get_AdcValue      adc.o
    0x08001aac   0x08001aac   0x000000c4   Code   RO           20    i.Get_BackCharging_Parameters  charger.o
    0x08001b70   0x08001b70   0x00000036   Code   RO          345    i.Get_Crc16         dwin.o
    0x08001ba6   0x08001ba6   0x00000002   PAD
    0x08001ba8   0x08001ba8   0x00000038   Code   RO           21    i.Get_Ibat          charger.o
    0x08001be0   0x08001be0   0x0000003c   Code   RO           22    i.Get_Vbus_Vbat     charger.o
    0x08001c1c   0x08001c1c   0x00000068   Code   RO           23    i.Get_Voltage_MicroCompensate  charger.o
    0x08001c84   0x08001c84   0x000000fc   Code   RO         1691    i.HAL_ADC_ConfigChannel  stm32f1xx_hal_adc.o
    0x08001d80   0x08001d80   0x00000002   Code   RO         1692    i.HAL_ADC_ConvCpltCallback  stm32f1xx_hal_adc.o
    0x08001d82   0x08001d82   0x00000002   Code   RO         1693    i.HAL_ADC_ConvHalfCpltCallback  stm32f1xx_hal_adc.o
    0x08001d84   0x08001d84   0x00000002   Code   RO         1695    i.HAL_ADC_ErrorCallback  stm32f1xx_hal_adc.o
    0x08001d86   0x08001d86   0x00000002   PAD
    0x08001d88   0x08001d88   0x0000011c   Code   RO         1700    i.HAL_ADC_Init      stm32f1xx_hal_adc.o
    0x08001ea4   0x08001ea4   0x000000b4   Code   RO          796    i.HAL_ADC_MspInit   adc.o
    0x08001f58   0x08001f58   0x0000010c   Code   RO         1707    i.HAL_ADC_Start_DMA  stm32f1xx_hal_adc.o
    0x08002064   0x08002064   0x00000154   Code   RO         2345    i.HAL_DMA_IRQHandler  stm32f1xx_hal_dma.o
    0x080021b8   0x080021b8   0x0000005c   Code   RO         2346    i.HAL_DMA_Init      stm32f1xx_hal_dma.o
    0x08002214   0x08002214   0x00000070   Code   RO         2350    i.HAL_DMA_Start_IT  stm32f1xx_hal_dma.o
    0x08002284   0x08002284   0x00000024   Code   RO         1968    i.HAL_Delay         stm32f1xx_hal.o
    0x080022a8   0x080022a8   0x000000a8   Code   RO         2785    i.HAL_FLASHEx_Erase  stm32f1xx_hal_flash_ex.o
    0x08002350   0x08002350   0x00000014   Code   RO         2682    i.HAL_FLASH_Lock    stm32f1xx_hal_flash.o
    0x08002364   0x08002364   0x00000080   Code   RO         2687    i.HAL_FLASH_Program  stm32f1xx_hal_flash.o
    0x080023e4   0x080023e4   0x00000028   Code   RO         2689    i.HAL_FLASH_Unlock  stm32f1xx_hal_flash.o
    0x0800240c   0x0800240c   0x00000030   Code   RO          684    i.HAL_GPIO_EXTI_Callback  gpio.o
    0x0800243c   0x0800243c   0x00000018   Code   RO         2275    i.HAL_GPIO_EXTI_IRQHandler  stm32f1xx_hal_gpio.o
    0x08002454   0x08002454   0x000001e0   Code   RO         2276    i.HAL_GPIO_Init     stm32f1xx_hal_gpio.o
    0x08002634   0x08002634   0x0000000a   Code   RO         2280    i.HAL_GPIO_WritePin  stm32f1xx_hal_gpio.o
    0x0800263e   0x0800263e   0x00000002   PAD
    0x08002640   0x08002640   0x0000000c   Code   RO         1972    i.HAL_GetTick       stm32f1xx_hal.o
    0x0800264c   0x0800264c   0x00000010   Code   RO         1978    i.HAL_IncTick       stm32f1xx_hal.o
    0x0800265c   0x0800265c   0x00000024   Code   RO         1979    i.HAL_Init          stm32f1xx_hal.o
    0x08002680   0x08002680   0x00000074   Code   RO         1122    i.HAL_InitTick      stm32f1xx_hal_timebase_tim.o
    0x080026f4   0x080026f4   0x00000048   Code   RO         1098    i.HAL_MspInit       stm32f1xx_hal_msp.o
    0x0800273c   0x0800273c   0x0000001a   Code   RO         2436    i.HAL_NVIC_EnableIRQ  stm32f1xx_hal_cortex.o
    0x08002756   0x08002756   0x00000002   PAD
    0x08002758   0x08002758   0x00000040   Code   RO         2442    i.HAL_NVIC_SetPriority  stm32f1xx_hal_cortex.o
    0x08002798   0x08002798   0x00000024   Code   RO         2443    i.HAL_NVIC_SetPriorityGrouping  stm32f1xx_hal_cortex.o
    0x080027bc   0x080027bc   0x000000ec   Code   RO         2239    i.HAL_RCCEx_PeriphCLKConfig  stm32f1xx_hal_rcc_ex.o
    0x080028a8   0x080028a8   0x0000012c   Code   RO         2136    i.HAL_RCC_ClockConfig  stm32f1xx_hal_rcc.o
    0x080029d4   0x080029d4   0x00000040   Code   RO         2140    i.HAL_RCC_GetClockConfig  stm32f1xx_hal_rcc.o
    0x08002a14   0x08002a14   0x00000020   Code   RO         2143    i.HAL_RCC_GetPCLK1Freq  stm32f1xx_hal_rcc.o
    0x08002a34   0x08002a34   0x00000020   Code   RO         2144    i.HAL_RCC_GetPCLK2Freq  stm32f1xx_hal_rcc.o
    0x08002a54   0x08002a54   0x0000006c   Code   RO         2145    i.HAL_RCC_GetSysClockFreq  stm32f1xx_hal_rcc.o
    0x08002ac0   0x08002ac0   0x00000320   Code   RO         2148    i.HAL_RCC_OscConfig  stm32f1xx_hal_rcc.o
    0x08002de0   0x08002de0   0x000000b2   Code   RO         2947    i.HAL_SPI_Init      stm32f1xx_hal_spi.o
    0x08002e92   0x08002e92   0x00000002   PAD
    0x08002e94   0x08002e94   0x000000ac   Code   RO          867    i.HAL_SPI_MspInit   spi.o
    0x08002f40   0x08002f40   0x00000166   Code   RO         2955    i.HAL_SPI_Transmit  stm32f1xx_hal_spi.o
    0x080030a6   0x080030a6   0x00000002   Code   RO         3964    i.HAL_TIMEx_BreakCallback  stm32f1xx_hal_tim_ex.o
    0x080030a8   0x080030a8   0x00000002   Code   RO         3965    i.HAL_TIMEx_CommutCallback  stm32f1xx_hal_tim_ex.o
    0x080030aa   0x080030aa   0x00000002   PAD
    0x080030ac   0x080030ac   0x00000068   Code   RO         3983    i.HAL_TIMEx_MasterConfigSynchronization  stm32f1xx_hal_tim_ex.o
    0x08003114   0x08003114   0x0000005a   Code   RO         3260    i.HAL_TIM_Base_Init  stm32f1xx_hal_tim.o
    0x0800316e   0x0800316e   0x00000002   PAD
    0x08003170   0x08003170   0x00000040   Code   RO          915    i.HAL_TIM_Base_MspInit  tim.o
    0x080031b0   0x080031b0   0x00000058   Code   RO         3265    i.HAL_TIM_Base_Start_IT  stm32f1xx_hal_tim.o
    0x08003208   0x08003208   0x000000d6   Code   RO         3269    i.HAL_TIM_ConfigClockSource  stm32f1xx_hal_tim.o
    0x080032de   0x080032de   0x00000002   Code   RO         3294    i.HAL_TIM_IC_CaptureCallback  stm32f1xx_hal_tim.o
    0x080032e0   0x080032e0   0x00000166   Code   RO         3308    i.HAL_TIM_IRQHandler  stm32f1xx_hal_tim.o
    0x08003446   0x08003446   0x00000002   PAD
    0x08003448   0x08003448   0x00000070   Code   RO          916    i.HAL_TIM_MspPostInit  tim.o
    0x080034b8   0x080034b8   0x00000002   Code   RO         3311    i.HAL_TIM_OC_DelayElapsedCallback  stm32f1xx_hal_tim.o
    0x080034ba   0x080034ba   0x000000c6   Code   RO         3332    i.HAL_TIM_PWM_ConfigChannel  stm32f1xx_hal_tim.o
    0x08003580   0x08003580   0x0000005a   Code   RO         3335    i.HAL_TIM_PWM_Init  stm32f1xx_hal_tim.o
    0x080035da   0x080035da   0x00000002   Code   RO         3337    i.HAL_TIM_PWM_MspInit  stm32f1xx_hal_tim.o
    0x080035dc   0x080035dc   0x00000002   Code   RO         3338    i.HAL_TIM_PWM_PulseFinishedCallback  stm32f1xx_hal_tim.o
    0x080035de   0x080035de   0x00000002   PAD
    0x080035e0   0x080035e0   0x0000009c   Code   RO         3340    i.HAL_TIM_PWM_Start  stm32f1xx_hal_tim.o
    0x0800367c   0x0800367c   0x00000014   Code   RO          637    i.HAL_TIM_PeriodElapsedCallback  main.o
    0x08003690   0x08003690   0x00000002   Code   RO         3351    i.HAL_TIM_TriggerCallback  stm32f1xx_hal_tim.o
    0x08003692   0x08003692   0x00000062   Code   RO         4260    i.HAL_UART_Init     stm32f1xx_hal_uart.o
    0x080036f4   0x080036f4   0x000000bc   Code   RO          969    i.HAL_UART_MspInit  usart.o
    0x080037b0   0x080037b0   0x000000c0   Code   RO         4263    i.HAL_UART_Receive  stm32f1xx_hal_uart.o
    0x08003870   0x08003870   0x000000b2   Code   RO         4268    i.HAL_UART_Transmit  stm32f1xx_hal_uart.o
    0x08003922   0x08003922   0x00000002   Code   RO         1026    i.HardFault_Handler  stm32f1xx_it.o
    0x08003924   0x08003924   0x00000108   Code   RO          529    i.Input_FloatPaser  clibration.o
    0x08003a2c   0x08003a2c   0x000000f8   Code   RO          797    i.MX_ADC1_Init      adc.o
    0x08003b24   0x08003b24   0x0000002c   Code   RO          842    i.MX_DMA_Init       dma.o
    0x08003b50   0x08003b50   0x00000090   Code   RO          716    i.MX_FREERTOS_Init  freertos.o
    0x08003be0   0x08003be0   0x0000011c   Code   RO          685    i.MX_GPIO_Init      gpio.o
    0x08003cfc   0x08003cfc   0x00000048   Code   RO          868    i.MX_SPI1_Init      spi.o
    0x08003d44   0x08003d44   0x00000048   Code   RO          869    i.MX_SPI2_Init      spi.o
    0x08003d8c   0x08003d8c   0x000000a0   Code   RO          917    i.MX_TIM3_Init      tim.o
    0x08003e2c   0x08003e2c   0x000000c0   Code   RO          918    i.MX_TIM4_Init      tim.o
    0x08003eec   0x08003eec   0x00000038   Code   RO          970    i.MX_USART1_UART_Init  usart.o
    0x08003f24   0x08003f24   0x00000038   Code   RO          971    i.MX_USART3_UART_Init  usart.o
    0x08003f5c   0x08003f5c   0x000000bc   Code   RO          488    i.Mcp48xx_Write     mcp4822.o
    0x08004018   0x08004018   0x00000002   Code   RO         1027    i.MemManage_Handler  stm32f1xx_it.o
    0x0800401a   0x0800401a   0x00000002   Code   RO         1028    i.NMI_Handler       stm32f1xx_it.o
    0x0800401c   0x0800401c   0x00000028   Code   RO          130    i.Open_StartSignal  charger.o
    0x08004044   0x08004044   0x0000003c   Code   RO          489    i.Output_Ref        mcp4822.o
    0x08004080   0x08004080   0x00000028   Code   RO          717    i.Report_Callback   freertos.o
    0x080040a8   0x080040a8   0x00000140   Code   RO           25    i.Report_ChargerInfo  charger.o
    0x080041e8   0x080041e8   0x00000034   Code   RO          718    i.Run_Task          freertos.o
    0x0800421c   0x0800421c   0x00000020   Code   RO         2985    i.SPI_EndRxTxTransaction  stm32f1xx_hal_spi.o
    0x0800423c   0x0800423c   0x000000b8   Code   RO         2990    i.SPI_WaitFlagStateUntilTimeout  stm32f1xx_hal_spi.o
    0x080042f4   0x080042f4   0x00000028   Code   RO          719    i.Sampling_Task     freertos.o
    0x0800431c   0x0800431c   0x00000080   Code   RO          530    i.See_ADC_Param     clibration.o
    0x0800439c   0x0800439c   0x0000006c   Code   RO          531    i.See_DAC_Param     clibration.o
    0x08004408   0x08004408   0x00000030   Code   RO           26    i.Set_Check         charger.o
    0x08004438   0x08004438   0x00000050   Code   RO           27    i.Set_Voltage       charger.o
    0x08004488   0x08004488   0x00000048   Code   RO           28    i.Start_Check       charger.o
    0x080044d0   0x080044d0   0x0000002c   Code   RO         5938    i.SysTick_Handler   port.o
    0x080044fc   0x080044fc   0x00000078   Code   RO          638    i.SystemClock_Config  main.o
    0x08004574   0x08004574   0x00000002   Code   RO         4589    i.SystemInit        system_stm32f1xx.o
    0x08004576   0x08004576   0x00000002   PAD
    0x08004578   0x08004578   0x0000000c   Code   RO         1029    i.TIM1_UP_IRQHandler  stm32f1xx_it.o
    0x08004584   0x08004584   0x0000006c   Code   RO         3353    i.TIM_Base_SetConfig  stm32f1xx_hal_tim.o
    0x080045f0   0x080045f0   0x0000001a   Code   RO         3354    i.TIM_CCxChannelCmd  stm32f1xx_hal_tim.o
    0x0800460a   0x0800460a   0x00000014   Code   RO         3364    i.TIM_ETR_SetConfig  stm32f1xx_hal_tim.o
    0x0800461e   0x0800461e   0x00000010   Code   RO         3365    i.TIM_ITRx_SetConfig  stm32f1xx_hal_tim.o
    0x0800462e   0x0800462e   0x00000002   PAD
    0x08004630   0x08004630   0x00000050   Code   RO         3366    i.TIM_OC1_SetConfig  stm32f1xx_hal_tim.o
    0x08004680   0x08004680   0x00000058   Code   RO         3367    i.TIM_OC2_SetConfig  stm32f1xx_hal_tim.o
    0x080046d8   0x080046d8   0x00000058   Code   RO         3368    i.TIM_OC3_SetConfig  stm32f1xx_hal_tim.o
    0x08004730   0x08004730   0x00000044   Code   RO         3369    i.TIM_OC4_SetConfig  stm32f1xx_hal_tim.o
    0x08004774   0x08004774   0x00000022   Code   RO         3371    i.TIM_TI1_ConfigInputStage  stm32f1xx_hal_tim.o
    0x08004796   0x08004796   0x00000024   Code   RO         3373    i.TIM_TI2_ConfigInputStage  stm32f1xx_hal_tim.o
    0x080047ba   0x080047ba   0x00000002   PAD
    0x080047bc   0x080047bc   0x000000b8   Code   RO         4286    i.UART_SetConfig    stm32f1xx_hal_uart.o
    0x08004874   0x08004874   0x00000064   Code   RO         4289    i.UART_WaitOnFlagUntilTimeout  stm32f1xx_hal_uart.o
    0x080048d8   0x080048d8   0x00000002   Code   RO         1030    i.UsageFault_Handler  stm32f1xx_it.o
    0x080048da   0x080048da   0x00000002   PAD
    0x080048dc   0x080048dc   0x00000030   Code   RO         1594    i.User_Shell_Init   shell_port.o
    0x0800490c   0x0800490c   0x0000001c   Code   RO         1595    i.User_Shell_Read   shell_port.o
    0x08004928   0x08004928   0x00000020   Code   RO         1596    i.User_Shell_Write  shell_port.o
    0x08004948   0x08004948   0x0000002c   Code   RO         6049    i.__0vsnprintf      mc_w.l(printfa.o)
    0x08004974   0x08004974   0x00000026   Code   RO         6091    i.__ARM_fpclassifyf  m_ws.l(fpclassifyf.o)
    0x0800499a   0x0800499a   0x00000020   Code   RO         2449    i.__NVIC_SetPriority  stm32f1xx_hal_cortex.o
    0x080049ba   0x080049ba   0x0000000a   Code   RO         6093    i.__mathlib_flt_divzero  m_ws.l(funder.o)
    0x080049c4   0x080049c4   0x00000004   Code   RO         6095    i.__mathlib_flt_infnan2  m_ws.l(funder.o)
    0x080049c8   0x080049c8   0x00000008   Code   RO         6096    i.__mathlib_flt_invalid  m_ws.l(funder.o)
    0x080049d0   0x080049d0   0x0000000a   Code   RO         6097    i.__mathlib_flt_overflow  m_ws.l(funder.o)
    0x080049da   0x080049da   0x0000000a   Code   RO         6099    i.__mathlib_flt_underflow  m_ws.l(funder.o)
    0x080049e4   0x080049e4   0x0000000e   Code   RO         6164    i.__scatterload_copy  mc_w.l(handlers.o)
    0x080049f2   0x080049f2   0x00000002   Code   RO         6165    i.__scatterload_null  mc_w.l(handlers.o)
    0x080049f4   0x080049f4   0x0000000e   Code   RO         6166    i.__scatterload_zeroinit  mc_w.l(handlers.o)
    0x08004a02   0x08004a02   0x00000002   PAD
    0x08004a04   0x08004a04   0x0000000c   Code   RO         6130    i.__set_errno       mc_w.l(errno.o)
    0x08004a10   0x08004a10   0x00000184   Code   RO         6051    i._fp_digits        mc_w.l(printfa.o)
    0x08004b94   0x08004b94   0x000006dc   Code   RO         6052    i._printf_core      mc_w.l(printfa.o)
    0x08005270   0x08005270   0x00000024   Code   RO         6053    i._printf_post_padding  mc_w.l(printfa.o)
    0x08005294   0x08005294   0x0000002e   Code   RO         6054    i._printf_pre_padding  mc_w.l(printfa.o)
    0x080052c2   0x080052c2   0x00000016   Code   RO         6055    i._snputc           mc_w.l(printfa.o)
    0x080052d8   0x080052d8   0x0000000c   Code   RO         5519    i.inHandlerMode     cmsis_os.o
    0x080052e4   0x080052e4   0x0000006c   Code   RO           29    i.kalmanFilter      charger.o
    0x08005350   0x08005350   0x00000124   Code   RO          639    i.main              main.o
    0x08005474   0x08005474   0x0000000c   Code   RO         5521    i.makeFreeRtosPriority  cmsis_os.o
    0x08005480   0x08005480   0x0000000e   Code   RO         5523    i.osDelay           cmsis_os.o
    0x0800548e   0x0800548e   0x0000000a   Code   RO         5526    i.osKernelStart     cmsis_os.o
    0x08005498   0x08005498   0x00000010   Code   RO         5549    i.osRecursiveMutexCreate  cmsis_os.o
    0x080054a8   0x080054a8   0x00000012   Code   RO         5550    i.osRecursiveMutexRelease  cmsis_os.o
    0x080054ba   0x080054ba   0x0000002a   Code   RO         5551    i.osRecursiveMutexWait  cmsis_os.o
    0x080054e4   0x080054e4   0x00000054   Code   RO         5560    i.osThreadCreate    cmsis_os.o
    0x08005538   0x08005538   0x00000034   Code   RO         5564    i.osThreadResume    cmsis_os.o
    0x0800556c   0x0800556c   0x0000000a   Code   RO         5567    i.osThreadSuspend   cmsis_os.o
    0x08005576   0x08005576   0x00000002   PAD
    0x08005578   0x08005578   0x00000040   Code   RO         5571    i.osTimerCreate     cmsis_os.o
    0x080055b8   0x080055b8   0x0000005c   Code   RO         5573    i.osTimerStart      cmsis_os.o
    0x08005614   0x08005614   0x00000058   Code   RO         5574    i.osTimerStop       cmsis_os.o
    0x0800566c   0x0800566c   0x00000620   Code   RO         6015    i.powf              m_ws.l(powf.o)
    0x08005c8c   0x08005c8c   0x00000070   Code   RO         5091    i.prvAddCurrentTaskToDelayedList  tasks.o
    0x08005cfc   0x08005cfc   0x000000d0   Code   RO         5092    i.prvAddNewTaskToReadyList  tasks.o
    0x08005dcc   0x08005dcc   0x00000058   Code   RO         5390    i.prvCheckForValidListAndQueue  timers.o
    0x08005e24   0x08005e24   0x00000026   Code   RO         4767    i.prvCopyDataFromQueue  queue.o
    0x08005e4a   0x08005e4a   0x0000006c   Code   RO         4768    i.prvCopyDataToQueue  queue.o
    0x08005eb6   0x08005eb6   0x00000034   Code   RO         5093    i.prvDeleteTCB      tasks.o
    0x08005eea   0x08005eea   0x00000002   PAD
    0x08005eec   0x08005eec   0x0000004c   Code   RO         5888    i.prvHeapInit       heap_4.o
    0x08005f38   0x08005f38   0x00000060   Code   RO         5094    i.prvIdleTask       tasks.o
    0x08005f98   0x08005f98   0x00000016   Code   RO         4769    i.prvInitialiseMutex  queue.o
    0x08005fae   0x08005fae   0x00000016   Code   RO         4770    i.prvInitialiseNewQueue  queue.o
    0x08005fc4   0x08005fc4   0x0000008e   Code   RO         5095    i.prvInitialiseNewTask  tasks.o
    0x08006052   0x08006052   0x00000044   Code   RO         5391    i.prvInitialiseNewTimer  timers.o
    0x08006096   0x08006096   0x00000002   PAD
    0x08006098   0x08006098   0x0000004c   Code   RO         5889    i.prvInsertBlockIntoFreeList  heap_4.o
    0x080060e4   0x080060e4   0x00000038   Code   RO         5392    i.prvInsertTimerInActiveList  timers.o
    0x0800611c   0x0800611c   0x0000001c   Code   RO         4771    i.prvIsQueueEmpty   queue.o
    0x08006138   0x08006138   0x000000bc   Code   RO         5393    i.prvProcessReceivedCommands  timers.o
    0x080061f4   0x080061f4   0x000000b4   Code   RO         5394    i.prvProcessTimerOrBlockTask  timers.o
    0x080062a8   0x080062a8   0x00000020   Code   RO         5096    i.prvResetNextTaskUnblockTime  tasks.o
    0x080062c8   0x080062c8   0x00000028   Code   RO         5395    i.prvSampleTimeNow  timers.o
    0x080062f0   0x080062f0   0x0000006c   Code   RO         5396    i.prvSwitchTimerLists  timers.o
    0x0800635c   0x0800635c   0x00000028   Code   RO         5939    i.prvTaskExitError  port.o
    0x08006384   0x08006384   0x00000034   Code   RO         5097    i.prvTaskIsTaskSuspended  tasks.o
    0x080063b8   0x080063b8   0x00000024   Code   RO         5397    i.prvTimerTask      timers.o
    0x080063dc   0x080063dc   0x0000006a   Code   RO         4772    i.prvUnlockQueue    queue.o
    0x08006446   0x08006446   0x00000002   PAD
    0x08006448   0x08006448   0x000000d8   Code   RO         5890    i.pvPortMalloc      heap_4.o
    0x08006520   0x08006520   0x00000018   Code   RO         5098    i.pvTaskIncrementMutexHeldCount  tasks.o
    0x08006538   0x08006538   0x00000024   Code   RO         5940    i.pxPortInitialiseStack  port.o
    0x0800655c   0x0800655c   0x00000006   Code   RO         1161    i.shellBackspace    shell.o
    0x08006562   0x08006562   0x0000002e   Code   RO         1162    i.shellCheckPermission  shell.o
    0x08006590   0x08006590   0x0000001c   Code   RO         1163    i.shellClear        shell.o
    0x080065ac   0x080065ac   0x00000030   Code   RO         1164    i.shellClearCommandLine  shell.o
    0x080065dc   0x080065dc   0x00000014   Code   RO         1165    i.shellCmds         shell.o
    0x080065f0   0x080065f0   0x00000008   Code   RO         1166    i.shellDelete       shell.o
    0x080065f8   0x080065f8   0x000000d6   Code   RO         1167    i.shellDeleteByte   shell.o
    0x080066ce   0x080066ce   0x00000002   PAD
    0x080066d0   0x080066d0   0x0000001c   Code   RO         1168    i.shellDeleteCommandLine  shell.o
    0x080066ec   0x080066ec   0x00000008   Code   RO         1169    i.shellDown         shell.o
    0x080066f4   0x080066f4   0x00000014   Code   RO         1170    i.shellEnter        shell.o
    0x08006708   0x08006708   0x00000090   Code   RO         1171    i.shellExec         shell.o
    0x08006798   0x08006798   0x00000050   Code   RO         1172    i.shellExecute      shell.o
    0x080067e8   0x080067e8   0x0000003c   Code   RO         1563    i.shellExtParseChar  shell_ext.o
    0x08006824   0x08006824   0x00000112   Code   RO         1564    i.shellExtParseNumber  shell_ext.o
    0x08006936   0x08006936   0x000000a0   Code   RO         1565    i.shellExtParsePara  shell_ext.o
    0x080069d6   0x080069d6   0x000000c6   Code   RO         1566    i.shellExtRun       shell_ext.o
    0x08006a9c   0x08006a9c   0x00000004   Code   RO         1173    i.shellGetCommandDesc  shell.o
    0x08006aa0   0x08006aa0   0x00000038   Code   RO         1174    i.shellGetCommandName  shell.o
    0x08006ad8   0x08006ad8   0x00000028   Code   RO         1175    i.shellGetCurrent   shell.o
    0x08006b00   0x08006b00   0x0000003e   Code   RO         1176    i.shellGetVarValue  shell.o
    0x08006b3e   0x08006b3e   0x00000002   PAD
    0x08006b40   0x08006b40   0x000000e8   Code   RO         1177    i.shellHandler      shell.o
    0x08006c28   0x08006c28   0x00000028   Code   RO         1178    i.shellHelp         shell.o
    0x08006c50   0x08006c50   0x00000098   Code   RO         1179    i.shellHistory      shell.o
    0x08006ce8   0x08006ce8   0x00000068   Code   RO         1180    i.shellHistoryAdd   shell.o
    0x08006d50   0x08006d50   0x0000009c   Code   RO         1181    i.shellInit         shell.o
    0x08006dec   0x08006dec   0x000000dc   Code   RO         1182    i.shellInsertByte   shell.o
    0x08006ec8   0x08006ec8   0x00000014   Code   RO         1183    i.shellKeys         shell.o
    0x08006edc   0x08006edc   0x00000020   Code   RO         1184    i.shellLeft         shell.o
    0x08006efc   0x08006efc   0x00000012   Code   RO         1185    i.shellListAll      shell.o
    0x08006f0e   0x08006f0e   0x00000002   PAD
    0x08006f10   0x08006f10   0x0000004c   Code   RO         1186    i.shellListCommand  shell.o
    0x08006f5c   0x08006f5c   0x000000f4   Code   RO         1187    i.shellListItem     shell.o
    0x08007050   0x08007050   0x00000050   Code   RO         1188    i.shellListKey      shell.o
    0x080070a0   0x080070a0   0x00000050   Code   RO         1189    i.shellListUser     shell.o
    0x080070f0   0x080070f0   0x00000050   Code   RO         1190    i.shellListVar      shell.o
    0x08007140   0x08007140   0x00000010   Code   RO         1191    i.shellNormalInput  shell.o
    0x08007150   0x08007150   0x00000078   Code   RO         1192    i.shellParserParam  shell.o
    0x080071c8   0x080071c8   0x00000026   Code   RO         1193    i.shellPrint        shell.o
    0x080071ee   0x080071ee   0x00000020   Code   RO         1194    i.shellRight        shell.o
    0x0800720e   0x0800720e   0x00000002   PAD
    0x08007210   0x08007210   0x000000b8   Code   RO         1196    i.shellRunCommand   shell.o
    0x080072c8   0x080072c8   0x0000006e   Code   RO         1197    i.shellSeekCommand  shell.o
    0x08007336   0x08007336   0x00000002   PAD
    0x08007338   0x08007338   0x00000060   Code   RO         1198    i.shellSetUser      shell.o
    0x08007398   0x08007398   0x00000058   Code   RO         1199    i.shellSetVar       shell.o
    0x080073f0   0x080073f0   0x00000070   Code   RO         1200    i.shellSetVarValue  shell.o
    0x08007460   0x08007460   0x000000b0   Code   RO         1201    i.shellShowVar      shell.o
    0x08007510   0x08007510   0x00000024   Code   RO         1202    i.shellStringCompare  shell.o
    0x08007534   0x08007534   0x00000018   Code   RO         1203    i.shellStringCopy   shell.o
    0x0800754c   0x0800754c   0x00000148   Code   RO         1204    i.shellTab          shell.o
    0x08007694   0x08007694   0x00000024   Code   RO         1205    i.shellTask         shell.o
    0x080076b8   0x080076b8   0x0000004c   Code   RO         1206    i.shellToDec        shell.o
    0x08007704   0x08007704   0x0000002a   Code   RO         1207    i.shellToHex        shell.o
    0x0800772e   0x0800772e   0x00000006   Code   RO         1208    i.shellUp           shell.o
    0x08007734   0x08007734   0x00000014   Code   RO         1209    i.shellUsers        shell.o
    0x08007748   0x08007748   0x00000014   Code   RO         1210    i.shellVars         shell.o
    0x0800775c   0x0800775c   0x00000058   Code   RO         1211    i.shellWriteCommandHelp  shell.o
    0x080077b4   0x080077b4   0x0000005c   Code   RO         1213    i.shellWritePrompt  shell.o
    0x08007810   0x08007810   0x00000080   Code   RO         1214    i.shellWriteReturnValue  shell.o
    0x08007890   0x08007890   0x00000026   Code   RO         1215    i.shellWriteString  shell.o
    0x080078b6   0x080078b6   0x00000002   PAD
    0x080078b8   0x080078b8   0x00000018   Code   RO         1597    i.userShellLock     shell_port.o
    0x080078d0   0x080078d0   0x00000014   Code   RO         1598    i.userShellUnlock   shell_port.o
    0x080078e4   0x080078e4   0x00000026   Code   RO         4727    i.uxListRemove      list.o
    0x0800790a   0x0800790a   0x00000002   PAD
    0x0800790c   0x0800790c   0x00000014   Code   RO          720    i.vApplicationGetIdleTaskMemory  freertos.o
    0x08007920   0x08007920   0x00000018   Code   RO          721    i.vApplicationGetTimerTaskMemory  freertos.o
    0x08007938   0x08007938   0x00000016   Code   RO         4728    i.vListInitialise   list.o
    0x0800794e   0x0800794e   0x00000006   Code   RO         4729    i.vListInitialiseItem  list.o
    0x08007954   0x08007954   0x00000030   Code   RO         4730    i.vListInsert       list.o
    0x08007984   0x08007984   0x00000018   Code   RO         4731    i.vListInsertEnd    list.o
    0x0800799c   0x0800799c   0x00000040   Code   RO         5942    i.vPortEnterCritical  port.o
    0x080079dc   0x080079dc   0x00000028   Code   RO         5943    i.vPortExitCritical  port.o
    0x08007a04   0x08007a04   0x0000005c   Code   RO         5891    i.vPortFree         heap_4.o
    0x08007a60   0x08007a60   0x00000024   Code   RO         5944    i.vPortSetupTimerInterrupt  port.o
    0x08007a84   0x08007a84   0x00000054   Code   RO         5945    i.vPortValidateInterruptPriority  port.o
    0x08007ad8   0x08007ad8   0x00000028   Code   RO         4776    i.vQueueAddToRegistry  queue.o
    0x08007b00   0x08007b00   0x00000044   Code   RO         4779    i.vQueueWaitForMessageRestricted  queue.o
    0x08007b44   0x08007b44   0x0000004c   Code   RO         5104    i.vTaskDelay        tasks.o
    0x08007b90   0x08007b90   0x00000010   Code   RO         5107    i.vTaskInternalSetTimeOutState  tasks.o
    0x08007ba0   0x08007ba0   0x0000000c   Code   RO         5108    i.vTaskMissedYield  tasks.o
    0x08007bac   0x08007bac   0x00000030   Code   RO         5110    i.vTaskPlaceOnEventList  tasks.o
    0x08007bdc   0x08007bdc   0x00000038   Code   RO         5111    i.vTaskPlaceOnEventListRestricted  tasks.o
    0x08007c14   0x08007c14   0x000000a8   Code   RO         5113    i.vTaskPriorityDisinheritAfterTimeout  tasks.o
    0x08007cbc   0x08007cbc   0x0000007c   Code   RO         5116    i.vTaskResume       tasks.o
    0x08007d38   0x08007d38   0x00000088   Code   RO         5118    i.vTaskStartScheduler  tasks.o
    0x08007dc0   0x08007dc0   0x000000bc   Code   RO         5119    i.vTaskSuspend      tasks.o
    0x08007e7c   0x08007e7c   0x00000010   Code   RO         5120    i.vTaskSuspendAll   tasks.o
    0x08007e8c   0x08007e8c   0x0000005c   Code   RO         5121    i.vTaskSwitchContext  tasks.o
    0x08007ee8   0x08007ee8   0x000000a8   Code   RO         5946    i.xPortStartScheduler  port.o
    0x08007f90   0x08007f90   0x00000016   Code   RO         4780    i.xQueueCreateMutex  queue.o
    0x08007fa6   0x08007fa6   0x0000001a   Code   RO         4781    i.xQueueCreateMutexStatic  queue.o
    0x08007fc0   0x08007fc0   0x00000048   Code   RO         4782    i.xQueueGenericCreate  queue.o
    0x08008008   0x08008008   0x00000066   Code   RO         4783    i.xQueueGenericCreateStatic  queue.o
    0x0800806e   0x0800806e   0x00000002   PAD
    0x08008070   0x08008070   0x00000088   Code   RO         4784    i.xQueueGenericReset  queue.o
    0x080080f8   0x080080f8   0x00000160   Code   RO         4785    i.xQueueGenericSend  queue.o
    0x08008258   0x08008258   0x000000bc   Code   RO         4786    i.xQueueGenericSendFromISR  queue.o
    0x08008314   0x08008314   0x0000003e   Code   RO         4788    i.xQueueGiveMutexRecursive  queue.o
    0x08008352   0x08008352   0x00000002   PAD
    0x08008354   0x08008354   0x00000138   Code   RO         4793    i.xQueueReceive     queue.o
    0x0800848c   0x0800848c   0x00000178   Code   RO         4795    i.xQueueSemaphoreTake  queue.o
    0x08008604   0x08008604   0x00000040   Code   RO         4796    i.xQueueTakeMutexRecursive  queue.o
    0x08008644   0x08008644   0x00000074   Code   RO         5122    i.xTaskCheckForTimeOut  tasks.o
    0x080086b8   0x080086b8   0x0000005a   Code   RO         5123    i.xTaskCreate       tasks.o
    0x08008712   0x08008712   0x00000056   Code   RO         5124    i.xTaskCreateStatic  tasks.o
    0x08008768   0x08008768   0x0000000c   Code   RO         5127    i.xTaskGetCurrentTaskHandle  tasks.o
    0x08008774   0x08008774   0x0000001c   Code   RO         5128    i.xTaskGetSchedulerState  tasks.o
    0x08008790   0x08008790   0x0000000c   Code   RO         5129    i.xTaskGetTickCount  tasks.o
    0x0800879c   0x0800879c   0x000000c8   Code   RO         5131    i.xTaskIncrementTick  tasks.o
    0x08008864   0x08008864   0x00000098   Code   RO         5134    i.xTaskPriorityDisinherit  tasks.o
    0x080088fc   0x080088fc   0x00000094   Code   RO         5135    i.xTaskPriorityInherit  tasks.o
    0x08008990   0x08008990   0x00000074   Code   RO         5136    i.xTaskRemoveFromEventList  tasks.o
    0x08008a04   0x08008a04   0x000000c4   Code   RO         5137    i.xTaskResumeAll    tasks.o
    0x08008ac8   0x08008ac8   0x00000088   Code   RO         5138    i.xTaskResumeFromISR  tasks.o
    0x08008b50   0x08008b50   0x00000034   Code   RO         5400    i.xTimerCreate      timers.o
    0x08008b84   0x08008b84   0x0000002e   Code   RO         5401    i.xTimerCreateStatic  timers.o
    0x08008bb2   0x08008bb2   0x00000002   PAD
    0x08008bb4   0x08008bb4   0x00000060   Code   RO         5402    i.xTimerCreateTimerTask  timers.o
    0x08008c14   0x08008c14   0x00000060   Code   RO         5403    i.xTimerGenericCommand  timers.o
    0x08008c74   0x08008c74   0x00000020   Data   RO           31    .constdata          charger.o
    0x08008c94   0x08008c94   0x0000000f   Data   RO          533    .constdata          clibration.o
    0x08008ca3   0x08008ca3   0x0000000b   Data   RO          534    .constdata          clibration.o
    0x08008cae   0x08008cae   0x0000000f   Data   RO          535    .constdata          clibration.o
    0x08008cbd   0x08008cbd   0x0000000b   Data   RO          536    .constdata          clibration.o
    0x08008cc8   0x08008cc8   0x00000008   Data   RO          537    .constdata          clibration.o
    0x08008cd0   0x08008cd0   0x00000004   Data   RO          538    .constdata          clibration.o
    0x08008cd4   0x08008cd4   0x00000008   Data   RO          539    .constdata          clibration.o
    0x08008cdc   0x08008cdc   0x00000004   Data   RO          540    .constdata          clibration.o
    0x08008ce0   0x08008ce0   0x0000000a   Data   RO          541    .constdata          clibration.o
    0x08008cea   0x08008cea   0x00000006   Data   RO          542    .constdata          clibration.o
    0x08008cf0   0x08008cf0   0x00000078   Data   RO          723    .constdata          freertos.o
    0x08008d68   0x08008d68   0x00000004   Data   RO         1217    .constdata          shell.o
    0x08008d6c   0x08008d6c   0x00000001   Data   RO         1218    .constdata          shell.o
    0x08008d6d   0x08008d6d   0x0000000d   Data   RO         1219    .constdata          shell.o
    0x08008d7a   0x08008d7a   0x00000007   Data   RO         1220    .constdata          shell.o
    0x08008d81   0x08008d81   0x00000008   Data   RO         1221    .constdata          shell.o
    0x08008d89   0x08008d89   0x00000003   Data   RO         1222    .constdata          shell.o
    0x08008d8c   0x08008d8c   0x00000005   Data   RO         1223    .constdata          shell.o
    0x08008d91   0x08008d91   0x00000006   Data   RO         1224    .constdata          shell.o
    0x08008d97   0x08008d97   0x00000005   Data   RO         1225    .constdata          shell.o
    0x08008d9c   0x08008d9c   0x00000004   Data   RO         1226    .constdata          shell.o
    0x08008da0   0x08008da0   0x0000000a   Data   RO         1227    .constdata          shell.o
    0x08008daa   0x08008daa   0x0000000a   Data   RO         1228    .constdata          shell.o
    0x08008db4   0x08008db4   0x00000007   Data   RO         1229    .constdata          shell.o
    0x08008dbb   0x08008dbb   0x00000006   Data   RO         1230    .constdata          shell.o
    0x08008dc1   0x08008dc1   0x00000006   Data   RO         1231    .constdata          shell.o
    0x08008dc7   0x08008dc7   0x00000005   Data   RO         1232    .constdata          shell.o
    0x08008dcc   0x08008dcc   0x0000001e   Data   RO         1233    .constdata          shell.o
    0x08008dea   0x08008dea   0x00000006   Data   RO         1234    .constdata          shell.o
    0x08008df0   0x08008df0   0x0000000e   Data   RO         1235    .constdata          shell.o
    0x08008dfe   0x08008dfe   0x00000005   Data   RO         1236    .constdata          shell.o
    0x08008e03   0x08008e03   0x0000000d   Data   RO         1237    .constdata          shell.o
    0x08008e10   0x08008e10   0x00000005   Data   RO         1238    .constdata          shell.o
    0x08008e15   0x08008e15   0x0000000d   Data   RO         1239    .constdata          shell.o
    0x08008e22   0x08008e22   0x00000005   Data   RO         1240    .constdata          shell.o
    0x08008e27   0x08008e27   0x0000000d   Data   RO         1241    .constdata          shell.o
    0x08008e34   0x08008e34   0x00000006   Data   RO         1242    .constdata          shell.o
    0x08008e3a   0x08008e3a   0x0000000e   Data   RO         1243    .constdata          shell.o
    0x08008e48   0x08008e48   0x00000005   Data   RO         1244    .constdata          shell.o
    0x08008e4d   0x08008e4d   0x0000001b   Data   RO         1245    .constdata          shell.o
    0x08008e68   0x08008e68   0x00000010   Data   RO         1246    .constdata          shell.o
    0x08008e78   0x08008e78   0x00000010   Data   RO         4590    .constdata          system_stm32f1xx.o
    0x08008e88   0x08008e88   0x00000008   Data   RO         4591    .constdata          system_stm32f1xx.o
    0x08008e90   0x08008e90   0x00000140   Data   RO         6016    .constdata          m_ws.l(powf.o)
    0x08008fd0   0x08008fd0   0x00000097   Data   RO          543    .conststring        clibration.o
    0x08009067   0x08009067   0x00000001   PAD
    0x08009068   0x08009068   0x00000022   Data   RO          724    .conststring        freertos.o
    0x0800908a   0x0800908a   0x00000002   PAD
    0x0800908c   0x0800908c   0x000002b9   Data   RO         1247    .conststring        shell.o
    0x08009345   0x08009345   0x00000003   PAD
    0x08009348   0x08009348   0x00000020   Data   RO         6162    Region$$Table       anon$$obj.o
    0x08009368   0x08009368   0x00000050   Data   RO          545    shellCommand        clibration.o
    0x080093b8   0x080093b8   0x00000130   Data   RO         1249    shellCommand        shell.o


    Execution Region RW_IRAM1 (Exec base: 0x20000000, Load base: 0x080094e8, Size: 0x00003778, Max: 0x00005000, ABSOLUTE, COMPRESSED[0x000000c4])

    Exec Addr    Load Addr    Size         Type   Attr      Idx    E Section Name        Object

    0x20000000   COMPRESSED   0x0000000c   Data   RW           32    .data               charger.o
    0x2000000c   COMPRESSED   0x000001f8   Data   RW           34    .data               charger.o
    0x20000204   COMPRESSED   0x00000014   Data   RW          544    .data               clibration.o
    0x20000218   COMPRESSED   0x0000001c   Data   RW          725    .data               freertos.o
    0x20000234   COMPRESSED   0x00000058   Data   RW         1248    .data               shell.o
    0x2000028c   COMPRESSED   0x0000000c   Data   RW         1986    .data               stm32f1xx_hal.o
    0x20000298   COMPRESSED   0x00000004   Data   RW         4592    .data               system_stm32f1xx.o
    0x2000029c   COMPRESSED   0x0000003c   Data   RW         5140    .data               tasks.o
    0x200002d8   COMPRESSED   0x00000014   Data   RW         5409    .data               timers.o
    0x200002ec   COMPRESSED   0x00000018   Data   RW         5896    .data               heap_4.o
    0x20000304   COMPRESSED   0x0000000c   Data   RW         5947    .data               port.o
    0x20000310   COMPRESSED   0x00000004   Data   RW         6131    .data               mc_w.l(errno.o)
    0x20000314        -       0x00000054   Zero   RW           30    .bss                charger.o
    0x20000368        -       0x00000104   Zero   RW          346    .bss                dwin.o
    0x2000046c        -       0x00000674   Zero   RW          532    .bss                clibration.o
    0x20000ae0        -       0x000005a8   Zero   RW          722    .bss                freertos.o
    0x20001088        -       0x00000194   Zero   RW          798    .bss                adc.o
    0x2000121c        -       0x000000b0   Zero   RW          870    .bss                spi.o
    0x200012cc        -       0x00000090   Zero   RW          919    .bss                tim.o
    0x2000135c        -       0x00000088   Zero   RW          973    .bss                usart.o
    0x200013e4        -       0x00000048   Zero   RW         1125    .bss                stm32f1xx_hal_timebase_tim.o
    0x2000142c        -       0x0000001d   Zero   RW         1216    .bss                shell.o
    0x20001449   COMPRESSED   0x00000003   PAD
    0x2000144c        -       0x000000f4   Zero   RW         1599    .bss                shell_port.o
    0x20001540        -       0x00000020   Zero   RW         2690    .bss                stm32f1xx_hal_flash.o
    0x20001560        -       0x00000040   Zero   RW         4797    .bss                queue.o
    0x200015a0        -       0x000000f0   Zero   RW         5139    .bss                tasks.o
    0x20001690        -       0x000000e8   Zero   RW         5408    .bss                timers.o
    0x20001778        -       0x00001800   Zero   RW         5895    .bss                heap_4.o
    0x20002f78        -       0x00000800   Zero   RW            1    STACK               startup_stm32f103xb.o


==============================================================================

Image component sizes


      Code (inc. data)   RO Data    RW Data    ZI Data      Debug   Object Name

       472         44          0          0        404       2668   adc.o
      1864        192         32        516         84     505895   charger.o
      2572        744        323         20       1652       8723   clibration.o
       514         20          0          0          0      31927   cmsis_os.o
        44          4          0          0          0        826   dma.o
       266         10          0          0        260       5551   dwin.o
         0          0          0          0          0      18048   event_groups.o
       184          8          0          0          0       2504   flash.o
       376         46        154         28       1448       5673   freertos.o
       332         24          0          0          0       1636   gpio.o
       460         24          0         24       6144       4723   heap_4.o
       138          0          0          0          0       3454   list.o
       436        114          0          0          0       2748   main.o
       248         26          0          0          0       4485   mcp4822.o
       662         70          0         12          0      11165   port.o
      2144         24          0          0         64      20632   queue.o
      4252        230       1273         88         29      45115   shell.o
       692          8          0          0          0       5146   shell_ext.o
       152         42          0          0        244       3557   shell_port.o
       316         40          0          0        176       2386   spi.o
        36          8        236          0       2048        792   startup_stm32f103xb.o
       100         18          0         12          0       5302   stm32f1xx_hal.o
      1134         56          0          0          0       8530   stm32f1xx_hal_adc.o
       158         14          0          0          0      28130   stm32f1xx_hal_cortex.o
       586         32          0          0          0       3671   stm32f1xx_hal_dma.o
       392         46          0          0         32       4770   stm32f1xx_hal_flash.o
       240         26          0          0          0       3329   stm32f1xx_hal_flash_ex.o
       514         40          0          0          0       3563   stm32f1xx_hal_gpio.o
        72         10          0          0          0        938   stm32f1xx_hal_msp.o
      1336        110          0          0          0       5869   stm32f1xx_hal_rcc.o
       236         12          0          0          0       1488   stm32f1xx_hal_rcc_ex.o
       752          4          0          0          0       4470   stm32f1xx_hal_spi.o
      1768         58          0          0          0      15746   stm32f1xx_hal_tim.o
       108         12          0          0          0       2453   stm32f1xx_hal_tim_ex.o
       116         18          0          0         72       1511   stm32f1xx_hal_timebase_tim.o
       752          6          0          0          0       5207   stm32f1xx_hal_uart.o
        66         12          0          0          0       3872   stm32f1xx_it.o
         2          0         24          4          0       1207   system_stm32f1xx.o
      2942        226          0         60        240      29503   tasks.o
       528         46          0          0        144       3157   tim.o
      1054         78          0         20        232      29175   timers.o
       300         38          0          0        136       2403   usart.o

    ----------------------------------------------------------------------
     29380       2540       2080        784      13412     851948   Object Totals
         0          0         32          0          0          0   (incl. Generated)
        64          0          6          0          3          0   (incl. Padding)

    ----------------------------------------------------------------------

      Code (inc. data)   RO Data    RW Data    ZI Data      Debug   Library Member Name

        38          0          0          0          0         68   fpclassifyf.o
        42          0          0          0          0        340   funder.o
      1568         80        320          0          0        224   powf.o
        86          0          0          0          0          0   __dczerorl2.o
         0          0          0          0          0          0   entry.o
         0          0          0          0          0          0   entry10a.o
         0          0          0          0          0          0   entry11a.o
         8          4          0          0          0          0   entry2.o
         4          0          0          0          0          0   entry5.o
         0          0          0          0          0          0   entry7b.o
         0          0          0          0          0          0   entry8b.o
         8          4          0          0          0          0   entry9a.o
        12          6          0          4          0         68   errno.o
        30          0          0          0          0          0   handlers.o
        36          8          0          0          0         68   init.o
         0          0          0          0          0          0   iusefp.o
        30          0          0          0          0         68   llshl.o
        36          0          0          0          0         68   llsshr.o
        32          0          0          0          0         68   llushr.o
        36          0          0          0          0         68   memcpya.o
        36          0          0          0          0        108   memseta.o
      2292         84          0          0          0        516   printfa.o
        28          0          0          0          0         76   strcmp.o
        14          0          0          0          0         68   strlen.o
        30          0          0          0          0         80   strncmp.o
        44          0          0          0          0         80   uidiv.o
        98          0          0          0          0         92   uldiv.o
        48          0          0          0          0         68   cdrcmple.o
        20          0          0          0          0         68   cfcmple.o
        20          0          0          0          0         68   cfrcmple.o
       334          0          0          0          0        148   dadd.o
       222          0          0          0          0        100   ddiv.o
       186          0          0          0          0        176   depilogue.o
        48          0          0          0          0         68   dfixul.o
       228          0          0          0          0         96   dmul.o
        38          0          0          0          0         68   f2d.o
       176          0          0          0          0        140   fadd.o
       124          0          0          0          0         88   fdiv.o
       110          0          0          0          0        168   fepilogue.o
        76          0          0          0          0         76   ffixir.o
        40          0          0          0          0         68   ffixui.o
        18          0          0          0          0         68   fflti.o
        10          0          0          0          0         68   ffltui.o
       100          0          0          0          0         76   fmul.o
         4          0          0          0          0         68   fpstat.o
        24          0          0          0          0         68   fscalb.o

    ----------------------------------------------------------------------
      6340        186        320          4          0       3808   Library Totals
         6          0          0          0          0          0   (incl. Padding)

    ----------------------------------------------------------------------

      Code (inc. data)   RO Data    RW Data    ZI Data      Debug   Library Name

      1648         80        320          0          0        632   m_ws.l
      2860        106          0          4          0       1428   mc_w.l
      1826          0          0          0          0       1748   mf_w.l

    ----------------------------------------------------------------------
      6340        186        320          4          0       3808   Library Totals

    ----------------------------------------------------------------------

==============================================================================


      Code (inc. data)   RO Data    RW Data    ZI Data      Debug   

     35720       2726       2400        788      13412     838256   Grand Totals
     35720       2726       2400        196      13412     838256   ELF Image Totals (compressed)
     35720       2726       2400        196          0          0   ROM Totals

==============================================================================

    Total RO  Size (Code + RO Data)                38120 (  37.23kB)
    Total RW  Size (RW Data + ZI Data)             14200 (  13.87kB)
    Total ROM Size (Code + RO Data + RW Data)      38316 (  37.42kB)

==============================================================================

